ARM GAS  C:\Users\acest\AppData\Local\Temp\ccv7lOCF.s 			page 1


   1              		.cpu cortex-m4
   2              		.arch armv7e-m
   3              		.fpu softvfp
   4              		.eabi_attribute 20, 1
   5              		.eabi_attribute 21, 1
   6              		.eabi_attribute 23, 3
   7              		.eabi_attribute 24, 1
   8              		.eabi_attribute 25, 1
   9              		.eabi_attribute 26, 1
  10              		.eabi_attribute 30, 2
  11              		.eabi_attribute 34, 1
  12              		.eabi_attribute 18, 4
  13              		.file	"hal.c"
  14              		.file 1 "../../../../../ChibiStudio/chibios2111/os/hal/src/hal.c"
  15              		.file 2 "c:\\chibistudio\\chibios2111\\os\\hal\\osal\\rt-nil\\osal.h"
  16              		.section	.gnu.debuglto_.debug_info,"e",%progbits
  17              	.Ldebug_info0:
  18              		.hidden	hal.c.480d80cc
  19              		.weak	hal.c.480d80cc
  20              	hal.c.480d80cc:
  21 0000 86000000 		.4byte	0x86
  22 0004 0400     		.2byte	0x4
  23 0006 00000000 		.4byte	.Ldebug_abbrev0
  24 000a 04       		.byte	0x4
  25 000b 01       		.uleb128 0x1
  26 000c 10010000 		.4byte	.LASF12
  27 0010 0C       		.byte	0xc
  28 0011 1B000000 		.4byte	.LASF13
  29 0015 53000000 		.4byte	.LASF14
  30 0019 00000000 		.4byte	.Ldebug_line0
  31 001d 02       		.uleb128 0x2
  32 001e 04       		.byte	0x4
  33 001f 05       		.byte	0x5
  34 0020 696E7400 		.ascii	"int\000"
  35 0024 03       		.uleb128 0x3
  36 0025 04       		.byte	0x4
  37 0026 07       		.byte	0x7
  38 0027 0E000000 		.4byte	.LASF0
  39 002b 03       		.uleb128 0x3
  40 002c 08       		.byte	0x8
  41 002d 05       		.byte	0x5
  42 002e 00000000 		.4byte	.LASF1
  43 0032 03       		.uleb128 0x3
  44 0033 08       		.byte	0x8
  45 0034 04       		.byte	0x4
  46 0035 FA000000 		.4byte	.LASF2
  47 0039 03       		.uleb128 0x3
  48 003a 01       		.byte	0x1
  49 003b 06       		.byte	0x6
  50 003c E5000000 		.4byte	.LASF3
  51 0040 03       		.uleb128 0x3
  52 0041 01       		.byte	0x1
  53 0042 08       		.byte	0x8
  54 0043 A8000000 		.4byte	.LASF4
  55 0047 03       		.uleb128 0x3
  56 0048 02       		.byte	0x2
  57 0049 05       		.byte	0x5
ARM GAS  C:\Users\acest\AppData\Local\Temp\ccv7lOCF.s 			page 2


  58 004a 06010000 		.4byte	.LASF5
  59 004e 03       		.uleb128 0x3
  60 004f 02       		.byte	0x2
  61 0050 07       		.byte	0x7
  62 0051 D2000000 		.4byte	.LASF6
  63 0055 03       		.uleb128 0x3
  64 0056 04       		.byte	0x4
  65 0057 05       		.byte	0x5
  66 0058 BB000000 		.4byte	.LASF7
  67 005c 03       		.uleb128 0x3
  68 005d 04       		.byte	0x4
  69 005e 07       		.byte	0x7
  70 005f 7F000000 		.4byte	.LASF8
  71 0063 03       		.uleb128 0x3
  72 0064 08       		.byte	0x8
  73 0065 07       		.byte	0x7
  74 0066 91000000 		.4byte	.LASF9
  75 006a 03       		.uleb128 0x3
  76 006b 01       		.byte	0x1
  77 006c 08       		.byte	0x8
  78 006d B6000000 		.4byte	.LASF10
  79 0071 03       		.uleb128 0x3
  80 0072 01       		.byte	0x1
  81 0073 02       		.byte	0x2
  82 0074 CC000000 		.4byte	.LASF11
  83 0078 04       		.uleb128 0x4
  84 0079 C4000000 		.4byte	.LASF15
  85 007d 01       		.byte	0x1
  86 007e 38       		.byte	0x38
  87 007f 06       		.byte	0x6
  88 0080 05       		.uleb128 0x5
  89 0081 F1000000 		.4byte	.LASF16
  90 0085 02       		.byte	0x2
  91 0086 1302     		.2byte	0x213
  92 0088 14       		.byte	0x14
  93 0089 00       		.byte	0
  94              		.section	.gnu.debuglto_.debug_abbrev,"e",%progbits
  95              	.Ldebug_abbrev0:
  96 0000 01       		.uleb128 0x1
  97 0001 11       		.uleb128 0x11
  98 0002 01       		.byte	0x1
  99 0003 25       		.uleb128 0x25
 100 0004 0E       		.uleb128 0xe
 101 0005 13       		.uleb128 0x13
 102 0006 0B       		.uleb128 0xb
 103 0007 03       		.uleb128 0x3
 104 0008 0E       		.uleb128 0xe
 105 0009 1B       		.uleb128 0x1b
 106 000a 0E       		.uleb128 0xe
 107 000b 10       		.uleb128 0x10
 108 000c 17       		.uleb128 0x17
 109 000d 00       		.byte	0
 110 000e 00       		.byte	0
 111 000f 02       		.uleb128 0x2
 112 0010 24       		.uleb128 0x24
 113 0011 00       		.byte	0
 114 0012 0B       		.uleb128 0xb
ARM GAS  C:\Users\acest\AppData\Local\Temp\ccv7lOCF.s 			page 3


 115 0013 0B       		.uleb128 0xb
 116 0014 3E       		.uleb128 0x3e
 117 0015 0B       		.uleb128 0xb
 118 0016 03       		.uleb128 0x3
 119 0017 08       		.uleb128 0x8
 120 0018 00       		.byte	0
 121 0019 00       		.byte	0
 122 001a 03       		.uleb128 0x3
 123 001b 24       		.uleb128 0x24
 124 001c 00       		.byte	0
 125 001d 0B       		.uleb128 0xb
 126 001e 0B       		.uleb128 0xb
 127 001f 3E       		.uleb128 0x3e
 128 0020 0B       		.uleb128 0xb
 129 0021 03       		.uleb128 0x3
 130 0022 0E       		.uleb128 0xe
 131 0023 00       		.byte	0
 132 0024 00       		.byte	0
 133 0025 04       		.uleb128 0x4
 134 0026 2E       		.uleb128 0x2e
 135 0027 00       		.byte	0
 136 0028 3F       		.uleb128 0x3f
 137 0029 19       		.uleb128 0x19
 138 002a 03       		.uleb128 0x3
 139 002b 0E       		.uleb128 0xe
 140 002c 3A       		.uleb128 0x3a
 141 002d 0B       		.uleb128 0xb
 142 002e 3B       		.uleb128 0x3b
 143 002f 0B       		.uleb128 0xb
 144 0030 39       		.uleb128 0x39
 145 0031 0B       		.uleb128 0xb
 146 0032 27       		.uleb128 0x27
 147 0033 19       		.uleb128 0x19
 148 0034 00       		.byte	0
 149 0035 00       		.byte	0
 150 0036 05       		.uleb128 0x5
 151 0037 2E       		.uleb128 0x2e
 152 0038 00       		.byte	0
 153 0039 03       		.uleb128 0x3
 154 003a 0E       		.uleb128 0xe
 155 003b 3A       		.uleb128 0x3a
 156 003c 0B       		.uleb128 0xb
 157 003d 3B       		.uleb128 0x3b
 158 003e 05       		.uleb128 0x5
 159 003f 39       		.uleb128 0x39
 160 0040 0B       		.uleb128 0xb
 161 0041 27       		.uleb128 0x27
 162 0042 19       		.uleb128 0x19
 163 0043 00       		.byte	0
 164 0044 00       		.byte	0
 165 0045 00       		.byte	0
 166              		.section	.gnu.debuglto_.debug_line,"e",%progbits
 167              	.Ldebug_line0:
 168 0000 8D000000 		.4byte	.LELT0-.LSLT0
 169              	.LSLT0:
 170 0004 0400     		.2byte	0x4
 171 0006 87000000 		.4byte	.LELTP0-.LASLTP0
ARM GAS  C:\Users\acest\AppData\Local\Temp\ccv7lOCF.s 			page 4


 172              	.LASLTP0:
 173 000a 01       		.byte	0x1
 174 000b 01       		.byte	0x1
 175 000c 01       		.byte	0x1
 176 000d F6       		.byte	0xf6
 177 000e F2       		.byte	0xf2
 178 000f 0D       		.byte	0xd
 179 0010 00       		.byte	0
 180 0011 01       		.byte	0x1
 181 0012 01       		.byte	0x1
 182 0013 01       		.byte	0x1
 183 0014 01       		.byte	0x1
 184 0015 00       		.byte	0
 185 0016 00       		.byte	0
 186 0017 00       		.byte	0
 187 0018 01       		.byte	0x1
 188 0019 00       		.byte	0
 189 001a 00       		.byte	0
 190 001b 01       		.byte	0x1
 191 001c 2E2E2F2E 		.ascii	"../../../../../ChibiStudio/chibios2111/os/hal/src"
 191      2E2F2E2E 
 191      2F2E2E2F 
 191      2E2E2F43 
 191      68696269 
 192 004d 00       		.byte	0
 193 004e 633A5C63 		.ascii	"c:\\chibistudio\\chibios2111\\os\\hal\\osal\\rt-nil"
 193      68696269 
 193      73747564 
 193      696F5C63 
 193      68696269 
 194 007b 00       		.byte	0
 195 007c 00       		.byte	0
 196 007d 68616C2E 		.ascii	"hal.c\000"
 196      6300
 197 0083 01       		.uleb128 0x1
 198 0084 00       		.uleb128 0
 199 0085 00       		.uleb128 0
 200 0086 6F73616C 		.ascii	"osal.h\000"
 200      2E6800
 201 008d 02       		.uleb128 0x2
 202 008e 00       		.uleb128 0
 203 008f 00       		.uleb128 0
 204 0090 00       		.byte	0
 205              	.LELTP0:
 206              	.LELT0:
 207              		.section	.gnu.debuglto_.debug_str,"eMS",%progbits,1
 208              	.LASF1:
 209 0000 6C6F6E67 		.ascii	"long long int\000"
 209      206C6F6E 
 209      6720696E 
 209      7400
 210              	.LASF0:
 211 000e 756E7369 		.ascii	"unsigned int\000"
 211      676E6564 
 211      20696E74 
 211      00
 212              	.LASF13:
ARM GAS  C:\Users\acest\AppData\Local\Temp\ccv7lOCF.s 			page 5


 213 001b 2E2E2F2E 		.ascii	"../../../../../ChibiStudio/chibios2111/os/hal/src/h"
 213      2E2F2E2E 
 213      2F2E2E2F 
 213      2E2E2F43 
 213      68696269 
 214 004e 616C2E63 		.ascii	"al.c\000"
 214      00
 215              	.LASF14:
 216 0053 433A5C55 		.ascii	"C:\\Users\\acest\\Desktop\\R.A.C.E\\race_project\000"
 216      73657273 
 216      5C616365 
 216      73745C44 
 216      65736B74 
 217              	.LASF8:
 218 007f 6C6F6E67 		.ascii	"long unsigned int\000"
 218      20756E73 
 218      69676E65 
 218      6420696E 
 218      7400
 219              	.LASF9:
 220 0091 6C6F6E67 		.ascii	"long long unsigned int\000"
 220      206C6F6E 
 220      6720756E 
 220      7369676E 
 220      65642069 
 221              	.LASF4:
 222 00a8 756E7369 		.ascii	"unsigned char\000"
 222      676E6564 
 222      20636861 
 222      7200
 223              	.LASF10:
 224 00b6 63686172 		.ascii	"char\000"
 224      00
 225              	.LASF7:
 226 00bb 6C6F6E67 		.ascii	"long int\000"
 226      20696E74 
 226      00
 227              	.LASF15:
 228 00c4 68616C49 		.ascii	"halInit\000"
 228      6E697400 
 229              	.LASF11:
 230 00cc 5F426F6F 		.ascii	"_Bool\000"
 230      6C00
 231              	.LASF6:
 232 00d2 73686F72 		.ascii	"short unsigned int\000"
 232      7420756E 
 232      7369676E 
 232      65642069 
 232      6E7400
 233              	.LASF3:
 234 00e5 7369676E 		.ascii	"signed char\000"
 234      65642063 
 234      68617200 
 235              	.LASF16:
 236 00f1 6F73616C 		.ascii	"osalInit\000"
 236      496E6974 
 236      00
ARM GAS  C:\Users\acest\AppData\Local\Temp\ccv7lOCF.s 			page 6


 237              	.LASF2:
 238 00fa 6C6F6E67 		.ascii	"long double\000"
 238      20646F75 
 238      626C6500 
 239              	.LASF5:
 240 0106 73686F72 		.ascii	"short int\000"
 240      7420696E 
 240      7400
 241              	.LASF12:
 242 0110 474E5520 		.ascii	"GNU C17 10.3.1 20210824 (release) -mcpu=cortex-m4 -"
 242      43313720 
 242      31302E33 
 242      2E312032 
 242      30323130 
 243 0143 6D746875 		.ascii	"mthumb -mfloat-abi=soft -march=armv7e-m -ggdb -O2 -"
 243      6D62202D 
 243      6D666C6F 
 243      61742D61 
 243      62693D73 
 244 0176 666F6D69 		.ascii	"fomit-frame-pointer -falign-functions=16 -ffunction"
 244      742D6672 
 244      616D652D 
 244      706F696E 
 244      74657220 
 245 01a9 2D736563 		.ascii	"-sections -fdata-sections -fno-common -flto\000"
 245      74696F6E 
 245      73202D66 
 245      64617461 
 245      2D736563 
 246              		.text
 247              		.section	.gnu.lto_.profile.b3bfd8ac,"e",%progbits
 248 0000 789C6362 		.ascii	"x\234cb\000\001\000\000\022\000\003"
 248      00010000 
 248      120003
 249              		.text
 250              		.section	.gnu.lto_.icf.b3bfd8ac,"e",%progbits
 251 0000 789CE360 		.ascii	"x\234\343`@\000F\206\257\227\232\3738\031\000\016\\"
 251      40004686 
 251      AF979AFB 
 251      3819000E 
 251      5C
 252 0011 02EB     		.ascii	"\002\353"
 253              		.text
 254              		.section	.gnu.lto_.ipa_sra.b3bfd8ac,"e",%progbits
 255 0000 789CE365 		.ascii	"x\234\343e@\000F\020\202A\000\001\211\000\024"
 255      40004610 
 255      82410001 
 255      890014
 256              		.text
 257              		.section	.gnu.lto_.inline.b3bfd8ac,"e",%progbits
 258 0000 789CB361 		.ascii	"x\234\263a@\000F\006\006\366\206\206\206\013L\031\214"
 258      40004606 
 258      06F68686 
 258      860B4C19 
 258      8C
 259 0011 0C4C0C0C 		.ascii	"\014L\014\014\215@v\035\003\003\033\220j`Ja\002\011"
 259      8D40761D 
ARM GAS  C:\Users\acest\AppData\Local\Temp\ccv7lOCF.s 			page 7


 259      03031B90 
 259      6A604A61 
 259      0209
 260 0023 31307231 		.ascii	"10r1`%\031\000iU\010\035"
 260      60251900 
 260      6955081D 
 261              		.text
 262              		.section	.gnu.lto_.jmpfuncs.b3bfd8ac,"e",%progbits
 263 0000 789CE364 		.ascii	"x\234\343d@\000F\030\003\000\000\333\000\013"
 263      40004618 
 263      030000DB 
 263      000B
 264              		.text
 265              		.section	.gnu.lto_.pureconst.b3bfd8ac,"e",%progbits
 266 0000 789C6361 		.ascii	"x\234ca```d\230\301\002\000\001`\000\242"
 266      60606064 
 266      98C10200 
 266      016000A2 
 267              		.text
 268              		.section	.gnu.lto_.lto.b3bfd8ac,"e",%progbits
 269 0000 09000400 		.ascii	"\011\000\004\000\001\000\000\000"
 269      01000000 
 270              		.text
 271              		.section	.gnu.lto_halInit.402.b3bfd8ac,"e",%progbits
 272 0000 789CFBC5 		.ascii	"x\234\373\305\300\3000\027\210\225\201\230\221\231\201"
 272      C0C03017 
 272      88958198 
 272      919981
 273 000f 71D2C42E 		.ascii	"q\322\304.&\206\206\206\006\007v&\306\306\211]\234\214"
 273      26868686 
 273      06077626 
 273      C6C6895D 
 273      9C8C
 274 0021 5B19C13C 		.ascii	"[\031\301<F\206z&\306z\306\311\314\232@\356\217\247"
 274      46867A26 
 274      C67AC6C9 
 274      CC9A40EE 
 274      8FA7
 275 0033 D37FF0B4 		.ascii	"\323\177\360\264J,af`\230\007\304P\300\006\3431\002"
 275      4A2C6166 
 275      609807C4 
 275      50C006E3 
 275      3102
 276 0045 F1FA4BAC 		.ascii	"\361\372K\254\007\032\376\374\357ohx\372\210q\237*P"
 276      071AFEFC 
 276      EF6F6878 
 276      FA88719F 
 276      2A50
 277 0057 AE9F1964 		.ascii	"\256\237\031dn\003\013c\303\001\006\206\011\314L\020"
 277      6E030B63 
 277      C3010686 
 277      09CC4C10 
 278 0067 4E3390F3 		.ascii	"N3\220\363\212\261\341\321w^\020\365\371a\337\265G\017"
 278      8AB1E1D1 
 278      775E10F5 
 278      F961DFB5 
 278      470F
ARM GAS  C:\Users\acest\AppData\Local\Temp\ccv7lOCF.s 			page 8


 279 0079 842042B7 		.ascii	"\204 B\267\037q\200\350O\177\037\275g\001:\203\341\003"
 279      1F7180E8 
 279      4F7F1FBD 
 279      67013A83 
 279      E103
 280 008b 63B30243 		.ascii	"c\263\002C\013#\323\022f\306y\314@;\22603\201\325Ma"
 280      0B23D312 
 280      66C679CC 
 280      403B9630 
 280      3381D54D 
 281 00a0 43956242 		.ascii	"C\225bBH\335\342B\225bFH\375@\223b\201H}blz\360\327"
 281      48DDE242 
 281      95624648 
 281      FD409362 
 281      81487D62 
 282 00b8 0BEC9F7E 		.ascii	"\013\354\237~fF\210\033\233\016\200\270:\316V1\241\305"
 282      6646881B 
 282      9B0E80B8 
 282      3ACE5631 
 282      A1C5
 283 00ca A945C531 		.ascii	"\251E\3051\211\311\251\305%1.\251\305\331%\371\0051"
 283      89C9A9C5 
 283      25312EA9 
 283      C5D925F9 
 283      0531
 284 00dc 417A8E7A 		.ascii	"Az\216z\316z\2561E@\341\370\202\242\374\254\324\344"
 284      CE7AAE31 
 284      4540E1F8 
 284      82A2FCAC 
 284      D4E4
 285 00ee 12060B3D 		.ascii	"\022\006\013==}d\344\234\221\231\224\031\\R\232\222"
 285      3D7D64E4 
 285      9C919994 
 285      195C529A 
 285      92
 286 00ff 99AF9F0C 		.ascii	"\231\257\237\014b\347\027\033\031\032\032\352\347\027"
 286      62E7171B 
 286      191A1AEA 
 286      E717
 287 010d EB6724E6 		.ascii	"\353g$\346\350\027\027%\203h\275d\006\323d\253\030\260"
 287      E8171725 
 287      8368BD64 
 287      06D364AB 
 287      18B0
 288 011f 8262B0E2 		.ascii	"\202b\260\342\030$\3051\371\3051@E@\012H\024\225\350"
 288      1824C531 
 288      F9C53140 
 288      45400A48 
 288      1495E8
 289 0132 E66542D8 		.ascii	"\346eB\330z\031\014\000\353\336\215*"
 289      7A190C00 
 289      EBDE8D2A 
 290              		.text
 291              		.section	.gnu.lto_.symbol_nodes.b3bfd8ac,"e",%progbits
 292 0000 789C758E 		.ascii	"x\234u\216K\021\2000\020C\223f\2476\220\272\305\001"
 292      4B118030 
 292      10439366 
ARM GAS  C:\Users\acest\AppData\Local\Temp\ccv7lOCF.s 			page 9


 292      A73690BA 
 292      C501
 293 0012 C34F012A 		.ascii	"\303O\001*\300\003*\360\001-\355\265\357\224\311\313"
 293      C0032AF0 
 293      012DEDB5 
 293      EF94C9CB 
 294 0022 21173261 		.ascii	"!\0272a\226#e\214\323\0158p\246\221`q\340.\347\333\030"
 294      9623658C 
 294      D30D3870 
 294      A6916071 
 294      E02EE7DB 
 295 0037 FE01CAB8 		.ascii	"\376\001\312\270Xn\362\320s\253\\=\267\310\255\343\004"
 295      586EF2D0 
 295      73AB5C3D 
 295      B7C8ADE3 
 295      04
 296 0048 AB570E0A 		.ascii	"\253W\016\012\252\361\3111\2646\012lm\304\007\332\234"
 296      AAF1C931 
 296      B4360A6C 
 296      6DC407DA 
 296      9C
 297 0059 42FD     		.ascii	"B\375"
 298              		.text
 299              		.section	.gnu.lto_.refs.b3bfd8ac,"e",%progbits
 300 0000 789C6364 		.ascii	"x\234cd\000\002\000\000\012\000\002"
 300      00020000 
 300      0A0002
 301              		.text
 302              		.section	.gnu.lto_.decls.b3bfd8ac,"e",%progbits
 303 0000 789C9D92 		.ascii	"x\234\235\222Ml\033E\024\307\337\233\261\275\353\305"
 303      4D6C1B45 
 303      14C7DF9B 
 303      B1BDEBC5 
 304 0010 C51172D4 		.ascii	"\305\021r\324\003Rd\225\003>P\273\336XITq0\244\264B"
 304      03526495 
 304      033E50BB 
 304      DE584954 
 304      7130A4B4 
 305 0025 95AA02EA 		.ascii	"\225\252\002\352\005\255d\245;Vlp\262\226\327)\3466"
 305      05AD64A5 
 305      3B566C70 
 305      B296D729 
 305      E636
 306 0037 A242E510 		.ascii	"\242B\345\020\322(mi$P\345\033\225@\250\007>J\323\320"
 306      D2286D69 
 306      2450E51B 
 306      9540A807 
 306      3E4AD3D0 
 307 004b C4298DC5 		.ascii	"\304)\215\305\207\020\037\007>\205\200\200,\340\300"
 307      87101F07 
 307      3E858080 
 307      2CE0C0
 308 005a A1870A10 		.ascii	"\241\207\012\020\345\315x\355\230r\250`\354\367\346"
 308      E5CD78ED 
 308      9872A860 
 308      ECF7E6
 309 0069 CDECEFFF 		.ascii	"\315\354\357\377\177\243\331}\231\003D\031@\003\000"
ARM GAS  C:\Users\acest\AppData\Local\Temp\ccv7lOCF.s 			page 10


 309      7FA3D97D 
 309      99034419 
 309      400300
 310 0078 6ED2A012 		.ascii	"n\322\240\022>\206\355\021\246\270L\361\016\305\032"
 310      3E86ED11 
 310      A6B84CF1 
 310      0EC51A
 311 0087 458BE22A 		.ascii	"E\213\342*\374{<\215\000d\005%\212M\212\225[\364W\003"
 311      FC7B3C8D 
 311      00640525 
 311      8A4D8A95 
 311      5BF45703 
 312 009b ED5AE075 		.ascii	"\355Z\340u\353x\221\263W~X\371&\366#\202:BH \342\347"
 312      EB7891B3 
 312      577E58F9 
 312      26F62382 
 312      3A424820 
 313 00b1 63942C78 		.ascii	"c\224,x\234CB2\311\"\2023\213[\\Xm\034I]\347y\223\245"
 313      9C434232 
 313      C9228233 
 313      8B5B5C58 
 313      6D1C495D 
 314 00c9 E296797E 		.ascii	"\342\226y~\003\207\254\260\311X\307\020V\352w|\2255"
 314      0387ACB0 
 314      C958C710 
 314      56EA777C 
 314      9535
 315 00db 23C9BC0C 		.ascii	"#\311\274\014\211\371\341\216!\331\342\241\304h\236"
 315      89F9E18E 
 315      21D9E2A1 
 315      C4689E
 316 00ea 72C768A3 		.ascii	"r\307h\243 \325\341\2209DU\307\260\256\363\346\363\021"
 316      20D5E190 
 316      394455C7 
 316      B0AEF3E6 
 316      F311
 317 00fc F1217BEE 		.ascii	"\361!{\356^l\243%\354\204\2242o\232#\361\026o\361\375"
 317      5E6CA325 
 317      EC849432 
 317      6F9A23F1 
 317      166FF1FD 
 318 0110 00A679E1 		.ascii	"\000\246y\341\265a\253c\304\311\"%\222C\"\031ocX\010"
 318      B561AB63 
 318      C4C92225 
 318      92432219 
 318      6F635808 
 319 0124 2B91023A 		.ascii	"+\221\002:\204\260\355<\263\3109d\266\321\346\030\263"
 319      84B0ED3C 
 319      B3C83964 
 319      B6D1E618 
 319      B3
 320 0135 E577BFEC 		.ascii	"\345w\277\354\264\302Vt$\231\002\020\260\237\221/\277"
 320      B4C25674 
 320      24990210 
 320      B09F912F 
 320      BF
 321 0146 D91B6850 		.ascii	"\331\033hPO\261\275DLY\314f\374`\307\000`,\011 Cf,\206"
ARM GAS  C:\Users\acest\AppData\Local\Temp\ccv7lOCF.s 			page 11


 321      4FB1BD44 
 321      4C59CC66 
 321      FC60C700 
 321      602C0920 
 322 015e 92A668E1 		.ascii	"\222\246h\341\2408l[\3201\030=J\204P2\334VZ\021@d\010"
 322      A0386C5B 
 322      D031183D 
 322      4A845032 
 322      DC565A11 
 323 0175 DD9F4A18 		.ascii	"\335\237J\030$TK\354\276\311^\027\275OW\332U\200.\203"
 323      24544BEC 
 323      BEC95E17 
 323      BD4F57DA 
 323      55802E83 
 324 0189 DDFE14D4 		.ascii	"\335\376\024\324\012`\201\017\013^\014v5A\023\225\007"
 324      0A60810F 
 324      0B5E0C76 
 324      35411395 
 324      07
 325 019a CCFB0806 		.ascii	"\314\373\010\006H\317\247\253\011\200\2766(U\017\015"
 325      48CFA7AB 
 325      0980BE36 
 325      28550F0D 
 326 01aa B3418DD6 		.ascii	"\263A\215\326\375\343\340\333\226\320\267\355\035\011"
 326      FDE3E0DB 
 326      96D0B7ED 
 326      1D09
 327 01b8 B0F7D9AC 		.ascii	"\260\367\331\254\237\372\352D\370'\2726\271\234\300"
 327      9FFAEA44 
 327      F827BA36 
 327      B99CC0
 328 01c7 E1C53C20 		.ascii	"\341\305< \277\033\370=\220\221z|?\013\370V\027\026"
 328      BF1BF83D 
 328      90917A7C 
 328      3F0BF856 
 328      1716
 329 01d9 772C71BC 		.ascii	"w,q\274\013\031\345\004\016\221\364\304\312\302\373"
 329      0B19E504 
 329      0E91F4C4 
 329      CAC2FB
 330 01e8 D64E827E 		.ascii	"\326N\202~\2252\201%\274\204\370\266\352\272B\015=m"
 330      95328125 
 330      BC84F8B6 
 330      EABA420D 
 330      3D6D
 331 01fa FEC2A71F 		.ascii	"\376\302\247\037<\033\337\265\274,o|\261\271\365\314"
 331      3C1BDFB5 
 331      BC2C6F7C 
 331      B1B9F5CC 
 332 020a C8B5E3F2 		.ascii	"\310\265\343\362\274\372J\210\3007\021/j_\252\000\337"
 332      BCFA4A88 
 332      C037112F 
 332      6A5FAA00 
 332      DF
 333 021b 407C1D45 		.ascii	"@|\035E\203\177\211J\266\325\234_4v-Kyc\351\344\302"
 333      837F894A 
 333      B6D59C5F 
ARM GAS  C:\Users\acest\AppData\Local\Temp\ccv7lOCF.s 			page 12


 333      34762D4B 
 333      7963E9E4 
 334 0230 F1C84BB2 		.ascii	"\361\310K\262\305\224d\265/Y\325\023?\303\024\275\360"
 334      C59464B5 
 334      2F59D513 
 334      3FC314BD 
 334      F0
 335 0241 E7B7F72B 		.ascii	"\347\267\367+\370\342_K\235Gz\354\225>{\245\313ni\366"
 335      F8E25F4B 
 335      9D477AEC 
 335      953E7BA5 
 335      CB6E69F6 
 336 0255 F4D6EA29 		.ascii	"\364\326\352)\256\341\317\316\376|\322h\246\024\273"
 336      AEE1CFCE 
 336      FE7CD268 
 336      A614BB
 337 0264 DE67D7BB 		.ascii	"\336g\327\273\354%\256\330\263\235\371O\356\324\354"
 337      EC25AED8 
 337      B39DF94F 
 337      EED4EC
 338 0273 B9731F3D 		.ascii	"\271s\037=\3253\336\350\303\033z\322w\022\322w\222$"
 338      D533DEE8 
 338      C31B7AD2 
 338      7712D277 
 338      9224
 339 0285 D17B5F5F 		.ascii	"\321{__\370\303\214\255I\371\233l\266BJp\015\361]u+"
 339      F8C38CAD 
 339      49F99B6C 
 339      B6424A70 
 339      0DF15D75 
 340 029a 9B0AE7D9 		.ascii	"\233\012\347\3311\210N\325f\216\215\027w\317\200\345"
 340      31884ED5 
 340      668E8D17 
 340      77CF80E5 
 341 02aa 7AB57AB1 		.ascii	"z\265z\261\261{&\007Fi\252\362\360l\271>\236Ng\006\377"
 341      B17B2607 
 341      4669AAF2 
 341      F06CB93E 
 341      9E4E6706 
 342 02bf 93A5F2D1 		.ascii	"\223\245\362\321\362c\3659Q\3662\256\252=\337\316f\263"
 342      F263F539 
 342      51F632AE 
 342      AA3DDFCE 
 342      66B3
 343 02d1 19CFCF90 		.ascii	"\031\317\317\220\"\343\327\\5\247]\363\300\241#\311"
 343      22E3D75C 
 343      35A75DF3 
 343      C0A123C9 
 344 02e1 C9EC38C4 		.ascii	"\311\3548\304\3652\235\233\330#&\366\270.\3347\271\327"
 344      F5329D9B 
 344      D82326F6 
 344      B82EDC37 
 344      B9D7
 345 02f3 39E2176B 		.ascii	"9\342\027k\2763\345\026\375\272\263\257\350?Y\367\252"
 345      BE33E516 
 345      FDBAB3AF 
 345      E83F59F7 
ARM GAS  C:\Users\acest\AppData\Local\Temp\ccv7lOCF.s 			page 13


 345      AA
 346 0304 CEA3E907 		.ascii	"\316\243\351\007\322\223\351\207\234\032m\027\2525\357"
 346      D293E987 
 346      9C1A6D17 
 346      AA35EF
 347 0313 89A25B87 		.ascii	"\211\242[\207\211\377\331\035\"~]\235~\324\335\353h"
 347      89FFD91D 
 347      227E5D9D 
 347      7ED4DDEB 
 347      68
 348 0324 CED71A67 		.ascii	"\316\327\032g@\343x\276C\254S\236u+s\242\250\352\202"
 348      40E378BE 
 348      43AC539E 
 348      752B73A2 
 348      A8EA82
 349 0337 5F4F9720 		.ascii	"_O\227 z\324\233\252\011\245\336w{\265f}\307\257\027"
 349      7AD49BAA 
 349      09A5DE77 
 349      7BB5667D 
 349      C7AF17
 350 034a 66E7DC4A 		.ascii	"f\347\334J\321\033\313\025\246s\343\271Z\261\373\204"
 350      D11BCB15 
 350      A673E3B9 
 350      5AB1FB84 
 351 035a EC7614AA 		.ascii	"\354v\024\252\344\\\251\210B\231,\017\334\336\262J\357"
 351      E45CA988 
 351      42992C0F 
 351      DCDEB24A 
 351      EF
 352 036b 4039CE8C 		.ascii	"@9\316\214\332\016\311\234\351j\331;f\353\363\005N\344"
 352      DA0EC99C 
 352      E96AD93B 
 352      66EBF305 
 352      4EE4
 353 037d 1A2B0D98 		.ascii	"\032+\015\230>\370\337Lu\236\3165\032N\251\357\3677"
 353      3EF8DF4C 
 353      759ECE35 
 353      1A4EA9EF 
 353      F737
 354 038f AB19A4A9 		.ascii	"\253\031\244\251"
 355              		.text
 356              		.section	.gnu.lto_.symtab.b3bfd8ac,"e",%progbits
 357 0000 68616C49 		.ascii	"halInit\000"
 357      6E697400 
 358 0008 00       		.ascii	"\000"
 359 0009 00       		.ascii	"\000"
 360 000a 00       		.ascii	"\000"
 361 000b 00000000 		.ascii	"\000\000\000\000\000\000\000\000"
 361      00000000 
 362 0013 BC000000 		.ascii	"\274\000\000\000"
 363 0017 7374496E 		.ascii	"stInit\000"
 363      697400
 364 001e 00       		.ascii	"\000"
 365 001f 02       		.ascii	"\002"
 366 0020 00       		.ascii	"\000"
 367 0021 00000000 		.ascii	"\000\000\000\000\000\000\000\000"
 367      00000000 
ARM GAS  C:\Users\acest\AppData\Local\Temp\ccv7lOCF.s 			page 14


 368 0029 BE000000 		.ascii	"\276\000\000\000"
 369 002d 626F6172 		.ascii	"boardInit\000"
 369      64496E69 
 369      7400
 370 0037 00       		.ascii	"\000"
 371 0038 02       		.ascii	"\002"
 372 0039 00       		.ascii	"\000"
 373 003a 00000000 		.ascii	"\000\000\000\000\000\000\000\000"
 373      00000000 
 374 0042 C0000000 		.ascii	"\300\000\000\000"
 375 0046 5F70616C 		.ascii	"_pal_lld_init\000"
 375      5F6C6C64 
 375      5F696E69 
 375      7400
 376 0054 00       		.ascii	"\000"
 377 0055 02       		.ascii	"\002"
 378 0056 00       		.ascii	"\000"
 379 0057 00000000 		.ascii	"\000\000\000\000\000\000\000\000"
 379      00000000 
 380 005f C2000000 		.ascii	"\302\000\000\000"
 381 0063 68616C5F 		.ascii	"hal_lld_init\000"
 381      6C6C645F 
 381      696E6974 
 381      00
 382 0070 00       		.ascii	"\000"
 383 0071 02       		.ascii	"\002"
 384 0072 00       		.ascii	"\000"
 385 0073 00000000 		.ascii	"\000\000\000\000\000\000\000\000"
 385      00000000 
 386 007b C4000000 		.ascii	"\304\000\000\000"
 387              		.text
 388              		.section	.gnu.lto_.ext_symtab.b3bfd8ac,"e",%progbits
 389 0000 01       		.ascii	"\001"
 390 0001 01       		.ascii	"\001"
 391 0002 00       		.ascii	"\000"
 392 0003 01       		.ascii	"\001"
 393 0004 00       		.ascii	"\000"
 394 0005 01       		.ascii	"\001"
 395 0006 00       		.ascii	"\000"
 396 0007 01       		.ascii	"\001"
 397 0008 00       		.ascii	"\000"
 398 0009 01       		.ascii	"\001"
 399 000a 00       		.ascii	"\000"
 400              		.text
 401              		.section	.gnu.lto_.opts,"e",%progbits
 402 0000 272D666E 		.ascii	"'-fno-openmp' '-fno-openacc' '-fno-pie' '-fcf-prote"
 402      6F2D6F70 
 402      656E6D70 
 402      2720272D 
 402      666E6F2D 
 403 0033 6374696F 		.ascii	"ction=none' '-g' '-mcpu=cortex-m4' '-mthumb' '-mflo"
 403      6E3D6E6F 
 403      6E652720 
 403      272D6727 
 403      20272D6D 
 404 0066 61742D61 		.ascii	"at-abi=soft' '-mlibarch=armv7e-m' '-march=armv7e-m'"
 404      62693D73 
ARM GAS  C:\Users\acest\AppData\Local\Temp\ccv7lOCF.s 			page 15


 404      6F667427 
 404      20272D6D 
 404      6C696261 
 405 0099 20272D4F 		.ascii	" '-O2' '-fomit-frame-pointer' '-falign-functions=16"
 405      32272027 
 405      2D666F6D 
 405      69742D66 
 405      72616D65 
 406 00cc 2720272D 		.ascii	"' '-ffunction-sections' '-fdata-sections' '-fno-com"
 406      6666756E 
 406      6374696F 
 406      6E2D7365 
 406      6374696F 
 407 00ff 6D6F6E27 		.ascii	"mon' '-flto' '-Xassembler' '-alms=./build/lst/hal.l"
 407      20272D66 
 407      6C746F27 
 407      20272D58 
 407      61737365 
 408 0132 73742700 		.ascii	"st'\000"
 409              		.text
 410              		.comm	__gnu_lto_slim,1,1
 411              		.ident	"GCC: (GNU Arm Embedded Toolchain 10.3-2021.10) 10.3.1 20210824 (release)"
ARM GAS  C:\Users\acest\AppData\Local\Temp\ccv7lOCF.s 			page 16


DEFINED SYMBOLS
                            *ABS*:00000000 hal.c
C:\Users\acest\AppData\Local\Temp\ccv7lOCF.s:20     .gnu.debuglto_.debug_info:00000000 hal.c.480d80cc
                            *COM*:00000001 __gnu_lto_slim

NO UNDEFINED SYMBOLS
