ARM GAS  C:\Users\acest\AppData\Local\Temp\ccJk6qcZ.s 			page 1


   1              		.cpu cortex-m4
   2              		.arch armv7e-m
   3              		.fpu softvfp
   4              		.eabi_attribute 20, 1
   5              		.eabi_attribute 21, 1
   6              		.eabi_attribute 23, 3
   7              		.eabi_attribute 24, 1
   8              		.eabi_attribute 25, 1
   9              		.eabi_attribute 26, 1
  10              		.eabi_attribute 30, 2
  11              		.eabi_attribute 34, 1
  12              		.eabi_attribute 18, 4
  13              		.file	"hal_st.c"
  14              		.file 1 "c:\\chibistudio\\tools\\gnu tools arm embedded\\10.3 2021.10\\arm-none-eabi\\include\\mac
  15              		.file 2 "c:\\chibistudio\\tools\\gnu tools arm embedded\\10.3 2021.10\\arm-none-eabi\\include\\sys
  16              		.file 3 "c:\\chibistudio\\chibios2111\\os\\rt\\include\\chtime.h"
  17              		.file 4 "c:\\chibistudio\\chibios2111\\os\\hal\\ports\\stm32\\lld\\timv1\\stm32_tim.h"
  18              		.file 5 "../../../../../ChibiStudio/chibios2111/os/hal/src/hal_st.c"
  19              		.file 6 "c:\\chibistudio\\chibios2111\\os\\hal\\ports\\stm32\\lld\\systickv1\\hal_st_lld.h"
  20              		.section	.gnu.debuglto_.debug_info,"e",%progbits
  21              	.Ldebug_info0:
  22              		.hidden	hal_st.c.0a603dd1
  23              		.weak	hal_st.c.0a603dd1
  24              	hal_st.c.0a603dd1:
  25 0000 7D030000 		.4byte	0x37d
  26 0004 0400     		.2byte	0x4
  27 0006 00000000 		.4byte	.Ldebug_abbrev0
  28 000a 04       		.byte	0x4
  29 000b 01       		.uleb128 0x1
  30 000c 5B000000 		.4byte	.LASF41
  31 0010 0C       		.byte	0xc
  32 0011 E8010000 		.4byte	.LASF42
  33 0015 9A020000 		.4byte	.LASF43
  34 0019 00000000 		.4byte	.Ldebug_line0
  35 001d 02       		.uleb128 0x2
  36 001e 04       		.byte	0x4
  37 001f 05       		.byte	0x5
  38 0020 696E7400 		.ascii	"int\000"
  39 0024 03       		.uleb128 0x3
  40 0025 04       		.byte	0x4
  41 0026 07       		.byte	0x7
  42 0027 D6010000 		.4byte	.LASF0
  43 002b 03       		.uleb128 0x3
  44 002c 08       		.byte	0x8
  45 002d 05       		.byte	0x5
  46 002e 42020000 		.4byte	.LASF1
  47 0032 03       		.uleb128 0x3
  48 0033 08       		.byte	0x8
  49 0034 04       		.byte	0x4
  50 0035 C6020000 		.4byte	.LASF2
  51 0039 03       		.uleb128 0x3
  52 003a 01       		.byte	0x1
  53 003b 06       		.byte	0x6
  54 003c D2020000 		.4byte	.LASF3
  55 0040 03       		.uleb128 0x3
  56 0041 01       		.byte	0x1
  57 0042 08       		.byte	0x8
ARM GAS  C:\Users\acest\AppData\Local\Temp\ccJk6qcZ.s 			page 2


  58 0043 99010000 		.4byte	.LASF4
  59 0047 03       		.uleb128 0x3
  60 0048 02       		.byte	0x2
  61 0049 05       		.byte	0x5
  62 004a 3F000000 		.4byte	.LASF5
  63 004e 03       		.uleb128 0x3
  64 004f 02       		.byte	0x2
  65 0050 07       		.byte	0x7
  66 0051 2C000000 		.4byte	.LASF6
  67 0055 03       		.uleb128 0x3
  68 0056 04       		.byte	0x4
  69 0057 05       		.byte	0x5
  70 0058 86020000 		.4byte	.LASF7
  71 005c 04       		.uleb128 0x4
  72 005d A7010000 		.4byte	.LASF10
  73 0061 01       		.byte	0x1
  74 0062 4F       		.byte	0x4f
  75 0063 19       		.byte	0x19
  76 0064 68000000 		.4byte	0x68
  77 0068 03       		.uleb128 0x3
  78 0069 04       		.byte	0x4
  79 006a 07       		.byte	0x7
  80 006b 87010000 		.4byte	.LASF8
  81 006f 03       		.uleb128 0x3
  82 0070 08       		.byte	0x8
  83 0071 07       		.byte	0x7
  84 0072 E4020000 		.4byte	.LASF9
  85 0076 04       		.uleb128 0x4
  86 0077 7D020000 		.4byte	.LASF11
  87 007b 02       		.byte	0x2
  88 007c 30       		.byte	0x30
  89 007d 14       		.byte	0x14
  90 007e 5C000000 		.4byte	0x5c
  91 0082 05       		.uleb128 0x5
  92 0083 76000000 		.4byte	0x76
  93 0087 03       		.uleb128 0x3
  94 0088 01       		.byte	0x1
  95 0089 08       		.byte	0x8
  96 008a E3010000 		.4byte	.LASF12
  97 008e 06       		.uleb128 0x6
  98 008f 87000000 		.4byte	0x87
  99 0093 04       		.uleb128 0x4
 100 0094 22000000 		.4byte	.LASF13
 101 0098 03       		.byte	0x3
 102 0099 6D       		.byte	0x6d
 103 009a 12       		.byte	0x12
 104 009b 76000000 		.4byte	0x76
 105 009f 07       		.uleb128 0x7
 106 00a0 82000000 		.4byte	0x82
 107 00a4 AF000000 		.4byte	0xaf
 108 00a8 08       		.uleb128 0x8
 109 00a9 24000000 		.4byte	0x24
 110 00ad 01       		.byte	0x1
 111 00ae 00       		.byte	0
 112 00af 05       		.uleb128 0x5
 113 00b0 9F000000 		.4byte	0x9f
 114 00b4 07       		.uleb128 0x7
ARM GAS  C:\Users\acest\AppData\Local\Temp\ccJk6qcZ.s 			page 3


 115 00b5 82000000 		.4byte	0x82
 116 00b9 C4000000 		.4byte	0xc4
 117 00bd 08       		.uleb128 0x8
 118 00be 24000000 		.4byte	0x24
 119 00c2 03       		.byte	0x3
 120 00c3 00       		.byte	0
 121 00c4 05       		.uleb128 0x5
 122 00c5 B4000000 		.4byte	0xb4
 123 00c9 03       		.uleb128 0x3
 124 00ca 01       		.byte	0x1
 125 00cb 02       		.byte	0x2
 126 00cc DE020000 		.4byte	.LASF14
 127 00d0 09       		.uleb128 0x9
 128 00d1 E403     		.2byte	0x3e4
 129 00d3 04       		.byte	0x4
 130 00d4 F601     		.2byte	0x1f6
 131 00d6 09       		.byte	0x9
 132 00d7 48020000 		.4byte	0x248
 133 00db 0A       		.uleb128 0xa
 134 00dc 43523100 		.ascii	"CR1\000"
 135 00e0 04       		.byte	0x4
 136 00e1 F701     		.2byte	0x1f7
 137 00e3 19       		.byte	0x19
 138 00e4 82000000 		.4byte	0x82
 139 00e8 00       		.byte	0
 140 00e9 0A       		.uleb128 0xa
 141 00ea 43523200 		.ascii	"CR2\000"
 142 00ee 04       		.byte	0x4
 143 00ef F801     		.2byte	0x1f8
 144 00f1 19       		.byte	0x19
 145 00f2 82000000 		.4byte	0x82
 146 00f6 04       		.byte	0x4
 147 00f7 0B       		.uleb128 0xb
 148 00f8 66020000 		.4byte	.LASF15
 149 00fc 04       		.byte	0x4
 150 00fd F901     		.2byte	0x1f9
 151 00ff 19       		.byte	0x19
 152 0100 82000000 		.4byte	0x82
 153 0104 08       		.byte	0x8
 154 0105 0B       		.uleb128 0xb
 155 0106 36010000 		.4byte	.LASF16
 156 010a 04       		.byte	0x4
 157 010b FA01     		.2byte	0x1fa
 158 010d 19       		.byte	0x19
 159 010e 82000000 		.4byte	0x82
 160 0112 0C       		.byte	0xc
 161 0113 0A       		.uleb128 0xa
 162 0114 535200   		.ascii	"SR\000"
 163 0117 04       		.byte	0x4
 164 0118 FB01     		.2byte	0x1fb
 165 011a 19       		.byte	0x19
 166 011b 82000000 		.4byte	0x82
 167 011f 10       		.byte	0x10
 168 0120 0A       		.uleb128 0xa
 169 0121 45475200 		.ascii	"EGR\000"
 170 0125 04       		.byte	0x4
 171 0126 FC01     		.2byte	0x1fc
ARM GAS  C:\Users\acest\AppData\Local\Temp\ccJk6qcZ.s 			page 4


 172 0128 19       		.byte	0x19
 173 0129 82000000 		.4byte	0x82
 174 012d 14       		.byte	0x14
 175 012e 0B       		.uleb128 0xb
 176 012f 6B020000 		.4byte	.LASF17
 177 0133 04       		.byte	0x4
 178 0134 FD01     		.2byte	0x1fd
 179 0136 19       		.byte	0x19
 180 0137 82000000 		.4byte	0x82
 181 013b 18       		.byte	0x18
 182 013c 0B       		.uleb128 0xb
 183 013d 71020000 		.4byte	.LASF18
 184 0141 04       		.byte	0x4
 185 0142 FE01     		.2byte	0x1fe
 186 0144 19       		.byte	0x19
 187 0145 82000000 		.4byte	0x82
 188 0149 1C       		.byte	0x1c
 189 014a 0B       		.uleb128 0xb
 190 014b 61020000 		.4byte	.LASF19
 191 014f 04       		.byte	0x4
 192 0150 FF01     		.2byte	0x1ff
 193 0152 19       		.byte	0x19
 194 0153 82000000 		.4byte	0x82
 195 0157 20       		.byte	0x20
 196 0158 0A       		.uleb128 0xa
 197 0159 434E5400 		.ascii	"CNT\000"
 198 015d 04       		.byte	0x4
 199 015e 0002     		.2byte	0x200
 200 0160 19       		.byte	0x19
 201 0161 82000000 		.4byte	0x82
 202 0165 24       		.byte	0x24
 203 0166 0A       		.uleb128 0xa
 204 0167 50534300 		.ascii	"PSC\000"
 205 016b 04       		.byte	0x4
 206 016c 0102     		.2byte	0x201
 207 016e 19       		.byte	0x19
 208 016f 82000000 		.4byte	0x82
 209 0173 28       		.byte	0x28
 210 0174 0A       		.uleb128 0xa
 211 0175 41525200 		.ascii	"ARR\000"
 212 0179 04       		.byte	0x4
 213 017a 0202     		.2byte	0x202
 214 017c 19       		.byte	0x19
 215 017d 82000000 		.4byte	0x82
 216 0181 2C       		.byte	0x2c
 217 0182 0A       		.uleb128 0xa
 218 0183 52435200 		.ascii	"RCR\000"
 219 0187 04       		.byte	0x4
 220 0188 0302     		.2byte	0x203
 221 018a 19       		.byte	0x19
 222 018b 82000000 		.4byte	0x82
 223 018f 30       		.byte	0x30
 224 0190 0A       		.uleb128 0xa
 225 0191 43435200 		.ascii	"CCR\000"
 226 0195 04       		.byte	0x4
 227 0196 0402     		.2byte	0x204
 228 0198 19       		.byte	0x19
ARM GAS  C:\Users\acest\AppData\Local\Temp\ccJk6qcZ.s 			page 5


 229 0199 C4000000 		.4byte	0xc4
 230 019d 34       		.byte	0x34
 231 019e 0B       		.uleb128 0xb
 232 019f 00000000 		.4byte	.LASF20
 233 01a3 04       		.byte	0x4
 234 01a4 0502     		.2byte	0x205
 235 01a6 19       		.byte	0x19
 236 01a7 82000000 		.4byte	0x82
 237 01ab 44       		.byte	0x44
 238 01ac 0B       		.uleb128 0xb
 239 01ad FB020000 		.4byte	.LASF21
 240 01b1 04       		.byte	0x4
 241 01b2 0702     		.2byte	0x207
 242 01b4 19       		.byte	0x19
 243 01b5 AF000000 		.4byte	0xaf
 244 01b9 48       		.byte	0x48
 245 01ba 0B       		.uleb128 0xb
 246 01bb 77020000 		.4byte	.LASF22
 247 01bf 04       		.byte	0x4
 248 01c0 0802     		.2byte	0x208
 249 01c2 19       		.byte	0x19
 250 01c3 82000000 		.4byte	0x82
 251 01c7 50       		.byte	0x50
 252 01c8 0B       		.uleb128 0xb
 253 01c9 36020000 		.4byte	.LASF23
 254 01cd 04       		.byte	0x4
 255 01ce 0902     		.2byte	0x209
 256 01d0 19       		.byte	0x19
 257 01d1 82000000 		.4byte	0x82
 258 01d5 54       		.byte	0x54
 259 01d6 0A       		.uleb128 0xa
 260 01d7 45435200 		.ascii	"ECR\000"
 261 01db 04       		.byte	0x4
 262 01dc 0A02     		.2byte	0x20a
 263 01de 19       		.byte	0x19
 264 01df 82000000 		.4byte	0x82
 265 01e3 58       		.byte	0x58
 266 01e4 0B       		.uleb128 0xb
 267 01e5 23020000 		.4byte	.LASF24
 268 01e9 04       		.byte	0x4
 269 01ea 0B02     		.2byte	0x20b
 270 01ec 19       		.byte	0x19
 271 01ed 82000000 		.4byte	0x82
 272 01f1 5C       		.byte	0x5c
 273 01f2 0A       		.uleb128 0xa
 274 01f3 41463100 		.ascii	"AF1\000"
 275 01f7 04       		.byte	0x4
 276 01f8 0C02     		.2byte	0x20c
 277 01fa 19       		.byte	0x19
 278 01fb 82000000 		.4byte	0x82
 279 01ff 60       		.byte	0x60
 280 0200 0A       		.uleb128 0xa
 281 0201 41463200 		.ascii	"AF2\000"
 282 0205 04       		.byte	0x4
 283 0206 0D02     		.2byte	0x20d
 284 0208 19       		.byte	0x19
 285 0209 82000000 		.4byte	0x82
ARM GAS  C:\Users\acest\AppData\Local\Temp\ccJk6qcZ.s 			page 6


 286 020d 64       		.byte	0x64
 287 020e 0A       		.uleb128 0xa
 288 020f 4F5200   		.ascii	"OR\000"
 289 0212 04       		.byte	0x4
 290 0213 0E02     		.2byte	0x20e
 291 0215 19       		.byte	0x19
 292 0216 82000000 		.4byte	0x82
 293 021a 68       		.byte	0x68
 294 021b 0B       		.uleb128 0xb
 295 021c 2C010000 		.4byte	.LASF25
 296 0220 04       		.byte	0x4
 297 0221 0F02     		.2byte	0x20f
 298 0223 19       		.byte	0x19
 299 0224 58020000 		.4byte	0x258
 300 0228 6C       		.byte	0x6c
 301 0229 0C       		.uleb128 0xc
 302 022a 44435200 		.ascii	"DCR\000"
 303 022e 04       		.byte	0x4
 304 022f 1002     		.2byte	0x210
 305 0231 19       		.byte	0x19
 306 0232 82000000 		.4byte	0x82
 307 0236 DC03     		.2byte	0x3dc
 308 0238 0D       		.uleb128 0xd
 309 0239 B2010000 		.4byte	.LASF26
 310 023d 04       		.byte	0x4
 311 023e 1102     		.2byte	0x211
 312 0240 19       		.byte	0x19
 313 0241 82000000 		.4byte	0x82
 314 0245 E003     		.2byte	0x3e0
 315 0247 00       		.byte	0
 316 0248 07       		.uleb128 0x7
 317 0249 82000000 		.4byte	0x82
 318 024d 58020000 		.4byte	0x258
 319 0251 08       		.uleb128 0x8
 320 0252 24000000 		.4byte	0x24
 321 0256 DB       		.byte	0xdb
 322 0257 00       		.byte	0
 323 0258 05       		.uleb128 0x5
 324 0259 48020000 		.4byte	0x248
 325 025d 0E       		.uleb128 0xe
 326 025e 20010000 		.4byte	.LASF27
 327 0262 04       		.byte	0x4
 328 0263 1902     		.2byte	0x219
 329 0265 03       		.byte	0x3
 330 0266 D0000000 		.4byte	0xd0
 331 026a 0F       		.uleb128 0xf
 332 026b 05000000 		.4byte	.LASF32
 333 026f 05       		.byte	0x5
 334 0270 B3       		.byte	0xb3
 335 0271 06       		.byte	0x6
 336 0272 C9000000 		.4byte	0xc9
 337 0276 10       		.uleb128 0x10
 338 0277 00030000 		.4byte	.LASF44
 339 027b 05       		.byte	0x5
 340 027c A3       		.byte	0xa3
 341 027d 0B       		.byte	0xb
 342 027e 93000000 		.4byte	0x93
ARM GAS  C:\Users\acest\AppData\Local\Temp\ccJk6qcZ.s 			page 7


 343 0282 90020000 		.4byte	0x290
 344 0286 11       		.uleb128 0x11
 345 0287 3B010000 		.4byte	.LASF28
 346 028b A0020000 		.4byte	0x2a0
 347 028f 00       		.byte	0
 348 0290 07       		.uleb128 0x7
 349 0291 8E000000 		.4byte	0x8e
 350 0295 A0020000 		.4byte	0x2a0
 351 0299 08       		.uleb128 0x8
 352 029a 24000000 		.4byte	0x24
 353 029e 0A       		.byte	0xa
 354 029f 00       		.byte	0
 355 02a0 06       		.uleb128 0x6
 356 02a1 90020000 		.4byte	0x290
 357 02a5 12       		.uleb128 0x12
 358 02a6 8F020000 		.4byte	.LASF29
 359 02aa 05       		.byte	0x5
 360 02ab 93       		.byte	0x93
 361 02ac 06       		.byte	0x6
 362 02ad C7020000 		.4byte	0x2c7
 363 02b1 13       		.uleb128 0x13
 364 02b2 68010000 		.4byte	.LASF31
 365 02b6 05       		.byte	0x5
 366 02b7 93       		.byte	0x93
 367 02b8 1B       		.byte	0x1b
 368 02b9 93000000 		.4byte	0x93
 369 02bd 11       		.uleb128 0x11
 370 02be 3B010000 		.4byte	.LASF28
 371 02c2 A0020000 		.4byte	0x2a0
 372 02c6 00       		.byte	0
 373 02c7 14       		.uleb128 0x14
 374 02c8 B7010000 		.4byte	.LASF34
 375 02cc 05       		.byte	0x5
 376 02cd 85       		.byte	0x85
 377 02ce 06       		.byte	0x6
 378 02cf 12       		.uleb128 0x12
 379 02d0 29020000 		.4byte	.LASF30
 380 02d4 05       		.byte	0x5
 381 02d5 77       		.byte	0x77
 382 02d6 06       		.byte	0x6
 383 02d7 F1020000 		.4byte	0x2f1
 384 02db 13       		.uleb128 0x13
 385 02dc 68010000 		.4byte	.LASF31
 386 02e0 05       		.byte	0x5
 387 02e1 77       		.byte	0x77
 388 02e2 1D       		.byte	0x1d
 389 02e3 93000000 		.4byte	0x93
 390 02e7 11       		.uleb128 0x11
 391 02e8 3B010000 		.4byte	.LASF28
 392 02ec 01030000 		.4byte	0x301
 393 02f0 00       		.byte	0
 394 02f1 07       		.uleb128 0x7
 395 02f2 8E000000 		.4byte	0x8e
 396 02f6 01030000 		.4byte	0x301
 397 02fa 08       		.uleb128 0x8
 398 02fb 24000000 		.4byte	0x24
 399 02ff 0C       		.byte	0xc
ARM GAS  C:\Users\acest\AppData\Local\Temp\ccJk6qcZ.s 			page 8


 400 0300 00       		.byte	0
 401 0301 06       		.uleb128 0x6
 402 0302 F1020000 		.4byte	0x2f1
 403 0306 0F       		.uleb128 0xf
 404 0307 15000000 		.4byte	.LASF33
 405 030b 05       		.byte	0x5
 406 030c 67       		.byte	0x67
 407 030d 0B       		.byte	0xb
 408 030e 93000000 		.4byte	0x93
 409 0312 14       		.uleb128 0x14
 410 0313 3B020000 		.4byte	.LASF35
 411 0317 05       		.byte	0x5
 412 0318 45       		.byte	0x45
 413 0319 06       		.byte	0x6
 414 031a 15       		.uleb128 0x15
 415 031b 70010000 		.4byte	.LASF36
 416 031f 06       		.byte	0x6
 417 0320 0003     		.2byte	0x300
 418 0322 14       		.byte	0x14
 419 0323 C9000000 		.4byte	0xc9
 420 0327 15       		.uleb128 0x15
 421 0328 50020000 		.4byte	.LASF37
 422 032c 06       		.byte	0x6
 423 032d F202     		.2byte	0x2f2
 424 032f 19       		.byte	0x19
 425 0330 93000000 		.4byte	0x93
 426 0334 16       		.uleb128 0x16
 427 0335 57010000 		.4byte	.LASF38
 428 0339 06       		.byte	0x6
 429 033a E602     		.2byte	0x2e6
 430 033c 14       		.byte	0x14
 431 033d 4F030000 		.4byte	0x34f
 432 0341 17       		.uleb128 0x17
 433 0342 68010000 		.4byte	.LASF31
 434 0346 06       		.byte	0x6
 435 0347 E602     		.2byte	0x2e6
 436 0349 2F       		.byte	0x2f
 437 034a 93000000 		.4byte	0x93
 438 034e 00       		.byte	0
 439 034f 18       		.uleb128 0x18
 440 0350 49000000 		.4byte	.LASF45
 441 0354 06       		.byte	0x6
 442 0355 D602     		.2byte	0x2d6
 443 0357 14       		.byte	0x14
 444 0358 16       		.uleb128 0x16
 445 0359 44010000 		.4byte	.LASF39
 446 035d 06       		.byte	0x6
 447 035e C602     		.2byte	0x2c6
 448 0360 14       		.byte	0x14
 449 0361 73030000 		.4byte	0x373
 450 0365 17       		.uleb128 0x17
 451 0366 68010000 		.4byte	.LASF31
 452 036a 06       		.byte	0x6
 453 036b C602     		.2byte	0x2c6
 454 036d 31       		.byte	0x31
 455 036e 93000000 		.4byte	0x93
 456 0372 00       		.byte	0
ARM GAS  C:\Users\acest\AppData\Local\Temp\ccJk6qcZ.s 			page 9


 457 0373 15       		.uleb128 0x15
 458 0374 C3010000 		.4byte	.LASF40
 459 0378 06       		.byte	0x6
 460 0379 B802     		.2byte	0x2b8
 461 037b 19       		.byte	0x19
 462 037c 93000000 		.4byte	0x93
 463 0380 00       		.byte	0
 464              		.section	.gnu.debuglto_.debug_abbrev,"e",%progbits
 465              	.Ldebug_abbrev0:
 466 0000 01       		.uleb128 0x1
 467 0001 11       		.uleb128 0x11
 468 0002 01       		.byte	0x1
 469 0003 25       		.uleb128 0x25
 470 0004 0E       		.uleb128 0xe
 471 0005 13       		.uleb128 0x13
 472 0006 0B       		.uleb128 0xb
 473 0007 03       		.uleb128 0x3
 474 0008 0E       		.uleb128 0xe
 475 0009 1B       		.uleb128 0x1b
 476 000a 0E       		.uleb128 0xe
 477 000b 10       		.uleb128 0x10
 478 000c 17       		.uleb128 0x17
 479 000d 00       		.byte	0
 480 000e 00       		.byte	0
 481 000f 02       		.uleb128 0x2
 482 0010 24       		.uleb128 0x24
 483 0011 00       		.byte	0
 484 0012 0B       		.uleb128 0xb
 485 0013 0B       		.uleb128 0xb
 486 0014 3E       		.uleb128 0x3e
 487 0015 0B       		.uleb128 0xb
 488 0016 03       		.uleb128 0x3
 489 0017 08       		.uleb128 0x8
 490 0018 00       		.byte	0
 491 0019 00       		.byte	0
 492 001a 03       		.uleb128 0x3
 493 001b 24       		.uleb128 0x24
 494 001c 00       		.byte	0
 495 001d 0B       		.uleb128 0xb
 496 001e 0B       		.uleb128 0xb
 497 001f 3E       		.uleb128 0x3e
 498 0020 0B       		.uleb128 0xb
 499 0021 03       		.uleb128 0x3
 500 0022 0E       		.uleb128 0xe
 501 0023 00       		.byte	0
 502 0024 00       		.byte	0
 503 0025 04       		.uleb128 0x4
 504 0026 16       		.uleb128 0x16
 505 0027 00       		.byte	0
 506 0028 03       		.uleb128 0x3
 507 0029 0E       		.uleb128 0xe
 508 002a 3A       		.uleb128 0x3a
 509 002b 0B       		.uleb128 0xb
 510 002c 3B       		.uleb128 0x3b
 511 002d 0B       		.uleb128 0xb
 512 002e 39       		.uleb128 0x39
 513 002f 0B       		.uleb128 0xb
ARM GAS  C:\Users\acest\AppData\Local\Temp\ccJk6qcZ.s 			page 10


 514 0030 49       		.uleb128 0x49
 515 0031 13       		.uleb128 0x13
 516 0032 00       		.byte	0
 517 0033 00       		.byte	0
 518 0034 05       		.uleb128 0x5
 519 0035 35       		.uleb128 0x35
 520 0036 00       		.byte	0
 521 0037 49       		.uleb128 0x49
 522 0038 13       		.uleb128 0x13
 523 0039 00       		.byte	0
 524 003a 00       		.byte	0
 525 003b 06       		.uleb128 0x6
 526 003c 26       		.uleb128 0x26
 527 003d 00       		.byte	0
 528 003e 49       		.uleb128 0x49
 529 003f 13       		.uleb128 0x13
 530 0040 00       		.byte	0
 531 0041 00       		.byte	0
 532 0042 07       		.uleb128 0x7
 533 0043 01       		.uleb128 0x1
 534 0044 01       		.byte	0x1
 535 0045 49       		.uleb128 0x49
 536 0046 13       		.uleb128 0x13
 537 0047 01       		.uleb128 0x1
 538 0048 13       		.uleb128 0x13
 539 0049 00       		.byte	0
 540 004a 00       		.byte	0
 541 004b 08       		.uleb128 0x8
 542 004c 21       		.uleb128 0x21
 543 004d 00       		.byte	0
 544 004e 49       		.uleb128 0x49
 545 004f 13       		.uleb128 0x13
 546 0050 2F       		.uleb128 0x2f
 547 0051 0B       		.uleb128 0xb
 548 0052 00       		.byte	0
 549 0053 00       		.byte	0
 550 0054 09       		.uleb128 0x9
 551 0055 13       		.uleb128 0x13
 552 0056 01       		.byte	0x1
 553 0057 0B       		.uleb128 0xb
 554 0058 05       		.uleb128 0x5
 555 0059 3A       		.uleb128 0x3a
 556 005a 0B       		.uleb128 0xb
 557 005b 3B       		.uleb128 0x3b
 558 005c 05       		.uleb128 0x5
 559 005d 39       		.uleb128 0x39
 560 005e 0B       		.uleb128 0xb
 561 005f 01       		.uleb128 0x1
 562 0060 13       		.uleb128 0x13
 563 0061 00       		.byte	0
 564 0062 00       		.byte	0
 565 0063 0A       		.uleb128 0xa
 566 0064 0D       		.uleb128 0xd
 567 0065 00       		.byte	0
 568 0066 03       		.uleb128 0x3
 569 0067 08       		.uleb128 0x8
 570 0068 3A       		.uleb128 0x3a
ARM GAS  C:\Users\acest\AppData\Local\Temp\ccJk6qcZ.s 			page 11


 571 0069 0B       		.uleb128 0xb
 572 006a 3B       		.uleb128 0x3b
 573 006b 05       		.uleb128 0x5
 574 006c 39       		.uleb128 0x39
 575 006d 0B       		.uleb128 0xb
 576 006e 49       		.uleb128 0x49
 577 006f 13       		.uleb128 0x13
 578 0070 38       		.uleb128 0x38
 579 0071 0B       		.uleb128 0xb
 580 0072 00       		.byte	0
 581 0073 00       		.byte	0
 582 0074 0B       		.uleb128 0xb
 583 0075 0D       		.uleb128 0xd
 584 0076 00       		.byte	0
 585 0077 03       		.uleb128 0x3
 586 0078 0E       		.uleb128 0xe
 587 0079 3A       		.uleb128 0x3a
 588 007a 0B       		.uleb128 0xb
 589 007b 3B       		.uleb128 0x3b
 590 007c 05       		.uleb128 0x5
 591 007d 39       		.uleb128 0x39
 592 007e 0B       		.uleb128 0xb
 593 007f 49       		.uleb128 0x49
 594 0080 13       		.uleb128 0x13
 595 0081 38       		.uleb128 0x38
 596 0082 0B       		.uleb128 0xb
 597 0083 00       		.byte	0
 598 0084 00       		.byte	0
 599 0085 0C       		.uleb128 0xc
 600 0086 0D       		.uleb128 0xd
 601 0087 00       		.byte	0
 602 0088 03       		.uleb128 0x3
 603 0089 08       		.uleb128 0x8
 604 008a 3A       		.uleb128 0x3a
 605 008b 0B       		.uleb128 0xb
 606 008c 3B       		.uleb128 0x3b
 607 008d 05       		.uleb128 0x5
 608 008e 39       		.uleb128 0x39
 609 008f 0B       		.uleb128 0xb
 610 0090 49       		.uleb128 0x49
 611 0091 13       		.uleb128 0x13
 612 0092 38       		.uleb128 0x38
 613 0093 05       		.uleb128 0x5
 614 0094 00       		.byte	0
 615 0095 00       		.byte	0
 616 0096 0D       		.uleb128 0xd
 617 0097 0D       		.uleb128 0xd
 618 0098 00       		.byte	0
 619 0099 03       		.uleb128 0x3
 620 009a 0E       		.uleb128 0xe
 621 009b 3A       		.uleb128 0x3a
 622 009c 0B       		.uleb128 0xb
 623 009d 3B       		.uleb128 0x3b
 624 009e 05       		.uleb128 0x5
 625 009f 39       		.uleb128 0x39
 626 00a0 0B       		.uleb128 0xb
 627 00a1 49       		.uleb128 0x49
ARM GAS  C:\Users\acest\AppData\Local\Temp\ccJk6qcZ.s 			page 12


 628 00a2 13       		.uleb128 0x13
 629 00a3 38       		.uleb128 0x38
 630 00a4 05       		.uleb128 0x5
 631 00a5 00       		.byte	0
 632 00a6 00       		.byte	0
 633 00a7 0E       		.uleb128 0xe
 634 00a8 16       		.uleb128 0x16
 635 00a9 00       		.byte	0
 636 00aa 03       		.uleb128 0x3
 637 00ab 0E       		.uleb128 0xe
 638 00ac 3A       		.uleb128 0x3a
 639 00ad 0B       		.uleb128 0xb
 640 00ae 3B       		.uleb128 0x3b
 641 00af 05       		.uleb128 0x5
 642 00b0 39       		.uleb128 0x39
 643 00b1 0B       		.uleb128 0xb
 644 00b2 49       		.uleb128 0x49
 645 00b3 13       		.uleb128 0x13
 646 00b4 00       		.byte	0
 647 00b5 00       		.byte	0
 648 00b6 0F       		.uleb128 0xf
 649 00b7 2E       		.uleb128 0x2e
 650 00b8 00       		.byte	0
 651 00b9 3F       		.uleb128 0x3f
 652 00ba 19       		.uleb128 0x19
 653 00bb 03       		.uleb128 0x3
 654 00bc 0E       		.uleb128 0xe
 655 00bd 3A       		.uleb128 0x3a
 656 00be 0B       		.uleb128 0xb
 657 00bf 3B       		.uleb128 0x3b
 658 00c0 0B       		.uleb128 0xb
 659 00c1 39       		.uleb128 0x39
 660 00c2 0B       		.uleb128 0xb
 661 00c3 27       		.uleb128 0x27
 662 00c4 19       		.uleb128 0x19
 663 00c5 49       		.uleb128 0x49
 664 00c6 13       		.uleb128 0x13
 665 00c7 00       		.byte	0
 666 00c8 00       		.byte	0
 667 00c9 10       		.uleb128 0x10
 668 00ca 2E       		.uleb128 0x2e
 669 00cb 01       		.byte	0x1
 670 00cc 3F       		.uleb128 0x3f
 671 00cd 19       		.uleb128 0x19
 672 00ce 03       		.uleb128 0x3
 673 00cf 0E       		.uleb128 0xe
 674 00d0 3A       		.uleb128 0x3a
 675 00d1 0B       		.uleb128 0xb
 676 00d2 3B       		.uleb128 0x3b
 677 00d3 0B       		.uleb128 0xb
 678 00d4 39       		.uleb128 0x39
 679 00d5 0B       		.uleb128 0xb
 680 00d6 27       		.uleb128 0x27
 681 00d7 19       		.uleb128 0x19
 682 00d8 49       		.uleb128 0x49
 683 00d9 13       		.uleb128 0x13
 684 00da 01       		.uleb128 0x1
ARM GAS  C:\Users\acest\AppData\Local\Temp\ccJk6qcZ.s 			page 13


 685 00db 13       		.uleb128 0x13
 686 00dc 00       		.byte	0
 687 00dd 00       		.byte	0
 688 00de 11       		.uleb128 0x11
 689 00df 34       		.uleb128 0x34
 690 00e0 00       		.byte	0
 691 00e1 03       		.uleb128 0x3
 692 00e2 0E       		.uleb128 0xe
 693 00e3 49       		.uleb128 0x49
 694 00e4 13       		.uleb128 0x13
 695 00e5 34       		.uleb128 0x34
 696 00e6 19       		.uleb128 0x19
 697 00e7 00       		.byte	0
 698 00e8 00       		.byte	0
 699 00e9 12       		.uleb128 0x12
 700 00ea 2E       		.uleb128 0x2e
 701 00eb 01       		.byte	0x1
 702 00ec 3F       		.uleb128 0x3f
 703 00ed 19       		.uleb128 0x19
 704 00ee 03       		.uleb128 0x3
 705 00ef 0E       		.uleb128 0xe
 706 00f0 3A       		.uleb128 0x3a
 707 00f1 0B       		.uleb128 0xb
 708 00f2 3B       		.uleb128 0x3b
 709 00f3 0B       		.uleb128 0xb
 710 00f4 39       		.uleb128 0x39
 711 00f5 0B       		.uleb128 0xb
 712 00f6 27       		.uleb128 0x27
 713 00f7 19       		.uleb128 0x19
 714 00f8 01       		.uleb128 0x1
 715 00f9 13       		.uleb128 0x13
 716 00fa 00       		.byte	0
 717 00fb 00       		.byte	0
 718 00fc 13       		.uleb128 0x13
 719 00fd 05       		.uleb128 0x5
 720 00fe 00       		.byte	0
 721 00ff 03       		.uleb128 0x3
 722 0100 0E       		.uleb128 0xe
 723 0101 3A       		.uleb128 0x3a
 724 0102 0B       		.uleb128 0xb
 725 0103 3B       		.uleb128 0x3b
 726 0104 0B       		.uleb128 0xb
 727 0105 39       		.uleb128 0x39
 728 0106 0B       		.uleb128 0xb
 729 0107 49       		.uleb128 0x49
 730 0108 13       		.uleb128 0x13
 731 0109 00       		.byte	0
 732 010a 00       		.byte	0
 733 010b 14       		.uleb128 0x14
 734 010c 2E       		.uleb128 0x2e
 735 010d 00       		.byte	0
 736 010e 3F       		.uleb128 0x3f
 737 010f 19       		.uleb128 0x19
 738 0110 03       		.uleb128 0x3
 739 0111 0E       		.uleb128 0xe
 740 0112 3A       		.uleb128 0x3a
 741 0113 0B       		.uleb128 0xb
ARM GAS  C:\Users\acest\AppData\Local\Temp\ccJk6qcZ.s 			page 14


 742 0114 3B       		.uleb128 0x3b
 743 0115 0B       		.uleb128 0xb
 744 0116 39       		.uleb128 0x39
 745 0117 0B       		.uleb128 0xb
 746 0118 27       		.uleb128 0x27
 747 0119 19       		.uleb128 0x19
 748 011a 00       		.byte	0
 749 011b 00       		.byte	0
 750 011c 15       		.uleb128 0x15
 751 011d 2E       		.uleb128 0x2e
 752 011e 00       		.byte	0
 753 011f 03       		.uleb128 0x3
 754 0120 0E       		.uleb128 0xe
 755 0121 3A       		.uleb128 0x3a
 756 0122 0B       		.uleb128 0xb
 757 0123 3B       		.uleb128 0x3b
 758 0124 05       		.uleb128 0x5
 759 0125 39       		.uleb128 0x39
 760 0126 0B       		.uleb128 0xb
 761 0127 27       		.uleb128 0x27
 762 0128 19       		.uleb128 0x19
 763 0129 49       		.uleb128 0x49
 764 012a 13       		.uleb128 0x13
 765 012b 00       		.byte	0
 766 012c 00       		.byte	0
 767 012d 16       		.uleb128 0x16
 768 012e 2E       		.uleb128 0x2e
 769 012f 01       		.byte	0x1
 770 0130 03       		.uleb128 0x3
 771 0131 0E       		.uleb128 0xe
 772 0132 3A       		.uleb128 0x3a
 773 0133 0B       		.uleb128 0xb
 774 0134 3B       		.uleb128 0x3b
 775 0135 05       		.uleb128 0x5
 776 0136 39       		.uleb128 0x39
 777 0137 0B       		.uleb128 0xb
 778 0138 27       		.uleb128 0x27
 779 0139 19       		.uleb128 0x19
 780 013a 01       		.uleb128 0x1
 781 013b 13       		.uleb128 0x13
 782 013c 00       		.byte	0
 783 013d 00       		.byte	0
 784 013e 17       		.uleb128 0x17
 785 013f 05       		.uleb128 0x5
 786 0140 00       		.byte	0
 787 0141 03       		.uleb128 0x3
 788 0142 0E       		.uleb128 0xe
 789 0143 3A       		.uleb128 0x3a
 790 0144 0B       		.uleb128 0xb
 791 0145 3B       		.uleb128 0x3b
 792 0146 05       		.uleb128 0x5
 793 0147 39       		.uleb128 0x39
 794 0148 0B       		.uleb128 0xb
 795 0149 49       		.uleb128 0x49
 796 014a 13       		.uleb128 0x13
 797 014b 00       		.byte	0
 798 014c 00       		.byte	0
ARM GAS  C:\Users\acest\AppData\Local\Temp\ccJk6qcZ.s 			page 15


 799 014d 18       		.uleb128 0x18
 800 014e 2E       		.uleb128 0x2e
 801 014f 00       		.byte	0
 802 0150 03       		.uleb128 0x3
 803 0151 0E       		.uleb128 0xe
 804 0152 3A       		.uleb128 0x3a
 805 0153 0B       		.uleb128 0xb
 806 0154 3B       		.uleb128 0x3b
 807 0155 05       		.uleb128 0x5
 808 0156 39       		.uleb128 0x39
 809 0157 0B       		.uleb128 0xb
 810 0158 27       		.uleb128 0x27
 811 0159 19       		.uleb128 0x19
 812 015a 00       		.byte	0
 813 015b 00       		.byte	0
 814 015c 00       		.byte	0
 815              		.section	.gnu.debuglto_.debug_line,"e",%progbits
 816              	.Ldebug_line0:
 817 0000 EB010000 		.4byte	.LELT0-.LSLT0
 818              	.LSLT0:
 819 0004 0400     		.2byte	0x4
 820 0006 E5010000 		.4byte	.LELTP0-.LASLTP0
 821              	.LASLTP0:
 822 000a 01       		.byte	0x1
 823 000b 01       		.byte	0x1
 824 000c 01       		.byte	0x1
 825 000d F6       		.byte	0xf6
 826 000e F2       		.byte	0xf2
 827 000f 0D       		.byte	0xd
 828 0010 00       		.byte	0
 829 0011 01       		.byte	0x1
 830 0012 01       		.byte	0x1
 831 0013 01       		.byte	0x1
 832 0014 01       		.byte	0x1
 833 0015 00       		.byte	0
 834 0016 00       		.byte	0
 835 0017 00       		.byte	0
 836 0018 01       		.byte	0x1
 837 0019 00       		.byte	0
 838 001a 00       		.byte	0
 839 001b 01       		.byte	0x1
 840 001c 2E2E2F2E 		.ascii	"../../../../../ChibiStudio/chibios2111/os/hal/src"
 840      2E2F2E2E 
 840      2F2E2E2F 
 840      2E2E2F43 
 840      68696269 
 841 004d 00       		.byte	0
 842 004e 633A5C63 		.ascii	"c:\\chibistudio\\chibios2111\\os\\hal\\ports\\stm32"
 842      68696269 
 842      73747564 
 842      696F5C63 
 842      68696269 
 843 007b 5C6C6C64 		.ascii	"\\lld\\systickv1"
 843      5C737973 
 843      7469636B 
 843      7631
 844 0089 00       		.byte	0
ARM GAS  C:\Users\acest\AppData\Local\Temp\ccJk6qcZ.s 			page 16


 845 008a 633A5C63 		.ascii	"c:\\chibistudio\\chibios2111\\os\\hal\\ports\\stm32"
 845      68696269 
 845      73747564 
 845      696F5C63 
 845      68696269 
 846 00b7 5C6C6C64 		.ascii	"\\lld\\timv1"
 846      5C74696D 
 846      7631
 847 00c1 00       		.byte	0
 848 00c2 633A5C63 		.ascii	"c:\\chibistudio\\chibios2111\\os\\rt\\include"
 848      68696269 
 848      73747564 
 848      696F5C63 
 848      68696269 
 849 00ea 00       		.byte	0
 850 00eb 633A5C63 		.ascii	"c:\\chibistudio\\tools\\gnu tools arm embedded\\10."
 850      68696269 
 850      73747564 
 850      696F5C74 
 850      6F6F6C73 
 851 011a 33203230 		.ascii	"3 2021.10\\arm-none-eabi\\include\\machine"
 851      32312E31 
 851      305C6172 
 851      6D2D6E6F 
 851      6E652D65 
 852 0141 00       		.byte	0
 853 0142 633A5C63 		.ascii	"c:\\chibistudio\\tools\\gnu tools arm embedded\\10."
 853      68696269 
 853      73747564 
 853      696F5C74 
 853      6F6F6C73 
 854 0171 33203230 		.ascii	"3 2021.10\\arm-none-eabi\\include\\sys"
 854      32312E31 
 854      305C6172 
 854      6D2D6E6F 
 854      6E652D65 
 855 0194 00       		.byte	0
 856 0195 00       		.byte	0
 857 0196 5F646566 		.ascii	"_default_types.h\000"
 857      61756C74 
 857      5F747970 
 857      65732E68 
 857      00
 858 01a7 05       		.uleb128 0x5
 859 01a8 00       		.uleb128 0
 860 01a9 00       		.uleb128 0
 861 01aa 5F737464 		.ascii	"_stdint.h\000"
 861      696E742E 
 861      6800
 862 01b4 06       		.uleb128 0x6
 863 01b5 00       		.uleb128 0
 864 01b6 00       		.uleb128 0
 865 01b7 63687469 		.ascii	"chtime.h\000"
 865      6D652E68 
 865      00
 866 01c0 04       		.uleb128 0x4
 867 01c1 00       		.uleb128 0
ARM GAS  C:\Users\acest\AppData\Local\Temp\ccJk6qcZ.s 			page 17


 868 01c2 00       		.uleb128 0
 869 01c3 73746D33 		.ascii	"stm32_tim.h\000"
 869      325F7469 
 869      6D2E6800 
 870 01cf 03       		.uleb128 0x3
 871 01d0 00       		.uleb128 0
 872 01d1 00       		.uleb128 0
 873 01d2 68616C5F 		.ascii	"hal_st.c\000"
 873      73742E63 
 873      00
 874 01db 01       		.uleb128 0x1
 875 01dc 00       		.uleb128 0
 876 01dd 00       		.uleb128 0
 877 01de 68616C5F 		.ascii	"hal_st_lld.h\000"
 877      73745F6C 
 877      6C642E68 
 877      00
 878 01eb 02       		.uleb128 0x2
 879 01ec 00       		.uleb128 0
 880 01ed 00       		.uleb128 0
 881 01ee 00       		.byte	0
 882              	.LELTP0:
 883              	.LELT0:
 884              		.section	.gnu.debuglto_.debug_str,"eMS",%progbits,1
 885              	.LASF20:
 886 0000 42445452 		.ascii	"BDTR\000"
 886      00
 887              	.LASF32:
 888 0005 73744973 		.ascii	"stIsAlarmActive\000"
 888      416C6172 
 888      6D416374 
 888      69766500 
 889              	.LASF33:
 890 0015 73744765 		.ascii	"stGetCounter\000"
 890      74436F75 
 890      6E746572 
 890      00
 891              	.LASF13:
 892 0022 73797374 		.ascii	"systime_t\000"
 892      696D655F 
 892      7400
 893              	.LASF6:
 894 002c 73686F72 		.ascii	"short unsigned int\000"
 894      7420756E 
 894      7369676E 
 894      65642069 
 894      6E7400
 895              	.LASF5:
 896 003f 73686F72 		.ascii	"short int\000"
 896      7420696E 
 896      7400
 897              	.LASF45:
 898 0049 73745F6C 		.ascii	"st_lld_stop_alarm\000"
 898      6C645F73 
 898      746F705F 
 898      616C6172 
 898      6D00
ARM GAS  C:\Users\acest\AppData\Local\Temp\ccJk6qcZ.s 			page 18


 899              	.LASF41:
 900 005b 474E5520 		.ascii	"GNU C17 10.3.1 20210824 (release) -mcpu=cortex-m4 -"
 900      43313720 
 900      31302E33 
 900      2E312032 
 900      30323130 
 901 008e 6D746875 		.ascii	"mthumb -mfloat-abi=soft -march=armv7e-m -ggdb -O2 -"
 901      6D62202D 
 901      6D666C6F 
 901      61742D61 
 901      62693D73 
 902 00c1 666F6D69 		.ascii	"fomit-frame-pointer -falign-functions=16 -ffunction"
 902      742D6672 
 902      616D652D 
 902      706F696E 
 902      74657220 
 903 00f4 2D736563 		.ascii	"-sections -fdata-sections -fno-common -flto\000"
 903      74696F6E 
 903      73202D66 
 903      64617461 
 903      2D736563 
 904              	.LASF27:
 905 0120 73746D33 		.ascii	"stm32_tim_t\000"
 905      325F7469 
 905      6D5F7400 
 906              	.LASF25:
 907 012c 52455345 		.ascii	"RESERVED0\000"
 907      52564544 
 907      3000
 908              	.LASF16:
 909 0136 44494552 		.ascii	"DIER\000"
 909      00
 910              	.LASF28:
 911 013b 5F5F6675 		.ascii	"__func__\000"
 911      6E635F5F 
 911      00
 912              	.LASF39:
 913 0144 73745F6C 		.ascii	"st_lld_start_alarm\000"
 913      6C645F73 
 913      74617274 
 913      5F616C61 
 913      726D00
 914              	.LASF38:
 915 0157 73745F6C 		.ascii	"st_lld_set_alarm\000"
 915      6C645F73 
 915      65745F61 
 915      6C61726D 
 915      00
 916              	.LASF31:
 917 0168 61627374 		.ascii	"abstime\000"
 917      696D6500 
 918              	.LASF36:
 919 0170 73745F6C 		.ascii	"st_lld_is_alarm_active\000"
 919      6C645F69 
 919      735F616C 
 919      61726D5F 
 919      61637469 
ARM GAS  C:\Users\acest\AppData\Local\Temp\ccJk6qcZ.s 			page 19


 920              	.LASF8:
 921 0187 6C6F6E67 		.ascii	"long unsigned int\000"
 921      20756E73 
 921      69676E65 
 921      6420696E 
 921      7400
 922              	.LASF4:
 923 0199 756E7369 		.ascii	"unsigned char\000"
 923      676E6564 
 923      20636861 
 923      7200
 924              	.LASF10:
 925 01a7 5F5F7569 		.ascii	"__uint32_t\000"
 925      6E743332 
 925      5F7400
 926              	.LASF26:
 927 01b2 444D4152 		.ascii	"DMAR\000"
 927      00
 928              	.LASF34:
 929 01b7 73745374 		.ascii	"stStopAlarm\000"
 929      6F70416C 
 929      61726D00 
 930              	.LASF40:
 931 01c3 73745F6C 		.ascii	"st_lld_get_counter\000"
 931      6C645F67 
 931      65745F63 
 931      6F756E74 
 931      657200
 932              	.LASF0:
 933 01d6 756E7369 		.ascii	"unsigned int\000"
 933      676E6564 
 933      20696E74 
 933      00
 934              	.LASF12:
 935 01e3 63686172 		.ascii	"char\000"
 935      00
 936              	.LASF42:
 937 01e8 2E2E2F2E 		.ascii	"../../../../../ChibiStudio/chibios2111/os/hal/src/h"
 937      2E2F2E2E 
 937      2F2E2E2F 
 937      2E2E2F43 
 937      68696269 
 938 021b 616C5F73 		.ascii	"al_st.c\000"
 938      742E6300 
 939              	.LASF24:
 940 0223 54495345 		.ascii	"TISEL\000"
 940      4C00
 941              	.LASF30:
 942 0229 73745374 		.ascii	"stStartAlarm\000"
 942      61727441 
 942      6C61726D 
 942      00
 943              	.LASF23:
 944 0236 44545232 		.ascii	"DTR2\000"
 944      00
 945              	.LASF35:
 946 023b 7374496E 		.ascii	"stInit\000"
ARM GAS  C:\Users\acest\AppData\Local\Temp\ccJk6qcZ.s 			page 20


 946      697400
 947              	.LASF1:
 948 0242 6C6F6E67 		.ascii	"long long int\000"
 948      206C6F6E 
 948      6720696E 
 948      7400
 949              	.LASF37:
 950 0250 73745F6C 		.ascii	"st_lld_get_alarm\000"
 950      6C645F67 
 950      65745F61 
 950      6C61726D 
 950      00
 951              	.LASF19:
 952 0261 43434552 		.ascii	"CCER\000"
 952      00
 953              	.LASF15:
 954 0266 534D4352 		.ascii	"SMCR\000"
 954      00
 955              	.LASF17:
 956 026b 43434D52 		.ascii	"CCMR1\000"
 956      3100
 957              	.LASF18:
 958 0271 43434D52 		.ascii	"CCMR2\000"
 958      3200
 959              	.LASF22:
 960 0277 43434D52 		.ascii	"CCMR3\000"
 960      3300
 961              	.LASF11:
 962 027d 75696E74 		.ascii	"uint32_t\000"
 962      33325F74 
 962      00
 963              	.LASF7:
 964 0286 6C6F6E67 		.ascii	"long int\000"
 964      20696E74 
 964      00
 965              	.LASF29:
 966 028f 73745365 		.ascii	"stSetAlarm\000"
 966      74416C61 
 966      726D00
 967              	.LASF43:
 968 029a 433A5C55 		.ascii	"C:\\Users\\acest\\Desktop\\R.A.C.E\\race_project\000"
 968      73657273 
 968      5C616365 
 968      73745C44 
 968      65736B74 
 969              	.LASF2:
 970 02c6 6C6F6E67 		.ascii	"long double\000"
 970      20646F75 
 970      626C6500 
 971              	.LASF3:
 972 02d2 7369676E 		.ascii	"signed char\000"
 972      65642063 
 972      68617200 
 973              	.LASF14:
 974 02de 5F426F6F 		.ascii	"_Bool\000"
 974      6C00
 975              	.LASF9:
ARM GAS  C:\Users\acest\AppData\Local\Temp\ccJk6qcZ.s 			page 21


 976 02e4 6C6F6E67 		.ascii	"long long unsigned int\000"
 976      206C6F6E 
 976      6720756E 
 976      7369676E 
 976      65642069 
 977              	.LASF21:
 978 02fb 43435852 		.ascii	"CCXR\000"
 978      00
 979              	.LASF44:
 980 0300 73744765 		.ascii	"stGetAlarm\000"
 980      74416C61 
 980      726D00
 981              		.text
 982              		.section	.gnu.lto_.profile.b3bfa7f1,"e",%progbits
 983 0000 789C6362 		.ascii	"x\234cb\000\001\000\000\022\000\003"
 983      00010000 
 983      120003
 984              		.text
 985              		.section	.gnu.lto_.icf.b3bfa7f1,"e",%progbits
 986 0000 789CD361 		.ascii	"x\234\323a@\000v\206#\315\373~\3630\316;\264k\005\017"
 986      40007686 
 986      23CDFB7E 
 986      F330CE3B 
 986      B46B050F 
 987 0014 D3A5832B 		.ascii	"\323\245\203+\026\3631/|\177\375\036\037\313\323%\337"
 987      16F3312F 
 987      7C7FFD1E 
 987      1FCBD325 
 987      DF
 988 0025 1FF0B32E 		.ascii	"\037\360\263.\\4\353\007\027\333\335\265{\017\2601\000"
 988      5C34EB07 
 988      17DBDDB5 
 988      7B0FB031 
 988      00
 989 0036 00E97E15 		.ascii	"\000\351~\025\275"
 989      BD
 990              		.text
 991              		.section	.gnu.lto_.ipa_sra.b3bfa7f1,"e",%progbits
 992 0000 789C5364 		.ascii	"x\234Sd@\000v\006\006F\006FF\006f&F\020\227\221\231"
 992      40007606 
 992      06460646 
 992      46066626 
 992      46109791 
 993 0015 819105C2 		.ascii	"\201\221\005\302be`fc`f\000\000\010\271\000N"
 993      62656066 
 993      63606600 
 993      0008B900 
 993      4E
 994              		.text
 995              		.section	.gnu.lto_.inline.b3bfa7f1,"e",%progbits
 996 0000 789CFBC6 		.ascii	"x\234\373\306\200\000\354\014\014,\015@\300\234\306"
 996      8000EC0C 
 996      0C2C0D40 
 996      C09CC6
 997 000f C8C0C4C0 		.ascii	"\310\300\304\300\320\010d\32610\260\201\204\230R\230"
 997      D00864D6 
 997      3130B081 
ARM GAS  C:\Users\acest\AppData\Local\Temp\ccJk6qcZ.s 			page 22


 997      84985298 
 998 001f 40420C8C 		.ascii	"@B\014\214\\ \205\214Pu)@uL`\351d4uL`\356\001\246T\240"
 998      5C20858C 
 998      50752940 
 998      754C60E9 
 998      6434754C 
 999 0039 0A36885A 		.ascii	"\0126\210Z4\025\314\004\315`!\250\202\225\240\0126\202"
 999      3415CC04 
 999      CD6021A8 
 999      8295A00A 
 999      3682
 1000 004b EE600000 		.ascii	"\356`\000\000\325j4\253"
 1000      D56A34AB 
 1001              		.text
 1002              		.section	.gnu.lto_.jmpfuncs.b3bfa7f1,"e",%progbits
 1003 0000 789C5362 		.ascii	"x\234Sb@\000v\020\301\310\300\300\304\310\310X\277\204"
 1003      40007610 
 1003      C1C8C0C0 
 1003      C4C8C858 
 1003      BF84
 1004 0012 99819981 		.ascii	"\231\201\231\201\201\005\312de``\003J\002\000-7\002"
 1004      8105CA64 
 1004      65606003 
 1004      4A02002D 
 1004      3702
 1005 0024 91       		.ascii	"\221"
 1006              		.text
 1007              		.section	.gnu.lto_.pureconst.b3bfa7f1,"e",%progbits
 1008 0000 789C05C1 		.ascii	"x\234\005\301\001\021\000 \014\304\260\037\024\346\000"
 1008      01110020 
 1008      0CC4B01F 
 1008      14E600
 1009 000f EDBBAA25 		.ascii	"\355\273\252%yI:C\311\222-\310\221+\0372\332\004\203"
 1009      79493A43 
 1009      C9922DC8 
 1009      912B1F32 
 1009      DA0483
 1010              		.text
 1011              		.section	.gnu.lto_.lto.b3bfa7f1,"e",%progbits
 1012 0000 09000400 		.ascii	"\011\000\004\000\001\000\000\000"
 1012      01000000 
 1013              		.text
 1014              		.section	.gnu.lto_stInit.402.b3bfa7f1,"e",%progbits
 1015 0000 789CEB65 		.ascii	"x\234\353e``\310\002be fdf`\2344\261\213\211\241\241"
 1015      6060C802 
 1015      62652066 
 1015      6466609C 
 1015      34B18B89 
 1016 0016 A1C1819D 		.ascii	"\241\301\201\235\211\261qb\027'\343VF0\217\221\241\236"
 1016      89B17162 
 1016      1727E356 
 1016      46308F91 
 1016      A19E
 1017 0028 89B19E71 		.ascii	"\211\261\236q2\263&\220\373\343\351\364\336\303\214"
 1017      32B32690 
 1017      FBE3E9F4 
 1017      DEC38C
ARM GAS  C:\Users\acest\AppData\Local\Temp\ccJk6qcZ.s 			page 23


 1018 0037 0D2B0E30 		.ascii	"\015+\0160.af`\230\007\304P\300\006\3431\002\361\372"
 1018      2E616660 
 1018      9807C450 
 1018      C006E331 
 1018      02F1FA
 1019 004a 4BAC071A 		.ascii	"K\254\007\032\376\374\357oh\270\373\210q\2362P\274\237"
 1019      FEFCEF6F 
 1019      68B8FB88 
 1019      719E3250 
 1019      BC9F
 1020 005c 19647403 		.ascii	"\031dt\003\013c\303\001\006\206\011\314L\020N#\220\363"
 1020      0B63C301 
 1020      068609CC 
 1020      4C104E23 
 1020      90F3
 1021 006e 8AB1E1D1 		.ascii	"\212\261\341\321\356c\214\014\037\030\233\025\030Z\030"
 1021      EE638C0C 
 1021      1F189B15 
 1021      185A18
 1022 007d 99963033 		.ascii	"\231\22603\316c\006\032\262\204\231\211\341\023c\323"
 1022      CE63061A 
 1022      B2849989 
 1022      E11363D3 
 1023 008d 83BD6E60 		.ascii	"\203\275n`\363\373\231\031\021\00600\3508[\305\204\026"
 1023      F3FB9919 
 1023      11063030 
 1023      E8385BC5 
 1023      8416
 1024 009f A71615C7 		.ascii	"\247\026\025\307$&\247\026\227\304\270\244\026g\227"
 1024      2426A716 
 1024      97C4B8A4 
 1024      166797
 1025 00ae E417C404 		.ascii	"\344\027\304\004\3519\3529\353\271\306\024\001\205\343"
 1025      E939EA39 
 1025      EBB9C614 
 1025      0185E3
 1026 00bd 0B8AF2B3 		.ascii	"\013\212\362\263R\223K\030\254\365\364\364\221\221s"
 1026      52934B18 
 1026      ACF5F4F4 
 1026      919173
 1027 00cc 46665266 		.ascii	"FfRfpIiJf\276~2\210\235_ldhh\250\237_\254\237\221\230"
 1027      7049694A 
 1027      66BE7E32 
 1027      889D5F6C 
 1027      646868A8 
 1028 00e6 A35F5C94 		.ascii	"\243_\\\224\014\242\343\213K\364\222\031\000\201\275"
 1028      0CA2E38B 
 1028      4BF49219 
 1028      0081BD
 1029 00f5 557B     		.ascii	"U{"
 1030              		.text
 1031              		.section	.gnu.lto_stGetCounter.403.b3bfa7f1,"e",%progbits
 1032 0000 789C4D4F 		.ascii	"x\234MO=H\034A\030\375\336\316\336yM*\333\024\026A\020"
 1032      3D481C41 
 1032      18FDDECE 
 1032      DE794D2A 
 1032      DB141641 
ARM GAS  C:\Users\acest\AppData\Local\Temp\ccJk6qcZ.s 			page 24


 1033 0015 6437A79D 		.ascii	"d7\247\2356\206K\212\264\006\273\201\343\\\017\356\342"
 1033      36864B8A 
 1033      B406BB81 
 1033      E35C0FEE 
 1033      E2
 1034 0026 C91E3BAB 		.ascii	"\311\036;\253\220\352&\246\263\310\351\245\320B\205"
 1034      90EA26A6 
 1034      B3C8E9A5 
 1034      D04285
 1035 0035 3B0ED1CA 		.ascii	";\016\321\312\346\304$\232\260X\331\011\326V\212 \376"
 1035      E6C4249A 
 1035      B058D909 
 1035      D6568A20 
 1035      FE
 1036 0046 844349B8 		.ascii	"\204CI\270B1\337\354Y\270\314\316|\357\315\373\336\367"
 1036      4231DFEC 
 1036      59B8CCCE 
 1036      7CEFCDFB 
 1036      DEF7
 1037 0058 A61F442D 		.ascii	"\246\037D-\"\352\347\037\202P[Z\260Hk=\326c\341\363"
 1037      22EAE71F 
 1037      82505B5A 
 1037      B0486B3D 
 1037      D663E1F3 
 1038 006c D2C2D15A 		.ascii	"\322\302\321Z\313\306.b\002T\261P\3017\261*P\023M\026"
 1038      CBC62E62 
 1038      0254B150 
 1038      C137B12A 
 1038      50134D16 
 1039 0080 DB4F15D0 		.ascii	"\333O\025\3207\020i\3359_>:K\256nFvSX\264\316\202\035"
 1039      371069DD 
 1039      395F3E3A 
 1039      4BAE6E46 
 1039      765358B4 
 1040 0097 A0C503CC 		.ascii	"\240\305\003\314\227$\303\360\020\356\211k\340;\310"
 1040      9724C3F0 
 1040      10EE896B 
 1040      E03BC8
 1041 00a6 0036EF5C 		.ascii	"\0006\357\\\327Y\275\013f\215\020?\342K\323\271}\234"
 1041      D759BD0B 
 1041      668D103F 
 1041      E24BD3B9 
 1041      7D9C
 1042 00b8 88F4FD63 		.ascii	"\210\364\375cU\353\307\227\277O\376\245\330\270)\330"
 1042      55EBC797 
 1042      BF4FFEA5 
 1042      D8B829D8 
 1043 00c8 A72A4C4A 		.ascii	"\247*LJmCGD\213\302\352\202/\014.\241\033=f\277\273"
 1043      6D434744 
 1043      8BC2EA82 
 1043      2F0C2EA1 
 1043      1B3D66BF 
 1044 00dd F9DABE3A 		.ascii	"\371\332\276:\354e3\203N\377^\255\000?A\177p\260\277"
 1044      EC653383 
 1044      4EFF5EAD 
 1044      003F417F 
 1044      70B0BF
ARM GAS  C:\Users\acest\AppData\Local\Temp\ccJk6qcZ.s 			page 25


 1045 00f0 F5A221AC 		.ascii	"\365\242!\254\247\360v\234\242[\305.\2146\300S\022\330"
 1045      A7F0769C 
 1045      A25BC52E 
 1045      8C36C053 
 1045      12D8
 1046 0102 07F640AF 		.ascii	"\007\366@\257\353Z_\274j\212$~aM\304\351\350\026\363"
 1046      EB5A5FBC 
 1046      6A8A247E 
 1046      614DC4E9 
 1046      E816F3
 1047 0115 ED87DADE 		.ascii	"\355\207\332\336E\212C\263\225y`Ut\3331\037\0318\230"
 1047      458A43B3 
 1047      95796055 
 1047      74DB311F 
 1047      193898
 1048 0128 1991132A 		.ascii	"\031\221\023*\037(\231\363\362*\224o\363j:\364\313r"
 1048      1F2899F3 
 1048      F22A946F 
 1048      F36A3AF4 
 1048      CB72
 1049 013a DC79E364 		.ascii	"\334y\343d\234w2`:[\016\374\217y/\244Q\307q\237\257"
 1049      9C773260 
 1049      3A5B0EFC 
 1049      8F792FA4 
 1049      51C7719F 
 1050 014f 4CA13859 		.ascii	"L\2418Y\374\020\316N\025}\3273\265\257\206\322\351\264"
 1050      FC10CE4E 
 1050      157DD733 
 1050      B5AF86D2 
 1050      E9B4
 1051 0161 EB2BB790 		.ascii	"\353+\267\220+\271*\360\314\231U\241\343\321{oD\306"
 1051      2BB92AF0 
 1051      CC9955A1 
 1051      E3D17B6F 
 1051      44C6
 1052 0173 1A15EBE5 		.ascii	"\032\025\353\3453\275\364\225d\235,\373A\250\244\012"
 1052      33BDF495 
 1052      649D2CFB 
 1052      41A8A40A 
 1053 0183 67868764 		.ascii	"g\206\207d\2514%\325'\025\026\275\351\271\264\354\272"
 1053      A93425D5 
 1053      271516BD 
 1053      E9B9B4EC 
 1053      BA
 1054 0194 6499740A 		.ascii	"d\231t\012\364\037T\254\242H"
 1054      F41F54AC 
 1054      A248
 1055              		.text
 1056              		.section	.gnu.lto_stStartAlarm.404.b3bfa7f1,"e",%progbits
 1057 0000 789C8D52 		.ascii	"x\234\215RMh\023A\030\235\267\223d\355I\350A<\024)\376"
 1057      4D681341 
 1057      189DB793 
 1057      64ED49E8 
 1057      413C1429 
 1058 0015 208A6C9A 		.ascii	" \212l\232\026<\324\213\022EEO\212\267\201\220n\002"
 1058      163CD48B 
 1058      1245454F 
ARM GAS  C:\Users\acest\AppData\Local\Temp\ccJk6qcZ.s 			page 26


 1058      8AB78190 
 1058      6E02
 1059 0027 8969D990 		.ascii	"\211i\331\220Y\005O\035\323[\020c\253\240H,(A\342IT"
 1059      59054F1D 
 1059      D35B1063 
 1059      ABA0482C 
 1059      2841E249 
 1060 003c 348DDA36 		.ascii	"4\215\3326V\261\236T\274z)\201\202xH\245\005i\301\022"
 1060      56B19E54 
 1060      BC7A2981 
 1060      827848A5 
 1060      0569C112 
 1061 0050 BF99A4B5 		.ascii	"\277\231\244\265\364\344\262\263\363}o\276\367\336\314"
 1061      F4E4B2B3 
 1061      F37D6FBE 
 1061      F7DECC
 1062 005f 377BCE62 		.ascii	"7{\316b\354\013cl\037\015p\206\211\361\202\305\224R"
 1062      EC0B636C 
 1062      1F0D7086 
 1062      89F182C5 
 1062      9452
 1063 0071 C76D0BD7 		.ascii	"\307m\013\327\307\013]\250\301d`\243\026Fq\233\037\242"
 1063      C70B5DA8 
 1063      C16460A3 
 1063      1646719B 
 1063      1FA2
 1064 0083 7475F1EE 		.ascii	"tu\361\356\322{\250J\035e\316\330$\015\363\2248&x\231"
 1064      D27BA84A 
 1064      1D65CED8 
 1064      240DF394 
 1064      38267899 
 1065 0097 03814E64 		.ascii	"\003\201Nd\241\227\"\236a\007\353J}\235\236R\252\213"
 1065      A197229E 
 1065      6107EB4A 
 1065      7D9D9E52 
 1065      AA8B
 1066 00a9 95394715 		.ascii	"\2259G\025\304\301+\340%\230\006\344\367 c\241\216\022"
 1066      C4C12BE0 
 1066      259806E4 
 1066      F72063A1 
 1066      8E12
 1067 00bb 886262E0 		.ascii	"\210bb\3405\264\246&\257\226\0127\253\373?\216\2513"
 1067      35B4A626 
 1067      AF960A37 
 1067      ABFB3F8E 
 1067      A933
 1068 00cd 1B7C74F8 		.ascii	"\033|t\370x\003\255\260\030\242\312\003\272rfm\362\206"
 1068      7803ADB0 
 1068      18A2CA03 
 1068      BA72666D 
 1068      F286
 1069 00df AD3EA9C0 		.ascii	"\255>\251\300v'\252lo2\244\217\260\036\301[\302jZJ{"
 1069      7627AA6C 
 1069      6F32A48F 
 1069      B01EC15B 
 1069      C26A5A4A 
 1070 00f4 63DAF8E9 		.ascii	"c\332\370\351\222\247\337\202u\365\247UT\252\265\347"
ARM GAS  C:\Users\acest\AppData\Local\Temp\ccJk6qcZ.s 			page 27


 1070      92A7DF82 
 1070      75F5A755 
 1070      54AAB5E7 
 1071 0104 73A9B523 		.ascii	"s\251\265#d\001S\264P\344\2723*\000Ug\354\026\267\332"
 1071      640153B4 
 1071      50E4BA33 
 1071      2A005567 
 1071      EC16B7DA 
 1072 0118 C918253F 		.ascii	"\311\030%?\241\032+\363\320\363\336\315O\343\267MS\276"
 1072      A11A2BF3 
 1072      D0F3DECD 
 1072      4FE3B74D 
 1072      53BE
 1073 012a 977C1E71 		.ascii	"\227|\036qK#+\265;\245\346B7Y\231\365g\315{\300\014"
 1073      4B232BB5 
 1073      3BA5E642 
 1073      375999F5 
 1073      67CD7BC0 
 1074 013f 581373F7 		.ascii	"X\023s\367\237\364tz\026\000\333\214\214\001e\217A]"
 1074      9FF4747A 
 1074      1600DB8C 
 1074      8C01658F 
 1074      415D
 1075 0151 0AA20ECC 		.ascii	"\012\242\016\314\232\325\276\207J\375\330Y\346!\274"
 1075      9AD5BE87 
 1075      4AFDD859 
 1075      E621BC
 1076 0160 C3036EF6 		.ascii	"\303\003n\366\336OPeW\231\333\230\003\016\033\250c\332"
 1076      DE4F5065 
 1076      5799DB98 
 1076      030E1BA8 
 1076      63DA
 1077 0172 78D1DCAD 		.ascii	"x\321\334\255-\226+=\333\2456tl| \035h\2226\246\313"
 1077      2D962B3D 
 1077      DBA53674 
 1077      6C7C201D 
 1077      689236A6 
 1078 0187 36C4EA7F 		.ascii	"6\304\352\177\020\347\211h\375#j\307\374\257\365\347"
 1078      10E78968 
 1078      FD236AC7 
 1078      FCAFF5E7 
 1079 0197 B3E7A9B3 		.ascii	"\263\347\251\263\272\301l\031\371\205\265\323\346\377"
 1079      BAC16C19 
 1079      F985B5D3 
 1079      E6FF
 1080 01a5 28F2F689 		.ascii	"(\362\366\211\220\257\353\364HtP\\\222\311\234\024q"
 1080      90AFEBF4 
 1080      4874505C 
 1080      92C99C14 
 1080      71
 1081 01b6 37297D71 		.ascii	"7)}q2)3\276\227\025\027\234\023N\3249%r\004\307\262"
 1081      322933BE 
 1081      9715179C 
 1081      134ED439 
 1081      257204C7 
 1082 01cb 39EF72D2 		.ascii	"9\357r\322\365\3311\307\011o}\243\251\364P\372\242\177"
 1082      F5D931C7 
ARM GAS  C:\Users\acest\AppData\Local\Temp\ccJk6qcZ.s 			page 28


 1082      096F7DA3 
 1082      A9F450FA 
 1082      A27F
 1083 01dd 2591F6C2 		.ascii	"%\221\366\302\256\216=\331\037\211D\302\236\014\247"
 1083      AE8E3DD9 
 1083      1F8944C2 
 1083      9E0CA7
 1084 01ec E2C36199 		.ascii	"\342\303a\231s\365\034\223\276\3432;>$\375\364H\262"
 1084      73F51C93 
 1084      BEE3323B 
 1084      3E24FDF4 
 1084      48B2
 1085 01fe 7B0371FA 		.ascii	"{\003q\372\342G\373\006\022\211\010;\353\016\012C\227"
 1085      E247FB06 
 1085      1289083B 
 1085      EB0E0A43 
 1085      97
 1086 020f 464A6C91 		.ascii	"FJl\221\022\236\024D\020Y/\347K!\375\221\201~1<\234"
 1086      129E1444 
 1086      10592FE7 
 1086      4B21FD91 
 1086      817E313C 
 1087 0224 10F21A89 		.ascii	"\020\362\032\211\271\231\253\021\321\226\213\021\350"
 1087      B999AB11 
 1087      D1968B11 
 1087      E8
 1088 0231 A4D85F58 		.ascii	"\244\330_Xm\004\233"
 1088      6D049B
 1089              		.text
 1090              		.section	.gnu.lto_stStopAlarm.405.b3bfa7f1,"e",%progbits
 1091 0000 789C4D4F 		.ascii	"x\234MO1k\024A\030\375\336\216Q\202\205\220&? \215B"
 1091      316B1441 
 1091      18FDDE8E 
 1091      51828590 
 1091      263F208D 
 1092 0015 D8F5CE2E 		.ascii	"\330\365\316.6\221\213\205\255\222n\340H\366\026n\315"
 1092      36918B85 
 1092      AD926EE0 
 1092      48F6166E 
 1092      CD
 1093 0026 C91E3B13 		.ascii	"\311\036;\023\301\352\306Kw\240\227\213ER\304\204\300"
 1093      C1EAC64B 
 1093      77A0978B 
 1093      4552C484 
 1093      C0
 1094 0037 12D2A549 		.ascii	"\022\322\245I\342%6\213 B\312\330Z\210\020\010\202g"
 1094      E225368B 
 1094      2042CAD8 
 1094      5A881008 
 1094      8267
 1095 0049 489A1411 		.ascii	"H\232\024\021\375f\356\220\033f\370\276\367\346\315"
 1095      FD66EE90 
 1095      1B66F8BE 
 1095      F7E6CD
 1096 0058 FBDEDC06 		.ascii	"\373\336\334\006\321\036\021M\360\201 \254tZ\036\031"
 1096      D11E114D 
 1096      F08120AC 
ARM GAS  C:\Users\acest\AppData\Local\Temp\ccJk6qcZ.s 			page 29


 1096      745A1E19 
 1097 0068 63A66F79 		.ascii	"c\246oyx\335i\215b\037\016\201\032\036\032x'\3561\274"
 1097      78DD698D 
 1097      621F0E81 
 1097      1A1E1A78 
 1097      27EE31BC 
 1098 007c 3A5D7DF3 		.ascii	":]}\363\031f'G&\2106\370\014\326\315\001\302\272\200"
 1098      19662747 
 1098      268836F8 
 1098      0CD6CD01 
 1098      C2BA80
 1099 008f EB810390 		.ascii	"\353\201\003\220\005\366\325\227\"\261\035\223V\207"
 1099      05F6D597 
 1099      22B11D93 
 1099      5687
 1100 009d 0FEE8EC7 		.ascii	"\017\356\216\307\323\356\311Hn\256\377\266\215\371}"
 1100      D3EEC948 
 1100      6EAEFFB6 
 1100      8DF97D
 1101 00ac B7BBBE3D 		.ascii	"\267\273\276=\312\016maC\230\03309\321\262\360\372`"
 1101      CA0E6D61 
 1101      43981B30 
 1101      39D1B2F0 
 1101      FA60
 1102 00be 89C14F98 		.ascii	"\211\301O\230\037\233\307\260\365\362\327\333o\275\357"
 1102      1F9BC7B0 
 1102      F5F2D7DB 
 1102      6FBDEF
 1103 00cd 63ECE4D8 		.ascii	"c\354\344\330\313\336\032\320\005\365\360\351bg\234"
 1103      CBDE1AD0 
 1103      05F5F0E9 
 1103      62679C
 1104 00dc 87AE888C 		.ascii	"\207\256\210\214\003\320\377\316\2310\332\006e\302\303"
 1104      03D0FFCE 
 1104      9930DA06 
 1104      65C2C3
 1105 00eb 117008BA 		.ascii	"\021p\010\272\277e\314\331\235L\010|\304{\341rY5\207"
 1105      BF65CCD9 
 1105      9D4C087C 
 1105      C47BE172 
 1105      593587
 1106 00fe A40B34CF 		.ascii	"\244\0134\317\3774\277\316ph\367\273\266\350[\240\231"
 1106      FF34BFCE 
 1106      7068F7BB 
 1106      B6E85BA0 
 1106      99
 1107 010f 5B38599A 		.ascii	"[8Y\232\222\263*J\225\234\013#\245\345L\244\026tR\227"
 1107      92B32A4A 
 1107      959C0B23 
 1107      A5E54CA4 
 1107      16745297 
 1108 0123 4FFD477E 		.ascii	"O\375G~\311\177,S\246\313\3654y\036\205\232\036\372"
 1108      C97F2C53 
 1108      A6CBF534 
 1108      791E859A 
 1108      1EFA
 1109 0135 7E30BC4B 		.ascii	"~0\274K\325x>~\246\027+q\022\204\266OT\261P(\004\211"
ARM GAS  C:\Users\acest\AppData\Local\Temp\ccJk6qcZ.s 			page 30


 1109      D5783E7E 
 1109      A6172B71 
 1109      1284B64F 
 1109      54B15028 
 1110 014b 0AAA73B5 		.ascii	"\012\252s\265@\245\241\255e\245\375\220\236\204S\322"
 1110      40A5A1AD 
 1110      65A5FD90 
 1110      9E8453D2 
 1111 015b 6994D3CB 		.ascii	"i\224\323\313!\275L\224d\235\254'\251VR\351\027\017"
 1111      21BD4C94 
 1111      649DAC27 
 1111      A95652E9 
 1111      170F
 1112 016d 8AB256AB 		.ascii	"\212\262V\253H\365J\3518\\xY\220}\2272\223~\225\376"
 1112      48F54AE9 
 1112      385C7859 
 1112      907D9732 
 1112      937E95FE 
 1113 0181 01DCD099 		.ascii	"\001\334\320\231\037"
 1113      1F
 1114              		.text
 1115              		.section	.gnu.lto_stSetAlarm.406.b3bfa7f1,"e",%progbits
 1116 0000 789C5D51 		.ascii	"x\234]QMh\023A\024~\337N\232\020/B\017\236<\024E\304"
 1116      4D681341 
 1116      147EDF4E 
 1116      9A102F42 
 1116      0F9E3C14 
 1117 0016 229B9F82 		.ascii	"\"\233\237\202\207\352A\211\202\212'\305\333@H7\201"
 1117      87EA4189 
 1117      828A27C5 
 1117      DB404837 
 1117      81
 1118 0027 C4A46CC8 		.ascii	"\304\244l\310\254\202\247\216\351-\010\261UP$\012J\220"
 1118      AC82A78E 
 1118      E92D08B1 
 1118      5550240A 
 1118      4A90
 1119 0039 AAA0F4A0 		.ascii	"\252\240\364\240m\254\326\264P\020\021\025A\244\010"
 1119      6DACD6B4 
 1119      50101115 
 1119      41A408
 1120 0048 5A0A8278 		.ascii	"Z\012\202x\260Z/=(\372f\222\226\342\262\263\357\275"
 1120      B05A2F3D 
 1120      28FA6692 
 1120      96E2B2B3 
 1120      EFBD
 1121 005a 6FDEF77D 		.ascii	"o\336\367}\363f\027A\364\206\210v\362\202 \214\217\325"
 1121      F3661741 
 1121      F4868876 
 1121      F282208C 
 1121      8FD5
 1122 006c 1CD25A1F 		.ascii	"\034\322Z\037\2148\2700V\213\242\005[\201F\034\214\340"
 1122      8C38B830 
 1122      568BA205 
 1122      5B81461C 
 1122      8CE0
 1123 007e B2D8C3E5 		.ascii	"\262\330\303\345\332\227\253\367\027\240'\332h\012\242"
ARM GAS  C:\Users\acest\AppData\Local\Temp\ccJk6qcZ.s 			page 31


 1123      DA97ABF7 
 1123      17A027DA 
 1123      680AA2
 1124 008d 9BBCECD3 		.ascii	"\233\274\354\323\020\030\027M\001\204\272\231\203>\316"
 1124      1018174D 
 1124      0184BA99 
 1124      833ECE
 1125 009c 449176B7 		.ascii	"D\221v\267\265~;3\255u\224\232B`\012\314\301c\340\021"
 1125      B57E3B33 
 1125      AD75949A 
 1125      42600ACC 
 1125      C163E011 
 1126 00b0 BB33A026 		.ascii	"\2733\240&{\210\302]%0\305\346\300\023\030MC^k\324^"
 1126      7B88C25D 
 1126      2530C5E6 
 1126      C013184D 
 1126      435E6BD4 
 1127 00c5 4F1D5818 		.ascii	"O\035X\030\325G\327\371\350\3621\003\2430\027\346\316"
 1127      D547D7F9 
 1127      E8F23103 
 1127      A33017E6 
 1127      CE
 1128 00d6 5DA67376 		.ascii	"]\246sv\361\336\305\210~\241C\377;qg\347\220a3\302\207"
 1128      F1DEC588 
 1128      7EA143FF 
 1128      3B7167E7 
 1128      906133C2 
 1129 00eb 249E32D6 		.ascii	"$\2362\3262R\306\033\317\254\237iy\370\256\247\255\177"
 1129      3252C61B 
 1129      CFAC9F69 
 1129      79F8AEA7 
 1129      AD7F
 1130 00fd FFAD6BFD 		.ascii	"\377\255k\375\271\377U\343A4\344\000\323\274Q\027\346"
 1130      B9FF55E3 
 1130      4134E400 
 1130      D3BC5117 
 1130      E6
 1131 010e 667408BA 		.ascii	"ft\010\272MtI8\235b\224\213o\320\313\037_\302\304\035"
 1131      4D744938 
 1131      9D62948B 
 1131      6FD0CB1F 
 1131      5FC2C41D 
 1132 0122 1B9FE54F 		.ascii	"\033\237\345O[8T\373\330\347\266p\014\362\253u\245\261"
 1132      5B3854FB 
 1132      D8E7B670 
 1132      0CF2AB75 
 1132      A5B1
 1133 0134 B2D4CB56 		.ascii	"\262\324\313Vv\177r\345\0320\013\372\216\371\353w\267"
 1133      767F72E5 
 1133      1A300BFA 
 1133      8EF9EB77 
 1133      B7
 1134 0145 77EF2C04 		.ascii	"w\357,\004\332\310\254\001Ww\300\267\324\2036\360\334"
 1134      DAC8AC01 
 1134      5777C0B7 
 1134      D48336F0 
 1134      DC
ARM GAS  C:\Users\acest\AppData\Local\Temp\ccJk6qcZ.s 			page 32


 1135 0156 EEC66F69 		.ascii	"\356\306oi\375ukS\2041\207\033\302\236=\311\320\304"
 1135      FD756B53 
 1135      8431871B 
 1135      C29E3DC9 
 1135      D0C4
 1136 0168 B6A68860 		.ascii	"\266\246\210`\036\350\267P\307\264\372\343\317\352\373"
 1136      1EE8B750 
 1136      C7B4FAE3 
 1136      CFEAFB
 1137 0177 133CA719 		.ascii	"\023<\247\031\227VQ]\372y\334\376\255\272\350\350\243"
 1137      9756515D 
 1137      FA79DCFE 
 1137      ADBAE8E8 
 1137      A3
 1138 0188 DA36E5DE 		.ascii	"\3326\345\336\324\240<\255r\025%3^N\005\362pN\025\003"
 1138      D4A03CAD 
 1138      72152533 
 1138      5E4E05F2 
 1138      704E1503 
 1139 019c BF2C4FBA 		.ascii	"\277,O\272\207\334\224{DV\030N\227+\376\231\234\027"
 1139      87DC947B 
 1139      4456184E 
 1139      972BFE99 
 1139      9C17
 1140 01ae D07ED78D 		.ascii	"\320~\327\215m~S\371\302P\341Tp6[\360c\236\311}\225"
 1140      6D7E53F9 
 1140      C250E154 
 1140      70365BF0 
 1140      639EC97D 
 1141 01c3 4C241231 		.ascii	"L$\0221_\305\362\231RLU<\023\323*p=\212d\206TP\030\316"
 1141      5FC5F299 
 1141      524C553C 
 1141      13D32A70 
 1141      3D8A6486 
 1142 01db F5AE236E 		.ascii	"\365\256#n<\263/>\220\315&\350\2307(-]Y)\271IJ\372J"
 1142      3CB32F3E 
 1142      90CD26E8 
 1142      9837282D 
 1142      5D5929B9 
 1143 01f3 324196FD 		.ascii	"2A\226\375J\240\244\012\206\007\222\262T\312Ju\236\305"
 1143      4AA0A40A 
 1143      860792B2 
 1143      54CA4A75 
 1143      9EC5
 1144 0205 BCE2B984 		.ascii	"\274\342\271\204\354\310\245\031t\363\364\017m\243\340"
 1144      ECC8A519 
 1144      74F3F40F 
 1144      6DA3E0
 1145 0214 D6       		.ascii	"\326"
 1146              		.text
 1147              		.section	.gnu.lto_stGetAlarm.407.b3bfa7f1,"e",%progbits
 1148 0000 789C4D50 		.ascii	"x\234MP\277K\034A\024~\337\316z*\222*\377@\220\220\240"
 1148      BF4B1C41 
 1148      147EDFCE 
 1148      7A2A922A 
 1148      FF409090 
 1149 0015 C86EEED2 		.ascii	"\310n\356\322\231&rI\221*\020\261\0338\314zp\027/\354"
ARM GAS  C:\Users\acest\AppData\Local\Temp\ccJk6qcZ.s 			page 33


 1149      99267249 
 1149      912A10B1 
 1149      1B38CC7A 
 1149      70172FEC 
 1150 0029 B1B309A4 		.ascii	"\261\263\011\244rb:\213\\4E\004OAYDAHs\376\376\301\222"
 1150      72623A8B 
 1150      5C344504 
 1150      4F415944 
 1150      414873FE 
 1151 0040 2A602392 		.ascii	"*`#\222\306* H$\240\006\323X$\2307s\022\034f\346\275"
 1151      C62A2048 
 1151      24A006D3 
 1151      58249837 
 1151      73121C66 
 1152 0056 EF9B6FBE 		.ascii	"\357\233o\276\367f\236\202\250ADwxA\020&\306\307\034"
 1152      F7669E82 
 1152      A8414477 
 1152      78411026 
 1152      C6C71C
 1153 0069 D25A3F6C 		.ascii	"\322Z?lu\360v|\354r\251\341b\025\226\000\2158\030\301"
 1153      75F0767C 
 1153      EC72A9E1 
 1153      62159600 
 1153      8D3818C1 
 1154 007d 47511798 		.ascii	"GQ\027\230\020\011\213\335\253\014\270\325\225j}q\364"
 1154      10098BDD 
 1154      AB0CB8D5 
 1154      956A7D71 
 1154      F4
 1155 008e 69F72853 		.ascii	"i\367(S_H\335D84\303\202e\240\301\005\314\310\220a\270"
 1155      5F48DD44 
 1155      3834C382 
 1155      65A0C105 
 1155      CCC89061 
 1156 00a3 08DFB139 		.ascii	"\010\337\2619\260\0062\200\315/~\314\261z\025\314\032"
 1156      B0063280 
 1156      CD2F7ECC 
 1156      B17A15CC 
 1156      1A
 1157 00b4 21D6EDA1 		.ascii	"!\326\355\241\271\371y\277%\325\177.kZ\177\357\331\252"
 1157      B9F979BF 
 1157      25D57F2E 
 1157      6B5A7FEF 
 1157      D9AA
 1158 00c6 AFB4B371 		.ascii	"\257\264\263q\"\330\247&L\227\332\205N\211>\010\247"
 1158      22D8A726 
 1158      4C97DA85 
 1158      4E893E08 
 1158      A7
 1159 00d7 09DE31F8 		.ascii	"\011\3361\370\011}8\265\013\023;\377o\2073\035&\374"
 1159      097D38B5 
 1159      0B133BFF 
 1159      6F87331D 
 1159      26FC
 1160 00e9 3E79FFED 		.ascii	">y\377\355\354\353M\366\267\344\301\331$\260\001:\305"
 1160      ECEB4DF6 
 1160      B7E4C1D9 
ARM GAS  C:\Users\acest\AppData\Local\Temp\ccJk6qcZ.s 			page 34


 1160      24B0013A 
 1160      C5
 1161 00fa 97BDC51B 		.ascii	"\227\275\305\033s\302\271z\217k\033kf\326\230\321<\270"
 1161      73C2B97A 
 1161      8F6B1B6B 
 1161      66D698D1 
 1161      3CB8
 1162 010c 700BB680 		.ascii	"p\013\266\200M{zoV\353\343\333\211\310`\033\323\302"
 1162      4D7B7A6F 
 1162      56EBE3DB 
 1162      89C8601B 
 1162      D3C2
 1163 011e F69C636A 		.ascii	"\366\234cj\341n\"Z\261\003t[\212\3161\372\353\357\371"
 1163      E16E225A 
 1163      B103745B 
 1163      8ACE31FA 
 1163      EBEFF9
 1164 0131 C1711BBF 		.ascii	"\301q\033\277\216\013\230\237\250\211\246)FS\003{\362"
 1164      8E0B989F 
 1164      A889A629 
 1164      4653037B 
 1164      F2
 1165 0142 BD724015 		.ascii	"\275r@\025#%\007\203\242\212\345\243\242\032\216\303"
 1165      23250783 
 1165      A28AE5A3 
 1165      A21A8EC3 
 1166 0152 AA7CE6F5 		.ascii	"\252|\346\365yy\357\261\214\230.T\243\360E1\210\351"
 1166      7979EFB1 
 1166      8C982E54 
 1166      A3F04531 
 1166      88E9
 1167 0164 81E7F9D7 		.ascii	"\201\347\371\327g\276T~^\356\217_\015\225C?0y\250r\331"
 1167      67BE547E 
 1167      5EEE8F5F 
 1167      0D95433F 
 1167      3079A872 
 1168 0179 6CD60F95 		.ascii	"l\326\017\225_\032\254\370*\012L,\250\330\013\350I\320"
 1168      5F1AACF8 
 1168      2A0A4C2C 
 1168      A8D80BE8 
 1168      49D0
 1169 018b 2BAD4659 		.ascii	"+\255FY\275\274\246\227\241\222\254\223\3250\212\225"
 1169      BDBCA697 
 1169      A192AC93 
 1169      D5308A95 
 1170 019b 54F1CBFB 		.ascii	"T\361\313\3739Y\251\014I\365F\305\345`\370uV6]\012L"
 1170      3959A90C 
 1170      49F546C5 
 1170      E560F875 
 1170      56365D0A 
 1171 01b0 7A25FA07 		.ascii	"z%\372\007\263\252\257\301"
 1171      B3AAAFC1 
 1172              		.text
 1173              		.section	.gnu.lto_stIsAlarmActive.408.b3bfa7f1,"e",%progbits
 1174 0000 789C4D50 		.ascii	"x\234MP=K\034A\030~\237\235U\223\326?`'\010\262\353"
 1174      3D4B1C41 
 1174      187E9F9D 
ARM GAS  C:\Users\acest\AppData\Local\Temp\ccJk6qcZ.s 			page 35


 1174      5593D63F 
 1174      602708B2 
 1175 0015 79DDA551 		.ascii	"y\335\245Q/\026\266J\272\201\303\254\007w\271\013{\354"
 1175      2F16B64A 
 1175      BA81C3AC 
 1175      0777B90B 
 1175      7BEC
 1176 0027 AC422A27 		.ascii	"\254B*'Z\010\026~\222\017B\022p9$ib\243\346\343,\226"
 1176      5A08167E 
 1176      920F4212 
 1176      70392469 
 1176      62A3E6E3 
 1177 003d 40FEC081 		.ascii	"@\376\300\201]\202!`\243\250\341\004\261\020\364\235"
 1177      5D822160 
 1177      A3A8E104 
 1177      B110F49D 
 1178 004d D9C6613E 		.ascii	"\331\306a>\336\347\231g\236\367a\306@\264KD\375\274"
 1178      DEE79967 
 1178      9EF761C6 
 1178      40B44B44 
 1178      FDBC
 1179 005f 20081BEB 		.ascii	" \010\033\353\313\016i\255Gz\034\274\\_\276\370\262"
 1179      CB0E69AD 
 1179      477A1CBC 
 1179      5C5FBEF8 
 1179      B2
 1180 0070 EB620F96 		.ascii	"\353b\017\226\000\315;\230\307\246\030H\265\276>~s\372"
 1180      00CD3B98 
 1180      C7A61848 
 1180      B5BE3E7E 
 1180      73FA
 1181 0082 0BEF3EA5 		.ascii	"\013\357>\245h\012\242\217\3742\217!\262\243\333b\266"
 1181      680AA28F 
 1181      FC328F21 
 1181      B2A3DB62 
 1181      B6
 1182 0093 7B2F606B 		.ascii	"{/`k`\037d\000\333\\_%\254\335\003\263F\210\257\366"
 1182      601F6400 
 1182      DB5C5F25 
 1182      ACDD03B3 
 1182      4688AFF6 
 1183 00a7 9243D04E 		.ascii	"\222C\320N\273+\3257\267\253Z\037y\007\277[\017\273"
 1183      BB2BD537 
 1183      B7AB5A1F 
 1183      7907BF5B 
 1183      0FBB
 1184 00b9 1C6A0A8E 		.ascii	"\034j\012\216\304\233K\246\011\255\012\223L\273\320"
 1184      C49B4BA6 
 1184      09AD0A93 
 1184      4CBBD0
 1185 00c8 29D19A70 		.ascii	")\321\232p2\260\310\340\004:\3511\373\345\331\312Z\347"
 1185      32B0C8E0 
 1185      043AE931 
 1185      FBE5D9CA 
 1185      5AE7
 1186 00da 6F2FDB1A 		.ascii	"o/\333\032\364\357U\347-\360\015t\216\237\007\237\373"
 1186      F4EF55E7 
ARM GAS  C:\Users\acest\AppData\Local\Temp\ccJk6qcZ.s 			page 36


 1186      2DF00D74 
 1186      8E9F079F 
 1186      FB
 1187 00eb 12E1708A 		.ascii	"\022\341p\212\015\321\024\216\315\223U\326\205\3216"
 1187      0DD1148E 
 1187      CD9355D6 
 1187      85D136
 1188 00fa B88BC00F 		.ascii	"\270\213\300\017\340;hhK\353\007M\341\242\205\017\302"
 1188      E03B6868 
 1188      4BEB074D 
 1188      E1A2850F 
 1188      C2
 1189 010b C6648FC5 		.ascii	"\306d\217\305\327Kgn\"\004\373\230\247\200c\310\366"
 1189      D74B676E 
 1189      2204FB98 
 1189      A78063C8 
 1189      F6
 1190 011c D2211261 		.ascii	"\322!\022a\370\214$\352`\341\377M\373\217\3718\276 "
 1190      F88C24EA 
 1190      60E1FF4D 
 1190      FB8FF938 
 1190      BE20
 1191 012e 9B3C6B83 		.ascii	"\233<k\203\205\324\300\301bA>Q\345H\311\351\240\254"
 1191      85D4C0C1 
 1191      62413E51 
 1191      E548C9E9 
 1191      A0AC
 1192 0140 62F9B8AC 		.ascii	"b\371\270\254jq\330\220\223\336\250W\364\306e\304t\251"
 1192      6A71D890 
 1192      93DEA857 
 1192      F4C665C4 
 1192      74A9
 1193 0152 1185CFCA 		.ascii	"\021\205\317\312AL\217<\317\277?\213\225\352\323\352"
 1193      414C8F3C 
 1193      CFBF3F8B 
 1193      95EAD3EA 
 1194 0162 543C3B53 		.ascii	"T<;S\015\375\300\324\241\032\316\345r~\250\374\312t"
 1194      0DFDC0D4 
 1194      A11ACEE5 
 1194      727EA8FC 
 1194      CA74
 1195 0174 DD575160 		.ascii	"\335WQ`\316\222\212\275\200&\202\202\264\032e\365\362"
 1195      CE928ABD 
 1195      80268282 
 1195      B41A65F5 
 1195      F2
 1196 0185 9E5E864A 		.ascii	"\236^\206J\262N6\302(VR\305\317\363\303\262^\237\221"
 1196      B24E36C2 
 1196      285652C5 
 1196      CFF3C3B2 
 1196      5E9F91
 1197 0198 EA858AAB 		.ascii	"\352\205\212\253Am.'3\227\022\223^\205\356\000n\233"
 1197      416D2E27 
 1197      33971293 
 1197      5E85EE00 
 1197      6E9B
 1198 01aa A8C0     		.ascii	"\250\300"
ARM GAS  C:\Users\acest\AppData\Local\Temp\ccJk6qcZ.s 			page 37


 1199              		.text
 1200              		.section	.gnu.lto_.symbol_nodes.b3bfa7f1,"e",%progbits
 1201 0000 789C75CF 		.ascii	"x\234u\317K\025\200@\014C\321\224\014\214\014\314\340"
 1201      4B158040 
 1201      0C43D194 
 1201      0C8C0CCC 
 1201      E0
 1202 0011 2B83030E 		.ascii	"+\203\003\016\177\254 \0023\010\200\341\263\355\333"
 1202      7FAC2002 
 1202      330880E1 
 1202      B3EDDB
 1203 0020 DE66D113 		.ascii	"\336f\321\023\271\242\247\220r\301\272\003\020\260\247"
 1203      B9A2A790 
 1203      72C1BA03 
 1203      10B0A7
 1204 002f D6607871 		.ascii	"\326`xq\240\314\305\221*\\\234(\2728S\301\305\205*]"
 1204      A0CCC591 
 1204      2A5C9C28 
 1204      BA3853C1 
 1204      C5852A5D 
 1205 0043 5CA9CA43 		.ascii	"\\\251\312C\333\250x\375\325\357\001\236\327\036%\342"
 1205      DBA878FD 
 1205      D5EF019E 
 1205      D71E25E2 
 1206 0053 376B7003 		.ascii	"7kp\003\3412>~"
 1206      E1323E7E 
 1207              		.text
 1208              		.section	.gnu.lto_.refs.b3bfa7f1,"e",%progbits
 1209 0000 789C6364 		.ascii	"x\234cd\000\002\000\000\012\000\002"
 1209      00020000 
 1209      0A0002
 1210              		.text
 1211              		.section	.gnu.lto_.decls.b3bfa7f1,"e",%progbits
 1212 0000 789CB556 		.ascii	"x\234\265V}PT\327\025\277\347\336\267\037<\327@\011"
 1212      7D5054D7 
 1212      15BFE7DE 
 1212      B71F3CD7 
 1212      4009
 1213 0012 D6763A63 		.ascii	"\326v:c\231\264\035\231N\002\354\322\350\324L[\310\202"
 1213      99B41D99 
 1213      4E02ECD2 
 1213      E8D44C5B 
 1213      C882
 1214 0024 C64935CE 		.ascii	"\306I5\316b:mggv\350\356N\240Q\227\262O\247\235\351"
 1214      623A6D67 
 1214      6776E8EE 
 1214      4EA05197 
 1214      B24FA79D 
 1215 0039 1F2F82F8 		.ascii	"\037/\202\370\211Z\211J\374D\223(\306\304\240AA1\212"
 1215      895A894A 
 1215      FC449328 
 1215      C6C4A041 
 1215      41318A
 1216 004c 1295881F 		.ascii	"\022\225\210\037\230j\225\372\005~\202\032\305\212\211"
 1216      986A95FA 
 1216      057E821A 
 1216      C58A89
ARM GAS  C:\Users\acest\AppData\Local\Temp\ccJk6qcZ.s 			page 38


 1217 005b 8AD19E7B 		.ascii	"\212\321\236{\337\027\313\222\231\2663]8\357\335{\366"
 1217      DF17CB92 
 1217      99B6335D 
 1217      38EFDD7B 
 1217      F6
 1218 006c 777EE777 		.ascii	"w~\347w\316\275\357\356;4\224\220vJ\310\363hO\361\343"
 1218      CEBDEFEE 
 1218      3B349490 
 1218      764AC8F3 
 1218      684FF1E3 
 1219 0080 24849C40 		.ascii	"$\204\234@\003\264F\242}\270o?\332\001\264\317\321Z"
 1219      03B446A2 
 1219      7DB86F3F 
 1219      DA01B4CF 
 1219      D15A
 1220 0092 D18EA21D 		.ascii	"\321\216\242\035G\373\007\332\031\022\377\231\205\004"
 1220      47FB07DA 
 1220      1912FF99 
 1220      8504
 1221 00a0 0CEF8568 		.ascii	"\014\357\205h\355h\373t?\325\271\006\213\231\2171\016"
 1221      ED68FB74 
 1221      3FD5B906 
 1221      8B998F31 
 1221      0E
 1222 00b1 BC27A3A5 		.ascii	"\274'\243\245\350\371G\242e\241\337\203vA\327\225\001"
 1222      E8F947A2 
 1222      65A1DF83 
 1222      7641D795 
 1222      01
 1223 00c2 1A0FD7F3 		.ascii	"\032\017\327\363\"\304\363T\202\246\271p\000\227\301"
 1223      22C4F354 
 1223      82A6B970 
 1223      0097C1
 1224 00d1 43752EAE 		.ascii	"Cu.\256\357\3738\036\216\366S\235\223\3277z\020\316"
 1224      EFFB381E 
 1224      8EF6539D 
 1224      93D7377A 
 1224      10CE
 1225 00e3 E5E89374 		.ascii	"\345\350\223t\316\201z\214X\336\227\237\017\022\273"
 1225      CE817A8C 
 1225      58DE979F 
 1225      0F12BB
 1226 00f2 F23FD403 		.ascii	"\362?\324\003\272\036\252\367\367\245A\270\326\352\\"
 1226      BA1EAAF7 
 1226      F7A541B8 
 1226      D6EA5C
 1227 0101 DFD6A3C1 		.ascii	"\337\326\243\301\270\370:\375b\020\256\217\320g\303"
 1227      B8F83AFD 
 1227      6210AE8F 
 1227      D067C3
 1228 0110 FBC96FE9 		.ascii	"\373\311o\351\263Q\027_\343_\015\022\277\204\301H\340"
 1228      B351175F 
 1228      E35F0D12 
 1228      BF84C148 
 1228      E0
 1229 0121 9B26518C 		.ascii	"\233&Q\214\010\243$C\025\237\365?$\260C\213\030;\204"
 1229      08A32443 
ARM GAS  C:\Users\acest\AppData\Local\Temp\ccJk6qcZ.s 			page 39


 1229      159FF53F 
 1229      24B0438B 
 1229      183B84
 1230 0134 FD8E2393 		.ascii	"\375\216#\223A\302k\012\244\256d\364\223\3225\225.\271"
 1230      41C26B0A 
 1230      A4AE64F4 
 1230      93D23595 
 1230      2EB9
 1231 0146 49557BD4 		.ascii	"IU{\324\246\262\004\002\273\000v\002\201\006@\226z\200"
 1231      A6B20402 
 1231      BB007602 
 1231      81064096 
 1231      7A80
 1232 0158 ED007580 		.ascii	"\355\000u\200\260\315\227\033\317\273\256\202\320 \205"
 1232      B0CD971B 
 1232      CFBBAE82 
 1232      D02085
 1233 0167 00E0CC28 		.ascii	"\000\340\314(\274\310\344\367\214\244\250T\245\366\020"
 1233      BCC8E4F7 
 1233      8CA4A854 
 1233      A5F610
 1234 0176 A3329359 		.ascii	"\2432\223YHn\201\021i\275,\333I\323\022egM3$\3116'\245"
 1234      486E8111 
 1234      69BD2CDB 
 1234      49D31265 
 1234      674D3324 
 1235 018e 5D8E909C 		.ascii	"]\216\220\234\366\010>\244\325\366\324lU\012-\030\326"
 1235      F6083EA4 
 1235      D5F6D46C 
 1235      550A2D18 
 1235      D6
 1236 019f E550E9E2 		.ascii	"\345P\351\342\211)Y\331x\355r\264@\010\243&I\316$\034"
 1236      892959D9 
 1236      78ED72B4 
 1236      4008A326 
 1236      49CE241C 
 1237 01b3 7539E45E 		.ascii	"u9\344^V]a\017\035\245sFB\013\310!O\012V\222\355t\216"
 1237      565D610F 
 1237      1DA57346 
 1237      420BC821 
 1237      4F0A5692 
 1238 01ca 48DCCFF6 		.ascii	"H\334\317\366\263\261\330wg\355\226ar\227#\021)\322"
 1238      B3B1D877 
 1238      67ED9661 
 1238      72972311 
 1238      29D2
 1239 01dc 42A949A1 		.ascii	"B\251I\241\324\304\026\260\205BrJ\032A\021!\217'\233"
 1239      D4C416B0 
 1239      8542724A 
 1239      1A411121 
 1239      8F279B
 1240 01ef CAC82C39 		.ascii	"\312\310,9[\300\303\300\345Q;o\016\227mr\302\210\324"
 1240      5BC0C3C0 
 1240      E5513B6F 
 1240      0E976D72 
 1240      C288D4
 1241 0202 34424264 		.ascii	"4BBd,E^\366\324\370\200\003s\206\254)@\232L=\224\275"
ARM GAS  C:\Users\acest\AppData\Local\Temp\ccJk6qcZ.s 			page 40


 1241      2C455EF6 
 1241      D4F88003 
 1241      7386AC29 
 1241      409A4C3D 
 1242 0218 DA850F01 		.ascii	"\332\205\017\001\245\251\204\250\222\323\345\002\025"
 1242      A5A984A8 
 1242      92D3E502 
 1242      15
 1243 0225 6F098157 		.ascii	"o\011\201WC\223<2\351rP\374*E\002\225\202\025)\333\011"
 1243      43933C32 
 1243      E97250FC 
 1243      2A450295 
 1243      821529DB 
 1244 023a 402BC316 		.ascii	"@+\303\026\212?~\001\375\002|\012\332\263m\244\021~"
 1244      8A3F7E01 
 1244      FD027C0A 
 1244      DAB36DA4 
 1244      117E
 1245 024c BEC65447 		.ascii	"\276\306TGs\210\3465o\372\230\003\250\316C\365e\007"
 1245      7388E635 
 1245      6FFA9803 
 1245      A8CE43F5 
 1245      6507
 1246 025e 2D464FC2 		.ascii	"-FO\302\257\375\310M\010\350\020\203G\213\321\001f\254"
 1246      AFFDC84D 
 1246      08E81083 
 1246      478BD101 
 1246      66AC
 1247 0270 3EE43904 		.ascii	">\3449\004\230\366\217\021q1\302-Jb\322\032\222\210"
 1247      98F68F11 
 1247      7131C22D 
 1247      4A62D21A 
 1247      9288
 1248 0282 36C17DB3 		.ascii	"6\301}\263\257\362\354l\3335\354\233\272{a7\203a\213"
 1248      AFF2EC6C 
 1248      DB35EC9B 
 1248      BA7B6137 
 1248      83618B
 1249 0295 B309B0BF 		.ascii	"\263\011\260\277j\233\220\212M\230\204\250\331\215\013"
 1249      6A9B908A 
 1249      4D9884A8 
 1249      D98D0B
 1250 02a4 5BE5E108 		.ascii	"[\345\341\010\272\245\252)P\010M\000{y\202}\310\035"
 1250      BAA5AA29 
 1250      50084D00 
 1250      7B79827D 
 1250      C81D
 1251 02b6 113C1BB7 		.ascii	"\021<\033\267W\364&>WU\245>X>\257w\375\217:\033Tu\026"
 1251      57F4263E 
 1251      5755A53E 
 1251      583EAF77 
 1251      FD8F3A1B 
 1252 02cd E29D1C03 		.ascii	"\342\235\034\003{\000\267\252\310\275\007\003>\005\330"
 1252      7B00B7AA 
 1252      C8BD0703 
 1252      3E05D8
 1253 02dc 0D6397D8 		.ascii	"\015c\227\330\331-\340\221\217\332\313\372\034&w#\230"
ARM GAS  C:\Users\acest\AppData\Local\Temp\ccJk6qcZ.s 			page 41


 1253      D92DE091 
 1253      8FDACBFA 
 1253      1C267723 
 1253      98
 1254 02ed E49F99E4 		.ascii	"\344\237\231\344\013.\177V?\224\223\367\034\277\\\376"
 1254      0B2E7F56 
 1254      3F9493F7 
 1254      1CBF5CFE 
 1255 02fd 4C1B7F6A 		.ascii	"L\033\177j\000\277\206f\223\267\331\344-\267\263\207"
 1255      00BF8666 
 1255      93B7D9E4 
 1255      2DB7B387 
 1256 030d 82F7DED2 		.ascii	"\202\367\336\322\257\277d\374\030\342\234\021t,\233"
 1256      AFBF64FC 
 1256      18E29C11 
 1256      742C9B
 1257 031c F9F9FD21 		.ascii	"\371\371\375!\203\024\321\202\261\207@$\272{i\317\011"
 1257      8314D182 
 1257      B1874024 
 1257      BA7B69CF 
 1257      09
 1258 032d 1089EE34 		.ascii	"\020\211\3564\377\251\206oi\374\026\016\232i\016\232"
 1258      FFA9866F 
 1258      69FC160E 
 1258      9A690E9A 
 1259 033d 698EDB58 		.ascii	"i\216\333X9\345!k7t\224S\036R[1k\266\2324\023\203$^"
 1259      39E5216B 
 1259      37749453 
 1259      1E525B31 
 1259      6BB69A34 
 1260 0355 F36133E8 		.ascii	"\363a3\350\260\031t\310\306\226\210\240\023\025\367"
 1260      B01974C8 
 1260      C69688A0 
 1260      1315F7
 1261 0364 AF3D2382 		.ascii	"\257=#\2026[A\230\351\210\031t\304\014z\337\306V\213"
 1261      365B4198 
 1261      E9881974 
 1261      C40C7ADF 
 1261      C6568B
 1262 0377 A08B8D1F 		.ascii	"\240\213\215\037\\w\011q\255W\373w\341\230\031t\314"
 1262      5C770971 
 1262      AD57FB77 
 1262      E1981974 
 1262      CC
 1263 0388 0CFA4A62 		.ascii	"\014\372Jb5\224\260\006\036h\3375\257\356]\351\007\000"
 1263      3594B006 
 1263      1E68DF35 
 1263      AFEE5DE9 
 1263      0700
 1264 039a F89F40E1 		.ascii	"\370\237@\341$\314\344\331N\002\236)]j\231\213@\026"
 1264      24CCE4D9 
 1264      4E029E29 
 1264      5D6A998B 
 1264      4016
 1265 03ac 64123801 		.ascii	"d\0228\001\350\"\360\005\300\337\371y\262\241ie\007"
 1265      E822F005 
 1265      C0DFF979 
ARM GAS  C:\Users\acest\AppData\Local\Temp\ccJk6qcZ.s 			page 42


 1265      B2A16965 
 1265      07
 1266 03bd 98CD3A69 		.ascii	"\230\315:i\255\312)sU\016^n\230\225 \364\334<\2407\353"
 1266      ADCA2973 
 1266      550E5E6E 
 1266      989520F4 
 1266      DC3CA037 
 1267 03d2 14409BA9 		.ascii	"\024@\233\251\246\315TsCb{D\011\013o-\335\213%\250\352"
 1267      A6CD5473 
 1267      43627B44 
 1267      090B6F2D 
 1267      DD8B25A8 
 1268 03e7 83BA6547 		.ascii	"\203\272eG\267\247\356+\255N\343\275:m\306\234\006}"
 1268      B7A7EE2B 
 1268      AD4EE3BD 
 1268      3A6DC69C 
 1268      067D
 1269 03f9 5F1E3E57 		.ascii	"_\036>W\333\347t\211c\257z\277h\250v\360\021h\007\242"
 1269      DBE77489 
 1269      63AF7ABF 
 1269      68A876F0 
 1269      116807A2 
 1270 040d 6DCF0E87 		.ascii	"m\317\016\207\270\235q\260\267\031aU\214\207\2257]o"
 1270      B89D71B0 
 1270      B7196155 
 1270      8C879537 
 1270      5D6F
 1271 041f 73CA1D03 		.ascii	"s\312\035\003O\313\363\375OK\021\325\245q\364\330\305"
 1271      4FCBF3FD 
 1271      4F4B11D5 
 1271      A571F4D8 
 1271      C5
 1272 0430 1E5747B3 		.ascii	"\036WG\263uL\363\234\345\325\257\272}\250\305!\253:"
 1272      754CF39C 
 1272      E5D5AFBA 
 1272      7DA8C521 
 1272      AB3A
 1273 0442 0D7A8DE4 		.ascii	"\015z\215\344W\220,\003.s\314\255\003\335G\206\306\037"
 1273      57902C03 
 1273      2E73CCAD 
 1273      03DD4786 
 1273      C61F
 1274 0454 CCE7071C 		.ascii	"\314\347\007\034\314\245w7\265K\311HU\246\252\325\024"
 1274      CCA57737 
 1274      B54BC948 
 1274      55A6AAD5 
 1274      14
 1275 0465 AE027402 		.ascii	"\256\002t\002tp\256k \370\270\354\3237\267\315\004\013"
 1275      7470AE6B 
 1275      20F8B8EC 
 1275      D337B7CD 
 1275      040B
 1276 0477 74211EC4 		.ascii	"t!\036\3046\353\372:\010\333\202\345n\323\247g\010\333"
 1276      36EBFA3A 
 1276      08DB82E5 
 1276      6ED3A767 
 1276      08DB
ARM GAS  C:\Users\acest\AppData\Local\Temp\ccJk6qcZ.s 			page 43


 1277 0489 81D3DDFA 		.ascii	"\201\323\335\372\264\215\260&\234\036\320\247-\332\315"
 1277      B48DB026 
 1277      9C1ED0A7 
 1277      2DDACD
 1278 0498 298A6C22 		.ascii	")\212l\"\254U4i\373\355\307\265\266\301\252\373JT\227"
 1278      AC553469 
 1278      FBEDC7B5 
 1278      B6C1AAFB 
 1278      4A5497
 1279 04ab 8990BAC6 		.ascii	"\211\220\272\306\326\032\032\243\272\027\340\036\307"
 1279      D61A1AA3 
 1279      BA17E01E 
 1279      C7
 1280 04b8 7C0D02C7 		.ascii	"|\015\002\307yj\336\273\031\214\021=\020#\222c\3326"
 1280      796ADEBB 
 1280      198C113D 
 1280      10239263 
 1280      DA36
 1281 04ca 5D4EA6B8 		.ascii	"]N\246\270&i-\007vJw3\344\252\274\321\367\261k0M*\345"
 1281      26692D07 
 1281      764A7733 
 1281      E4AABCD1 
 1281      F7B16B30 
 1282 04e1 9A9EF256 		.ascii	"\232\236\362VnYqv.\304\210\372\006\3401\007\275E\005"
 1282      6E597176 
 1282      2EC488FA 
 1282      06E03107 
 1282      BD4505
 1283 04f4 908BAA3E 		.ascii	"\220\213\252>9\247qH\214\252\201 \326\256\347Mc\347"
 1283      39A77148 
 1283      8CAA8120 
 1283      D6AEE74D 
 1283      63E7
 1284 0506 B1579DFA 		.ascii	"\261W\235\372,\225]\305Y\267>\373\036\273\215\263^\264"
 1284      2C955DC5 
 1284      59B73EFB 
 1284      1EBB8DB3 
 1284      5EB4
 1285 0518 47684FD0 		.ascii	"GhO\320\336\222\010+G\233\217\266H\322PW\034\242\226"
 1285      DE92082B 
 1285      479B8FB6 
 1285      48D25057 
 1285      1CA296
 1286 052b EA5FB24A 		.ascii	"\352_\262J\011\223\217Z~n\333\005\327\217\343?\317\352"
 1286      09938F5A 
 1286      7E6EDB05 
 1286      D78FE33F 
 1286      CFEA
 1287 053d F74EDCF9 		.ascii	"\367N\334\371=\227z\236\376\244\271Tm\301'\012\325\315"
 1287      3D977A9E 
 1287      FEA4B954 
 1287      6DC1270A 
 1287      D5CD
 1288 054f A5B0899A 		.ascii	"\245\260\211\232\325\316F}\340&\210\253\355[\204'C\231"
 1288      D5CE467D 
 1288      E02688AB 
 1288      ED5B8427 
ARM GAS  C:\Users\acest\AppData\Local\Temp\ccJk6qcZ.s 			page 44


 1288      4399
 1289 0561 8B6316C6 		.ascii	"\213c\026\306`D1\032\346\261\205\251\210\307\354\002"
 1289      6044311A 
 1289      E6B185A9 
 1289      88C7EC02 
 1290 0571 B20E410B 		.ascii	"\262\016A\013\266J<\327L\012O\200c\214~\364\351\030"
 1290      B64A3CD7 
 1290      4C0A4F80 
 1290      638C7EF4 
 1290      E918
 1291 0583 4EF4CED6 		.ascii	"N\364\316\326b]O\017\364\347\271\323\217g\255\306s\035"
 1291      625D4F0F 
 1291      F4E7B9D3 
 1291      8F67ADC6 
 1291      731D
 1292 0595 E092C018 		.ascii	"\340\222\300\030[\364b?\236\207\226\240\3051\202\356"
 1292      5BF4623F 
 1292      9E8796A0 
 1292      C53182EE 
 1293 05a5 59A25799 		.ascii	"Y\242W\231\271n\306\344\352\266 \253M\310\215x\210\236"
 1293      B96EC6E4 
 1293      EAB620AB 
 1293      4DC88D78 
 1293      889E
 1294 05b7 AAC2C43C 		.ascii	"\252\302\304<\212\301<\354\207Yabn\307`nY\251\236X\212"
 1294      8AC13CEC 
 1294      87596162 
 1294      6EC7606E 
 1294      59A99E58 
 1295 05cc E7C7289E 		.ascii	"\347\307(\236G-\236\271&Oy\014\246\314Z\256;\026\317"
 1295      472D9EB9 
 1295      264F790C 
 1295      A6CC5AAE 
 1295      3B16CF
 1296 05df 92184C86 		.ascii	"\222\030L\206\200\360\006.\322\032\370\000\340\276P"
 1296      80F0062E 
 1296      D21AF800 
 1296      E0BE50
 1297 05ee 633C2EFF 		.ascii	"c<.\377\262\324<\260X\376\026\307\242\213\2512\305\334"
 1297      B2D43CB0 
 1297      58FE16C7 
 1297      A28BA932 
 1297      C5DC
 1298 0600 8D5F2B8D 		.ascii	"\215_+\215\346\033\213fA|Q\032f\276IS\032\003\351\323"
 1298      E61B8B66 
 1298      417C511A 
 1298      66BE4953 
 1298      1A03E9D3 
 1299 0614 68B427A8 		.ascii	"h\264'\250I\"\3606\205J\036\206\030<\327\336\245\360"
 1299      4922F036 
 1299      854A1E86 
 1299      183CD7DE 
 1299      A5F0
 1300 0626 3E855514 		.ascii	">\205U\024>\240\260\234B\025\205\215\024\326QXF\341"
 1300      3EA0B09C 
 1300      4215858D 
 1300      14D65158 
ARM GAS  C:\Users\acest\AppData\Local\Temp\ccJk6qcZ.s 			page 45


 1300      46E1
 1301 0638 630AEB29 		.ascii	"c\012\353)\276BB\015\205w(\254\245\360\036\205\015\024"
 1301      BE42420D 
 1301      857728AC 
 1301      A5F01E85 
 1301      0D14
 1302 064a 5650C027 		.ascii	"VP\300'q3\205\325\024\326P\250\245\260\222\302G\024"
 1302      713385D5 
 1302      14D650A8 
 1302      A5B092C2 
 1302      4714
 1303 065c B6F0B724 		.ascii	"\266\360\267$.\345\221%wQ\374\256\321\313^i\352\375"
 1303      2EE59125 
 1303      7751FCAE 
 1303      D1CB5E69 
 1303      EAFD
 1304 066e 327E2D75 		.ascii	"2~-u\314<\0233+~\235tL\215\2119\027\303s\266\037\317"
 1304      CC3C1333 
 1304      2B7E9D74 
 1304      4C8D8939 
 1304      17C373B6 
 1305 0684 2613B334 		.ascii	"&\023\2634\206\347\237V\213\347\230\2209\361O\260N\263"
 1305      86E79F56 
 1305      8BE79890 
 1305      39F14FB0 
 1305      4EB3
 1306 0696 C6C474C5 		.ascii	"\306\304t\305\244\272\250\321\260\363\374\320\240\313"
 1306      A4BAA8D1 
 1306      B0F3FCD0 
 1306      A0CB
 1307 06a4 8F5E789C 		.ascii	"\217^x\234\370\354\300~\303V\372\177\3528?mK\273\277"
 1307      F8ECC07E 
 1307      C356FA7F 
 1307      EA383F6D 
 1307      4BBBBF
 1308 06b7 60D6AFEB 		.ascii	"`\326\257\3536K\332'\374\200\354\226\310s\213\253\324"
 1308      364BDA27 
 1308      FC80EC96 
 1308      C8738BAB 
 1308      D4
 1309 06c8 86BA650F 		.ascii	"\206\272e\017^\\\2456\341\373\302>\211\277i\324Q\355"
 1309      5E5CA536 
 1309      E1FBC23E 
 1309      89BF69D4 
 1309      51ED
 1310 06da 771AB653 		.ascii	"w\032\266S\034\033\277\356\367\354\354\261\026\320\263"
 1310      1C1BBFEE 
 1310      F7ECECB1 
 1310      16D0B3
 1311 06e9 B0BEB613 		.ascii	"\260\276\266\023\324yXJ2\177\235\331a\340\353)\216\015"
 1311      D479584A 
 1311      327F9DD9 
 1311      61E0EB29 
 1311      8E0D
 1312 06fb FC193B5B 		.ascii	"\374\031;[d\023\370\332-\365\305\370\342\260\370\025"
 1312      6413F8DA 
 1312      2DF5C5F8 
ARM GAS  C:\Users\acest\AppData\Local\Temp\ccJk6qcZ.s 			page 46


 1312      E2B0F815 
 1313 070b FEFBDE60 		.ascii	"\376\373\336`\200wR\034\233\357Yv\266N\007\0373\300"
 1313      8077521C 
 1313      9BEF5976 
 1313      B64E071F 
 1313      33C0
 1314 071d C8BCCB00 		.ascii	"\310\274\313\0007\242t\023\\gg\3334p\317\215\372+\246"
 1314      37A27413 
 1314      5C6767DB 
 1314      3470CF8D 
 1314      FA2BA6
 1315 0730 1254BEDB 		.ascii	"\022T\276\333\300\177Jql\3407\332Y\263\216\237\263\323"
 1315      C07F4A71 
 1315      6CE037DA 
 1315      59B38E9F 
 1315      B3D3
 1316 0742 528E6F31 		.ascii	"R\216o1{\014\374^\212c\003\277\302N\306\244\247g\364"
 1316      7B0CFC5E 
 1316      8A6303BF 
 1316      C24EC6A4 
 1316      A767F4
 1317 0755 FFF71616 		.ascii	"\377\367\026\026\375\241(_\231\036*\212d\004\3718\022"
 1317      FDA1285F 
 1317      991E2A8A 
 1317      6404F938 
 1317      12
 1318 0766 F5B8DDEE 		.ascii	"\365\270\335\356\214H4\243\260`JF\264$\310\357\201\250"
 1318      8C4834A3 
 1318      B0604A46 
 1318      B424C8EF 
 1318      81A8
 1319 0778 921E748E 		.ascii	"\222\036t\216\233\370z\252\327=\232$\033\236\364\314"
 1319      9BF87AAA 
 1319      D73D9A24 
 1319      1B9EF4CC 
 1320 0788 82519959 		.ascii	"\202Q\231Y\241\220\233$D\377\022U\212\246\206\003\012"
 1320      A1909B24 
 1320      44FF1255 
 1320      8AA68603 
 1320      0A
 1321 0799 738F2209 		.ascii	"s\217\"\011\005%Sg\214\016\2770\225\310\301H\211\022"
 1321      05255367 
 1321      8C0EBF30 
 1321      95C8C148 
 1321      8912
 1322 07ab FEF30B53 		.ascii	"\376\363\013S\177F\354Qe\374\264\"\345y\357\030\377"
 1322      7F46EC51 
 1322      65FCB422 
 1322      E579EF18 
 1322      FF
 1323 07bc EBD17049 		.ascii	"\353\321pI\324_\020\014G\025\177n8\372\246\022)\366"
 1323      D45F100C 
 1323      47157F6E 
 1323      38FAA612 
 1323      29F6
 1324 07ce FBD2     		.ascii	"\373\322"
 1325 07d0 73D2BDE9 		.ascii	"s\322\275\351y\376\022t\007\212K\"\177\014\007\025\362"
ARM GAS  C:\Users\acest\AppData\Local\Temp\ccJk6qcZ.s 			page 47


 1325      79FE1274 
 1325      078A4B22 
 1325      7F0C0715 
 1325      F2
 1326 07e1 D2FFAE96 		.ascii	"\322\377\256\226\270\242\312\270\260\342\215L\237\246"
 1326      B8A2CAB8 
 1326      B0E28D4C 
 1326      9FA6
 1327 07ef 844B7092 		.ascii	"\204Kp\222\257\024\224(9SP\332\020>\211\024\213\261"
 1327      AF149428 
 1327      395350DA 
 1327      103E8914 
 1327      8BB1
 1328 0801 8CE3B062 		.ascii	"\214\343\260b\014\307\351\303D\324\032\025\243\234\240"
 1328      0CC7E9C3 
 1328      44D41A15 
 1328      A39CA0
 1329 0810 5234236C 		.ascii	"R4#l\013\274\034\211L\301\270\300\224)\241@\021\226"
 1329      0BBC1C89 
 1329      4CC1B8C0 
 1329      9429A140 
 1329      1196
 1330 0822 313E38C6 		.ascii	"1>8\306/\024D\205\032\177?5\376H\324\217*\374\305Xz"
 1330      2F144485 
 1330      1A7F3F35 
 1330      FE48D48F 
 1330      2AFCC558 
 1331 0837 D41F55A6 		.ascii	"\324\037U\246fy\374\030\346\027-\012\2769\303\355\327"
 1331      6679FC18 
 1331      E6172D0A 
 1331      BE39C3ED 
 1331      D7
 1332 0848 3472AEF4 		.ascii	"4r\256\364B\302r\275>\347\364\242iJ\226'\240$\370\362"
 1332      42C272BD 
 1332      3EE7F4A2 
 1332      694A9627 
 1332      A024F8F2 
 1333 085c F2F37CBF 		.ascii	"\362\363|\277\311\313\315\244\257\371X\316X\017\232"
 1333      C9CBCDA4 
 1333      AFF958CE 
 1333      580F9A
 1334 086b DB36797C 		.ascii	"\3336y|~\336\257Y\236\327'\345N\366yl^\357\004_\226"
 1334      7EDEAF59 
 1334      9ED727E5 
 1334      4EF6796C 
 1334      5EEF045F 
 1335 0880 E4F5FED6 		.ascii	"\344\365\376\326'\275\214\016\346\365\372\230\017-\307"
 1335      27BD8C0E 
 1335      E6F5FA98 
 1335      0F2DC7
 1336 088f E76393F2 		.ascii	"\347c\223\362\275\314;q2~\233\347\023@\015\356fy\343"
 1336      BDCC3B71 
 1336      327E9BE7 
 1336      13400DEE 
 1336      6679E3
 1337 08a2 7C341F09 		.ascii	"|4\037\011\306\347\371\244\374\011\210\366\372<hn)w"
 1337      C6E7F9A4 
ARM GAS  C:\Users\acest\AppData\Local\Temp\ccJk6qcZ.s 			page 48


 1337      FC0988F6 
 1337      FA3C686E 
 1337      2977
 1338 08b4 428E2FF7 		.ascii	"B\216/\367\277\257\006W\033+\021\363\000\216\261\220"
 1338      BFAF0657 
 1338      1B2B11F3 
 1338      008EB190 
 1339 08c4 21E624A0 		.ascii	"!\346$\240$\353\255z#\254\004\202\332\022\030\256(_"
 1339      24EBAD7A 
 1339      23AC0482 
 1339      DA1218AE 
 1339      285F
 1340 08d6 8740016F 		.ascii	"\207@\001o\356wLW\244X\363$\031\236\260\022\353x\303"
 1340      EE774C57 
 1340      A458F324 
 1340      199EB012 
 1340      EB78C3
 1341 08e9 707CD758 		.ascii	"p|\327X\204\2506\017\024\210\025\3727\013>\366\024"
 1341      84A8360F 
 1341      148815FA 
 1341      370B3EF6 
 1341      14
 1342              		.text
 1343              		.section	.gnu.lto_.symtab.b3bfa7f1,"e",%progbits
 1344 0000 7374496E 		.ascii	"stInit\000"
 1344      697400
 1345 0007 00       		.ascii	"\000"
 1346 0008 00       		.ascii	"\000"
 1347 0009 00       		.ascii	"\000"
 1348 000a 00000000 		.ascii	"\000\000\000\000\000\000\000\000"
 1348      00000000 
 1349 0012 C2000000 		.ascii	"\302\000\000\000"
 1350 0016 73744765 		.ascii	"stGetCounter\000"
 1350      74436F75 
 1350      6E746572 
 1350      00
 1351 0023 00       		.ascii	"\000"
 1352 0024 00       		.ascii	"\000"
 1353 0025 00       		.ascii	"\000"
 1354 0026 00000000 		.ascii	"\000\000\000\000\000\000\000\000"
 1354      00000000 
 1355 002e C5000000 		.ascii	"\305\000\000\000"
 1356 0032 73745374 		.ascii	"stStartAlarm\000"
 1356      61727441 
 1356      6C61726D 
 1356      00
 1357 003f 00       		.ascii	"\000"
 1358 0040 00       		.ascii	"\000"
 1359 0041 00       		.ascii	"\000"
 1360 0042 00000000 		.ascii	"\000\000\000\000\000\000\000\000"
 1360      00000000 
 1361 004a C9000000 		.ascii	"\311\000\000\000"
 1362 004e 73745374 		.ascii	"stStopAlarm\000"
 1362      6F70416C 
 1362      61726D00 
 1363 005a 00       		.ascii	"\000"
 1364 005b 00       		.ascii	"\000"
ARM GAS  C:\Users\acest\AppData\Local\Temp\ccJk6qcZ.s 			page 49


 1365 005c 00       		.ascii	"\000"
 1366 005d 00000000 		.ascii	"\000\000\000\000\000\000\000\000"
 1366      00000000 
 1367 0065 CB000000 		.ascii	"\313\000\000\000"
 1368 0069 73745365 		.ascii	"stSetAlarm\000"
 1368      74416C61 
 1368      726D00
 1369 0074 00       		.ascii	"\000"
 1370 0075 00       		.ascii	"\000"
 1371 0076 00       		.ascii	"\000"
 1372 0077 00000000 		.ascii	"\000\000\000\000\000\000\000\000"
 1372      00000000 
 1373 007f CD000000 		.ascii	"\315\000\000\000"
 1374 0083 73744765 		.ascii	"stGetAlarm\000"
 1374      74416C61 
 1374      726D00
 1375 008e 00       		.ascii	"\000"
 1376 008f 00       		.ascii	"\000"
 1377 0090 00       		.ascii	"\000"
 1378 0091 00000000 		.ascii	"\000\000\000\000\000\000\000\000"
 1378      00000000 
 1379 0099 CF000000 		.ascii	"\317\000\000\000"
 1380 009d 73744973 		.ascii	"stIsAlarmActive\000"
 1380      416C6172 
 1380      6D416374 
 1380      69766500 
 1381 00ad 00       		.ascii	"\000"
 1382 00ae 00       		.ascii	"\000"
 1383 00af 00       		.ascii	"\000"
 1384 00b0 00000000 		.ascii	"\000\000\000\000\000\000\000\000"
 1384      00000000 
 1385 00b8 D6000000 		.ascii	"\326\000\000\000"
 1386 00bc 73745F6C 		.ascii	"st_lld_init\000"
 1386      6C645F69 
 1386      6E697400 
 1387 00c8 00       		.ascii	"\000"
 1388 00c9 02       		.ascii	"\002"
 1389 00ca 00       		.ascii	"\000"
 1390 00cb 00000000 		.ascii	"\000\000\000\000\000\000\000\000"
 1390      00000000 
 1391 00d3 D8000000 		.ascii	"\330\000\000\000"
 1392              		.text
 1393              		.section	.gnu.lto_.ext_symtab.b3bfa7f1,"e",%progbits
 1394 0000 01       		.ascii	"\001"
 1395 0001 01       		.ascii	"\001"
 1396 0002 00       		.ascii	"\000"
 1397 0003 01       		.ascii	"\001"
 1398 0004 00       		.ascii	"\000"
 1399 0005 01       		.ascii	"\001"
 1400 0006 00       		.ascii	"\000"
 1401 0007 01       		.ascii	"\001"
 1402 0008 00       		.ascii	"\000"
 1403 0009 01       		.ascii	"\001"
 1404 000a 00       		.ascii	"\000"
 1405 000b 01       		.ascii	"\001"
 1406 000c 00       		.ascii	"\000"
 1407 000d 01       		.ascii	"\001"
ARM GAS  C:\Users\acest\AppData\Local\Temp\ccJk6qcZ.s 			page 50


 1408 000e 00       		.ascii	"\000"
 1409 000f 01       		.ascii	"\001"
 1410 0010 00       		.ascii	"\000"
 1411              		.text
 1412              		.section	.gnu.lto_.opts,"e",%progbits
 1413 0000 272D666E 		.ascii	"'-fno-openmp' '-fno-openacc' '-fno-pie' '-fcf-prote"
 1413      6F2D6F70 
 1413      656E6D70 
 1413      2720272D 
 1413      666E6F2D 
 1414 0033 6374696F 		.ascii	"ction=none' '-g' '-mcpu=cortex-m4' '-mthumb' '-mflo"
 1414      6E3D6E6F 
 1414      6E652720 
 1414      272D6727 
 1414      20272D6D 
 1415 0066 61742D61 		.ascii	"at-abi=soft' '-mlibarch=armv7e-m' '-march=armv7e-m'"
 1415      62693D73 
 1415      6F667427 
 1415      20272D6D 
 1415      6C696261 
 1416 0099 20272D4F 		.ascii	" '-O2' '-fomit-frame-pointer' '-falign-functions=16"
 1416      32272027 
 1416      2D666F6D 
 1416      69742D66 
 1416      72616D65 
 1417 00cc 2720272D 		.ascii	"' '-ffunction-sections' '-fdata-sections' '-fno-com"
 1417      6666756E 
 1417      6374696F 
 1417      6E2D7365 
 1417      6374696F 
 1418 00ff 6D6F6E27 		.ascii	"mon' '-flto' '-Xassembler' '-alms=./build/lst/hal_s"
 1418      20272D66 
 1418      6C746F27 
 1418      20272D58 
 1418      61737365 
 1419 0132 742E6C73 		.ascii	"t.lst'\000"
 1419      742700
 1420              		.text
 1421              		.comm	__gnu_lto_slim,1,1
 1422              		.ident	"GCC: (GNU Arm Embedded Toolchain 10.3-2021.10) 10.3.1 20210824 (release)"
ARM GAS  C:\Users\acest\AppData\Local\Temp\ccJk6qcZ.s 			page 51


DEFINED SYMBOLS
                            *ABS*:00000000 hal_st.c
C:\Users\acest\AppData\Local\Temp\ccJk6qcZ.s:24     .gnu.debuglto_.debug_info:00000000 hal_st.c.0a603dd1
                            *COM*:00000001 __gnu_lto_slim

NO UNDEFINED SYMBOLS
