ARM GAS  C:\Users\acest\AppData\Local\Temp\ccwWyi2w.s 			page 1


   1              		.cpu cortex-m4
   2              		.arch armv7e-m
   3              		.fpu softvfp
   4              		.eabi_attribute 20, 1
   5              		.eabi_attribute 21, 1
   6              		.eabi_attribute 23, 3
   7              		.eabi_attribute 24, 1
   8              		.eabi_attribute 25, 1
   9              		.eabi_attribute 26, 1
  10              		.eabi_attribute 30, 2
  11              		.eabi_attribute 34, 1
  12              		.eabi_attribute 18, 4
  13              		.file	"hal_efl_lld.c"
  14              		.section	.gnu.debuglto_.debug_info,"e",%progbits
  15              	.Ldebug_info0:
  16              		.hidden	hal_efl_lld.c.eb50daf0
  17              		.weak	hal_efl_lld.c.eb50daf0
  18              	hal_efl_lld.c.eb50daf0:
  19 0000 75000000 		.4byte	0x75
  20 0004 0400     		.2byte	0x4
  21 0006 00000000 		.4byte	.Ldebug_abbrev0
  22 000a 04       		.byte	0x4
  23 000b 01       		.uleb128 0x1
  24 000c 19010000 		.4byte	.LASF12
  25 0010 0C       		.byte	0xc
  26 0011 8C000000 		.4byte	.LASF13
  27 0015 1B000000 		.4byte	.LASF14
  28 0019 00000000 		.4byte	.Ldebug_line0
  29 001d 02       		.uleb128 0x2
  30 001e 04       		.byte	0x4
  31 001f 05       		.byte	0x5
  32 0020 696E7400 		.ascii	"int\000"
  33 0024 03       		.uleb128 0x3
  34 0025 04       		.byte	0x4
  35 0026 07       		.byte	0x7
  36 0027 0E000000 		.4byte	.LASF0
  37 002b 03       		.uleb128 0x3
  38 002c 08       		.byte	0x8
  39 002d 05       		.byte	0x5
  40 002e 00000000 		.4byte	.LASF1
  41 0032 03       		.uleb128 0x3
  42 0033 08       		.byte	0x8
  43 0034 04       		.byte	0x4
  44 0035 03010000 		.4byte	.LASF2
  45 0039 03       		.uleb128 0x3
  46 003a 01       		.byte	0x1
  47 003b 06       		.byte	0x6
  48 003c F7000000 		.4byte	.LASF3
  49 0040 03       		.uleb128 0x3
  50 0041 01       		.byte	0x1
  51 0042 08       		.byte	0x8
  52 0043 70000000 		.4byte	.LASF4
  53 0047 03       		.uleb128 0x3
  54 0048 02       		.byte	0x2
  55 0049 05       		.byte	0x5
  56 004a 0F010000 		.4byte	.LASF5
  57 004e 03       		.uleb128 0x3
ARM GAS  C:\Users\acest\AppData\Local\Temp\ccwWyi2w.s 			page 2


  58 004f 02       		.byte	0x2
  59 0050 07       		.byte	0x7
  60 0051 E4000000 		.4byte	.LASF6
  61 0055 03       		.uleb128 0x3
  62 0056 04       		.byte	0x4
  63 0057 05       		.byte	0x5
  64 0058 83000000 		.4byte	.LASF7
  65 005c 03       		.uleb128 0x3
  66 005d 04       		.byte	0x4
  67 005e 07       		.byte	0x7
  68 005f 47000000 		.4byte	.LASF8
  69 0063 03       		.uleb128 0x3
  70 0064 08       		.byte	0x8
  71 0065 07       		.byte	0x7
  72 0066 59000000 		.4byte	.LASF9
  73 006a 03       		.uleb128 0x3
  74 006b 01       		.byte	0x1
  75 006c 08       		.byte	0x8
  76 006d 7E000000 		.4byte	.LASF10
  77 0071 03       		.uleb128 0x3
  78 0072 01       		.byte	0x1
  79 0073 02       		.byte	0x2
  80 0074 DE000000 		.4byte	.LASF11
  81 0078 00       		.byte	0
  82              		.section	.gnu.debuglto_.debug_abbrev,"e",%progbits
  83              	.Ldebug_abbrev0:
  84 0000 01       		.uleb128 0x1
  85 0001 11       		.uleb128 0x11
  86 0002 01       		.byte	0x1
  87 0003 25       		.uleb128 0x25
  88 0004 0E       		.uleb128 0xe
  89 0005 13       		.uleb128 0x13
  90 0006 0B       		.uleb128 0xb
  91 0007 03       		.uleb128 0x3
  92 0008 0E       		.uleb128 0xe
  93 0009 1B       		.uleb128 0x1b
  94 000a 0E       		.uleb128 0xe
  95 000b 10       		.uleb128 0x10
  96 000c 17       		.uleb128 0x17
  97 000d 00       		.byte	0
  98 000e 00       		.byte	0
  99 000f 02       		.uleb128 0x2
 100 0010 24       		.uleb128 0x24
 101 0011 00       		.byte	0
 102 0012 0B       		.uleb128 0xb
 103 0013 0B       		.uleb128 0xb
 104 0014 3E       		.uleb128 0x3e
 105 0015 0B       		.uleb128 0xb
 106 0016 03       		.uleb128 0x3
 107 0017 08       		.uleb128 0x8
 108 0018 00       		.byte	0
 109 0019 00       		.byte	0
 110 001a 03       		.uleb128 0x3
 111 001b 24       		.uleb128 0x24
 112 001c 00       		.byte	0
 113 001d 0B       		.uleb128 0xb
 114 001e 0B       		.uleb128 0xb
ARM GAS  C:\Users\acest\AppData\Local\Temp\ccwWyi2w.s 			page 3


 115 001f 3E       		.uleb128 0x3e
 116 0020 0B       		.uleb128 0xb
 117 0021 03       		.uleb128 0x3
 118 0022 0E       		.uleb128 0xe
 119 0023 00       		.byte	0
 120 0024 00       		.byte	0
 121 0025 00       		.byte	0
 122              		.section	.gnu.debuglto_.debug_line,"e",%progbits
 123              	.Ldebug_line0:
 124 0000 1A000000 		.4byte	.LELT0-.LSLT0
 125              	.LSLT0:
 126 0004 0400     		.2byte	0x4
 127 0006 14000000 		.4byte	.LELTP0-.LASLTP0
 128              	.LASLTP0:
 129 000a 01       		.byte	0x1
 130 000b 01       		.byte	0x1
 131 000c 01       		.byte	0x1
 132 000d F6       		.byte	0xf6
 133 000e F2       		.byte	0xf2
 134 000f 0D       		.byte	0xd
 135 0010 00       		.byte	0
 136 0011 01       		.byte	0x1
 137 0012 01       		.byte	0x1
 138 0013 01       		.byte	0x1
 139 0014 01       		.byte	0x1
 140 0015 00       		.byte	0
 141 0016 00       		.byte	0
 142 0017 00       		.byte	0
 143 0018 01       		.byte	0x1
 144 0019 00       		.byte	0
 145 001a 00       		.byte	0
 146 001b 01       		.byte	0x1
 147 001c 00       		.byte	0
 148 001d 00       		.byte	0
 149              	.LELTP0:
 150              	.LELT0:
 151              		.section	.gnu.debuglto_.debug_str,"eMS",%progbits,1
 152              	.LASF1:
 153 0000 6C6F6E67 		.ascii	"long long int\000"
 153      206C6F6E 
 153      6720696E 
 153      7400
 154              	.LASF0:
 155 000e 756E7369 		.ascii	"unsigned int\000"
 155      676E6564 
 155      20696E74 
 155      00
 156              	.LASF14:
 157 001b 433A5C55 		.ascii	"C:\\Users\\acest\\Desktop\\R.A.C.E\\race_project\000"
 157      73657273 
 157      5C616365 
 157      73745C44 
 157      65736B74 
 158              	.LASF8:
 159 0047 6C6F6E67 		.ascii	"long unsigned int\000"
 159      20756E73 
 159      69676E65 
ARM GAS  C:\Users\acest\AppData\Local\Temp\ccwWyi2w.s 			page 4


 159      6420696E 
 159      7400
 160              	.LASF9:
 161 0059 6C6F6E67 		.ascii	"long long unsigned int\000"
 161      206C6F6E 
 161      6720756E 
 161      7369676E 
 161      65642069 
 162              	.LASF4:
 163 0070 756E7369 		.ascii	"unsigned char\000"
 163      676E6564 
 163      20636861 
 163      7200
 164              	.LASF10:
 165 007e 63686172 		.ascii	"char\000"
 165      00
 166              	.LASF7:
 167 0083 6C6F6E67 		.ascii	"long int\000"
 167      20696E74 
 167      00
 168              	.LASF13:
 169 008c 2E2E2F2E 		.ascii	"../../../../../ChibiStudio/chibios2111/os/hal/ports"
 169      2E2F2E2E 
 169      2F2E2E2F 
 169      2E2E2F43 
 169      68696269 
 170 00bf 2F53544D 		.ascii	"/STM32/STM32G4xx/hal_efl_lld.c\000"
 170      33322F53 
 170      544D3332 
 170      47347878 
 170      2F68616C 
 171              	.LASF11:
 172 00de 5F426F6F 		.ascii	"_Bool\000"
 172      6C00
 173              	.LASF6:
 174 00e4 73686F72 		.ascii	"short unsigned int\000"
 174      7420756E 
 174      7369676E 
 174      65642069 
 174      6E7400
 175              	.LASF3:
 176 00f7 7369676E 		.ascii	"signed char\000"
 176      65642063 
 176      68617200 
 177              	.LASF2:
 178 0103 6C6F6E67 		.ascii	"long double\000"
 178      20646F75 
 178      626C6500 
 179              	.LASF5:
 180 010f 73686F72 		.ascii	"short int\000"
 180      7420696E 
 180      7400
 181              	.LASF12:
 182 0119 474E5520 		.ascii	"GNU C17 10.3.1 20210824 (release) -mcpu=cortex-m4 -"
 182      43313720 
 182      31302E33 
 182      2E312032 
ARM GAS  C:\Users\acest\AppData\Local\Temp\ccwWyi2w.s 			page 5


 182      30323130 
 183 014c 6D746875 		.ascii	"mthumb -mfloat-abi=soft -march=armv7e-m -ggdb -O2 -"
 183      6D62202D 
 183      6D666C6F 
 183      61742D61 
 183      62693D73 
 184 017f 666F6D69 		.ascii	"fomit-frame-pointer -falign-functions=16 -ffunction"
 184      742D6672 
 184      616D652D 
 184      706F696E 
 184      74657220 
 185 01b2 2D736563 		.ascii	"-sections -fdata-sections -fno-common -flto\000"
 185      74696F6E 
 185      73202D66 
 185      64617461 
 185      2D736563 
 186              		.text
 187              		.section	.gnu.lto_.profile.b3bfd2a1,"e",%progbits
 188 0000 789C6362 		.ascii	"x\234cb\000\001\000\000\022\000\003"
 188      00010000 
 188      120003
 189              		.text
 190              		.section	.gnu.lto_.icf.b3bfd2a1,"e",%progbits
 191 0000 789C6362 		.ascii	"x\234cb@\006\000\000*\000\003"
 191      40060000 
 191      2A0003
 192              		.text
 193              		.section	.gnu.lto_.ipa_sra.b3bfd2a1,"e",%progbits
 194 0000 789C6362 		.ascii	"x\234cb@\006\000\000*\000\003"
 194      40060000 
 194      2A0003
 195              		.text
 196              		.section	.gnu.lto_.inline.b3bfd2a1,"e",%progbits
 197 0000 789C6362 		.ascii	"x\234cb@\006\000\000*\000\003"
 197      40060000 
 197      2A0003
 198              		.text
 199              		.section	.gnu.lto_.jmpfuncs.b3bfd2a1,"e",%progbits
 200 0000 789C6362 		.ascii	"x\234cb@\006\000\000*\000\003"
 200      40060000 
 200      2A0003
 201              		.text
 202              		.section	.gnu.lto_.pureconst.b3bfd2a1,"e",%progbits
 203 0000 789C6364 		.ascii	"x\234cd\000\002\000\000\012\000\002"
 203      00020000 
 203      0A0002
 204              		.text
 205              		.section	.gnu.lto_.lto.b3bfd2a1,"e",%progbits
 206 0000 09000400 		.ascii	"\011\000\004\000\001\000\000\000"
 206      01000000 
 207              		.text
 208              		.section	.gnu.lto_.symbol_nodes.b3bfd2a1,"e",%progbits
 209 0000 789C6362 		.ascii	"x\234cb\000\001\000\000\022\000\003"
 209      00010000 
 209      120003
 210              		.text
 211              		.section	.gnu.lto_.refs.b3bfd2a1,"e",%progbits
ARM GAS  C:\Users\acest\AppData\Local\Temp\ccwWyi2w.s 			page 6


 212 0000 789C6364 		.ascii	"x\234cd\000\002\000\000\012\000\002"
 212      00020000 
 212      0A0002
 213              		.text
 214              		.section	.gnu.lto_.decls.b3bfd2a1,"e",%progbits
 215 0000 789C6360 		.ascii	"x\234c````\004b\025 \376\017\004 \366E\006\002\000\000"
 215      60606004 
 215      621520FE 
 215      0F0420F6 
 215      45060200 
 216 0015 BF3204F4 		.ascii	"\2772\004\364"
 217              		.text
 218              		.section	.gnu.lto_.symtab.b3bfd2a1,"e",%progbits
 219              		.text
 220              		.section	.gnu.lto_.ext_symtab.b3bfd2a1,"e",%progbits
 221 0000 01       		.ascii	"\001"
 222              		.text
 223              		.section	.gnu.lto_.opts,"e",%progbits
 224 0000 272D666E 		.ascii	"'-fno-openmp' '-fno-openacc' '-fno-pie' '-fcf-prote"
 224      6F2D6F70 
 224      656E6D70 
 224      2720272D 
 224      666E6F2D 
 225 0033 6374696F 		.ascii	"ction=none' '-g' '-mcpu=cortex-m4' '-mthumb' '-mflo"
 225      6E3D6E6F 
 225      6E652720 
 225      272D6727 
 225      20272D6D 
 226 0066 61742D61 		.ascii	"at-abi=soft' '-mlibarch=armv7e-m' '-march=armv7e-m'"
 226      62693D73 
 226      6F667427 
 226      20272D6D 
 226      6C696261 
 227 0099 20272D4F 		.ascii	" '-O2' '-fomit-frame-pointer' '-falign-functions=16"
 227      32272027 
 227      2D666F6D 
 227      69742D66 
 227      72616D65 
 228 00cc 2720272D 		.ascii	"' '-ffunction-sections' '-fdata-sections' '-fno-com"
 228      6666756E 
 228      6374696F 
 228      6E2D7365 
 228      6374696F 
 229 00ff 6D6F6E27 		.ascii	"mon' '-flto' '-Xassembler' '-alms=./build/lst/hal_e"
 229      20272D66 
 229      6C746F27 
 229      20272D58 
 229      61737365 
 230 0132 666C5F6C 		.ascii	"fl_lld.lst'\000"
 230      6C642E6C 
 230      73742700 
 231              		.text
 232              		.comm	__gnu_lto_slim,1,1
 233              		.ident	"GCC: (GNU Arm Embedded Toolchain 10.3-2021.10) 10.3.1 20210824 (release)"
ARM GAS  C:\Users\acest\AppData\Local\Temp\ccwWyi2w.s 			page 7


DEFINED SYMBOLS
                            *ABS*:00000000 hal_efl_lld.c
C:\Users\acest\AppData\Local\Temp\ccwWyi2w.s:18     .gnu.debuglto_.debug_info:00000000 hal_efl_lld.c.eb50daf0
                            *COM*:00000001 __gnu_lto_slim

NO UNDEFINED SYMBOLS
