ARM GAS  C:\Users\acest\AppData\Local\Temp\ccG96biY.s 			page 1


   1              		.cpu cortex-m4
   2              		.arch armv7e-m
   3              		.fpu softvfp
   4              		.eabi_attribute 20, 1
   5              		.eabi_attribute 21, 1
   6              		.eabi_attribute 23, 3
   7              		.eabi_attribute 24, 1
   8              		.eabi_attribute 25, 1
   9              		.eabi_attribute 26, 1
  10              		.eabi_attribute 30, 2
  11              		.eabi_attribute 34, 1
  12              		.eabi_attribute 18, 4
  13              		.file	"main.c"
  14              		.file 1 "c:\\chibistudio\\tools\\gnu tools arm embedded\\10.3 2021.10\\arm-none-eabi\\include\\mac
  15              		.file 2 "c:\\chibistudio\\tools\\gnu tools arm embedded\\10.3 2021.10\\arm-none-eabi\\include\\sys
  16              		.file 3 "c:\\chibistudio\\chibios2111\\os\\rt\\include\\chtime.h"
  17              		.file 4 "main.c"
  18              		.section	.gnu.debuglto_.debug_info,"e",%progbits
  19              	.Ldebug_info0:
  20              		.hidden	main.c.61d17410
  21              		.weak	main.c.61d17410
  22              	main.c.61d17410:
  23 0000 C9000000 		.4byte	0xc9
  24 0004 0400     		.2byte	0x4
  25 0006 00000000 		.4byte	.Ldebug_abbrev0
  26 000a 04       		.byte	0x4
  27 000b 01       		.uleb128 0x1
  28 000c 10010000 		.4byte	.LASF18
  29 0010 0C       		.byte	0xc
  30 0011 47000000 		.4byte	.LASF19
  31 0015 1B000000 		.4byte	.LASF20
  32 0019 00000000 		.4byte	.Ldebug_line0
  33 001d 02       		.uleb128 0x2
  34 001e 04       		.byte	0x4
  35 001f 05       		.byte	0x5
  36 0020 696E7400 		.ascii	"int\000"
  37 0024 03       		.uleb128 0x3
  38 0025 04       		.byte	0x4
  39 0026 07       		.byte	0x7
  40 0027 0E000000 		.4byte	.LASF0
  41 002b 03       		.uleb128 0x3
  42 002c 08       		.byte	0x8
  43 002d 05       		.byte	0x5
  44 002e 00000000 		.4byte	.LASF1
  45 0032 03       		.uleb128 0x3
  46 0033 08       		.byte	0x8
  47 0034 04       		.byte	0x4
  48 0035 EC000000 		.4byte	.LASF2
  49 0039 03       		.uleb128 0x3
  50 003a 01       		.byte	0x1
  51 003b 06       		.byte	0x6
  52 003c E0000000 		.4byte	.LASF3
  53 0040 03       		.uleb128 0x3
  54 0041 01       		.byte	0x1
  55 0042 08       		.byte	0x8
  56 0043 97000000 		.4byte	.LASF4
  57 0047 03       		.uleb128 0x3
ARM GAS  C:\Users\acest\AppData\Local\Temp\ccG96biY.s 			page 2


  58 0048 02       		.byte	0x2
  59 0049 05       		.byte	0x5
  60 004a 06010000 		.4byte	.LASF5
  61 004e 03       		.uleb128 0x3
  62 004f 02       		.byte	0x2
  63 0050 07       		.byte	0x7
  64 0051 CD000000 		.4byte	.LASF6
  65 0055 03       		.uleb128 0x3
  66 0056 04       		.byte	0x4
  67 0057 05       		.byte	0x5
  68 0058 B3000000 		.4byte	.LASF7
  69 005c 04       		.uleb128 0x4
  70 005d 4E000000 		.4byte	.LASF9
  71 0061 01       		.byte	0x1
  72 0062 4F       		.byte	0x4f
  73 0063 19       		.byte	0x19
  74 0064 68000000 		.4byte	0x68
  75 0068 03       		.uleb128 0x3
  76 0069 04       		.byte	0x4
  77 006a 07       		.byte	0x7
  78 006b 59000000 		.4byte	.LASF8
  79 006f 04       		.uleb128 0x4
  80 0070 C2000000 		.4byte	.LASF10
  81 0074 01       		.byte	0x1
  82 0075 69       		.byte	0x69
  83 0076 19       		.byte	0x19
  84 0077 7B000000 		.4byte	0x7b
  85 007b 03       		.uleb128 0x3
  86 007c 08       		.byte	0x8
  87 007d 07       		.byte	0x7
  88 007e 77000000 		.4byte	.LASF11
  89 0082 04       		.uleb128 0x4
  90 0083 AA000000 		.4byte	.LASF12
  91 0087 02       		.byte	0x2
  92 0088 30       		.byte	0x30
  93 0089 14       		.byte	0x14
  94 008a 5C000000 		.4byte	0x5c
  95 008e 04       		.uleb128 0x4
  96 008f 8E000000 		.4byte	.LASF13
  97 0093 02       		.byte	0x2
  98 0094 3C       		.byte	0x3c
  99 0095 14       		.byte	0x14
 100 0096 6F000000 		.4byte	0x6f
 101 009a 03       		.uleb128 0x3
 102 009b 01       		.byte	0x1
 103 009c 08       		.byte	0x8
 104 009d D5010000 		.4byte	.LASF14
 105 00a1 04       		.uleb128 0x4
 106 00a2 F8000000 		.4byte	.LASF15
 107 00a6 03       		.byte	0x3
 108 00a7 79       		.byte	0x79
 109 00a8 12       		.byte	0x12
 110 00a9 82000000 		.4byte	0x82
 111 00ad 04       		.uleb128 0x4
 112 00ae 6B000000 		.4byte	.LASF16
 113 00b2 03       		.byte	0x3
 114 00b3 9B       		.byte	0x9b
ARM GAS  C:\Users\acest\AppData\Local\Temp\ccG96biY.s 			page 3


 115 00b4 12       		.byte	0x12
 116 00b5 8E000000 		.4byte	0x8e
 117 00b9 03       		.uleb128 0x3
 118 00ba 01       		.byte	0x1
 119 00bb 02       		.byte	0x2
 120 00bc BC000000 		.4byte	.LASF17
 121 00c0 05       		.uleb128 0x5
 122 00c1 A5000000 		.4byte	.LASF21
 123 00c5 04       		.byte	0x4
 124 00c6 04       		.byte	0x4
 125 00c7 05       		.byte	0x5
 126 00c8 1D000000 		.4byte	0x1d
 127 00cc 00       		.byte	0
 128              		.section	.gnu.debuglto_.debug_abbrev,"e",%progbits
 129              	.Ldebug_abbrev0:
 130 0000 01       		.uleb128 0x1
 131 0001 11       		.uleb128 0x11
 132 0002 01       		.byte	0x1
 133 0003 25       		.uleb128 0x25
 134 0004 0E       		.uleb128 0xe
 135 0005 13       		.uleb128 0x13
 136 0006 0B       		.uleb128 0xb
 137 0007 03       		.uleb128 0x3
 138 0008 0E       		.uleb128 0xe
 139 0009 1B       		.uleb128 0x1b
 140 000a 0E       		.uleb128 0xe
 141 000b 10       		.uleb128 0x10
 142 000c 17       		.uleb128 0x17
 143 000d 00       		.byte	0
 144 000e 00       		.byte	0
 145 000f 02       		.uleb128 0x2
 146 0010 24       		.uleb128 0x24
 147 0011 00       		.byte	0
 148 0012 0B       		.uleb128 0xb
 149 0013 0B       		.uleb128 0xb
 150 0014 3E       		.uleb128 0x3e
 151 0015 0B       		.uleb128 0xb
 152 0016 03       		.uleb128 0x3
 153 0017 08       		.uleb128 0x8
 154 0018 00       		.byte	0
 155 0019 00       		.byte	0
 156 001a 03       		.uleb128 0x3
 157 001b 24       		.uleb128 0x24
 158 001c 00       		.byte	0
 159 001d 0B       		.uleb128 0xb
 160 001e 0B       		.uleb128 0xb
 161 001f 3E       		.uleb128 0x3e
 162 0020 0B       		.uleb128 0xb
 163 0021 03       		.uleb128 0x3
 164 0022 0E       		.uleb128 0xe
 165 0023 00       		.byte	0
 166 0024 00       		.byte	0
 167 0025 04       		.uleb128 0x4
 168 0026 16       		.uleb128 0x16
 169 0027 00       		.byte	0
 170 0028 03       		.uleb128 0x3
 171 0029 0E       		.uleb128 0xe
ARM GAS  C:\Users\acest\AppData\Local\Temp\ccG96biY.s 			page 4


 172 002a 3A       		.uleb128 0x3a
 173 002b 0B       		.uleb128 0xb
 174 002c 3B       		.uleb128 0x3b
 175 002d 0B       		.uleb128 0xb
 176 002e 39       		.uleb128 0x39
 177 002f 0B       		.uleb128 0xb
 178 0030 49       		.uleb128 0x49
 179 0031 13       		.uleb128 0x13
 180 0032 00       		.byte	0
 181 0033 00       		.byte	0
 182 0034 05       		.uleb128 0x5
 183 0035 2E       		.uleb128 0x2e
 184 0036 00       		.byte	0
 185 0037 3F       		.uleb128 0x3f
 186 0038 19       		.uleb128 0x19
 187 0039 03       		.uleb128 0x3
 188 003a 0E       		.uleb128 0xe
 189 003b 3A       		.uleb128 0x3a
 190 003c 0B       		.uleb128 0xb
 191 003d 3B       		.uleb128 0x3b
 192 003e 0B       		.uleb128 0xb
 193 003f 39       		.uleb128 0x39
 194 0040 0B       		.uleb128 0xb
 195 0041 27       		.uleb128 0x27
 196 0042 19       		.uleb128 0x19
 197 0043 49       		.uleb128 0x49
 198 0044 13       		.uleb128 0x13
 199 0045 00       		.byte	0
 200 0046 00       		.byte	0
 201 0047 00       		.byte	0
 202              		.section	.gnu.debuglto_.debug_line,"e",%progbits
 203              	.Ldebug_line0:
 204 0000 24010000 		.4byte	.LELT0-.LSLT0
 205              	.LSLT0:
 206 0004 0400     		.2byte	0x4
 207 0006 1E010000 		.4byte	.LELTP0-.LASLTP0
 208              	.LASLTP0:
 209 000a 01       		.byte	0x1
 210 000b 01       		.byte	0x1
 211 000c 01       		.byte	0x1
 212 000d F6       		.byte	0xf6
 213 000e F2       		.byte	0xf2
 214 000f 0D       		.byte	0xd
 215 0010 00       		.byte	0
 216 0011 01       		.byte	0x1
 217 0012 01       		.byte	0x1
 218 0013 01       		.byte	0x1
 219 0014 01       		.byte	0x1
 220 0015 00       		.byte	0
 221 0016 00       		.byte	0
 222 0017 00       		.byte	0
 223 0018 01       		.byte	0x1
 224 0019 00       		.byte	0
 225 001a 00       		.byte	0
 226 001b 01       		.byte	0x1
 227 001c 633A5C63 		.ascii	"c:\\chibistudio\\chibios2111\\os\\rt\\include"
 227      68696269 
ARM GAS  C:\Users\acest\AppData\Local\Temp\ccG96biY.s 			page 5


 227      73747564 
 227      696F5C63 
 227      68696269 
 228 0044 00       		.byte	0
 229 0045 633A5C63 		.ascii	"c:\\chibistudio\\tools\\gnu tools arm embedded\\10."
 229      68696269 
 229      73747564 
 229      696F5C74 
 229      6F6F6C73 
 230 0074 33203230 		.ascii	"3 2021.10\\arm-none-eabi\\include\\machine"
 230      32312E31 
 230      305C6172 
 230      6D2D6E6F 
 230      6E652D65 
 231 009b 00       		.byte	0
 232 009c 633A5C63 		.ascii	"c:\\chibistudio\\tools\\gnu tools arm embedded\\10."
 232      68696269 
 232      73747564 
 232      696F5C74 
 232      6F6F6C73 
 233 00cb 33203230 		.ascii	"3 2021.10\\arm-none-eabi\\include\\sys"
 233      32312E31 
 233      305C6172 
 233      6D2D6E6F 
 233      6E652D65 
 234 00ee 00       		.byte	0
 235 00ef 00       		.byte	0
 236 00f0 5F646566 		.ascii	"_default_types.h\000"
 236      61756C74 
 236      5F747970 
 236      65732E68 
 236      00
 237 0101 02       		.uleb128 0x2
 238 0102 00       		.uleb128 0
 239 0103 00       		.uleb128 0
 240 0104 5F737464 		.ascii	"_stdint.h\000"
 240      696E742E 
 240      6800
 241 010e 03       		.uleb128 0x3
 242 010f 00       		.uleb128 0
 243 0110 00       		.uleb128 0
 244 0111 63687469 		.ascii	"chtime.h\000"
 244      6D652E68 
 244      00
 245 011a 01       		.uleb128 0x1
 246 011b 00       		.uleb128 0
 247 011c 00       		.uleb128 0
 248 011d 6D61696E 		.ascii	"main.c\000"
 248      2E6300
 249 0124 00       		.uleb128 0
 250 0125 00       		.uleb128 0
 251 0126 00       		.uleb128 0
 252 0127 00       		.byte	0
 253              	.LELTP0:
 254              	.LELT0:
 255              		.section	.gnu.debuglto_.debug_str,"eMS",%progbits,1
 256              	.LASF1:
ARM GAS  C:\Users\acest\AppData\Local\Temp\ccG96biY.s 			page 6


 257 0000 6C6F6E67 		.ascii	"long long int\000"
 257      206C6F6E 
 257      6720696E 
 257      7400
 258              	.LASF0:
 259 000e 756E7369 		.ascii	"unsigned int\000"
 259      676E6564 
 259      20696E74 
 259      00
 260              	.LASF20:
 261 001b 433A5C55 		.ascii	"C:\\Users\\acest\\Desktop\\R.A.C.E\\race_project\000"
 261      73657273 
 261      5C616365 
 261      73745C44 
 261      65736B74 
 262              	.LASF19:
 263 0047 6D61696E 		.ascii	"main.c\000"
 263      2E6300
 264              	.LASF9:
 265 004e 5F5F7569 		.ascii	"__uint32_t\000"
 265      6E743332 
 265      5F7400
 266              	.LASF8:
 267 0059 6C6F6E67 		.ascii	"long unsigned int\000"
 267      20756E73 
 267      69676E65 
 267      6420696E 
 267      7400
 268              	.LASF16:
 269 006b 74696D65 		.ascii	"time_conv_t\000"
 269      5F636F6E 
 269      765F7400 
 270              	.LASF11:
 271 0077 6C6F6E67 		.ascii	"long long unsigned int\000"
 271      206C6F6E 
 271      6720756E 
 271      7369676E 
 271      65642069 
 272              	.LASF13:
 273 008e 75696E74 		.ascii	"uint64_t\000"
 273      36345F74 
 273      00
 274              	.LASF4:
 275 0097 756E7369 		.ascii	"unsigned char\000"
 275      676E6564 
 275      20636861 
 275      7200
 276              	.LASF21:
 277 00a5 6D61696E 		.ascii	"main\000"
 277      00
 278              	.LASF12:
 279 00aa 75696E74 		.ascii	"uint32_t\000"
 279      33325F74 
 279      00
 280              	.LASF7:
 281 00b3 6C6F6E67 		.ascii	"long int\000"
 281      20696E74 
ARM GAS  C:\Users\acest\AppData\Local\Temp\ccG96biY.s 			page 7


 281      00
 282              	.LASF17:
 283 00bc 5F426F6F 		.ascii	"_Bool\000"
 283      6C00
 284              	.LASF10:
 285 00c2 5F5F7569 		.ascii	"__uint64_t\000"
 285      6E743634 
 285      5F7400
 286              	.LASF6:
 287 00cd 73686F72 		.ascii	"short unsigned int\000"
 287      7420756E 
 287      7369676E 
 287      65642069 
 287      6E7400
 288              	.LASF3:
 289 00e0 7369676E 		.ascii	"signed char\000"
 289      65642063 
 289      68617200 
 290              	.LASF2:
 291 00ec 6C6F6E67 		.ascii	"long double\000"
 291      20646F75 
 291      626C6500 
 292              	.LASF15:
 293 00f8 73797369 		.ascii	"sysinterval_t\000"
 293      6E746572 
 293      76616C5F 
 293      7400
 294              	.LASF5:
 295 0106 73686F72 		.ascii	"short int\000"
 295      7420696E 
 295      7400
 296              	.LASF18:
 297 0110 474E5520 		.ascii	"GNU C17 10.3.1 20210824 (release) -mcpu=cortex-m4 -"
 297      43313720 
 297      31302E33 
 297      2E312032 
 297      30323130 
 298 0143 6D746875 		.ascii	"mthumb -mfloat-abi=soft -march=armv7e-m -ggdb -O2 -"
 298      6D62202D 
 298      6D666C6F 
 298      61742D61 
 298      62693D73 
 299 0176 666F6D69 		.ascii	"fomit-frame-pointer -falign-functions=16 -ffunction"
 299      742D6672 
 299      616D652D 
 299      706F696E 
 299      74657220 
 300 01a9 2D736563 		.ascii	"-sections -fdata-sections -fno-common -flto\000"
 300      74696F6E 
 300      73202D66 
 300      64617461 
 300      2D736563 
 301              	.LASF14:
 302 01d5 63686172 		.ascii	"char\000"
 302      00
 303              		.text
 304              		.section	.gnu.lto_.profile.b3bfd9d7,"e",%progbits
ARM GAS  C:\Users\acest\AppData\Local\Temp\ccG96biY.s 			page 8


 305 0000 789C6362 		.ascii	"x\234cb\000\001\000\000\022\000\003"
 305      00010000 
 305      120003
 306              		.text
 307              		.section	.gnu.lto_.icf.b3bfd9d7,"e",%progbits
 308 0000 789CE360 		.ascii	"x\234\343`@\000F\206\313\377\246\236`d\000\000\017R"
 308      40004686 
 308      CBFFA69E 
 308      60640000 
 308      0F52
 309 0012 0339     		.ascii	"\0039"
 310              		.text
 311              		.section	.gnu.lto_.ipa_sra.b3bfd9d7,"e",%progbits
 312 0000 789CE366 		.ascii	"x\234\343f@\000F\006\006f \001\202\000\001C\000\023"
 312      40004606 
 312      06662001 
 312      82000143 
 312      0013
 313              		.text
 314              		.section	.gnu.lto_.inline.b3bfd9d7,"e",%progbits
 315 0000 789C3367 		.ascii	"x\2343g@\000F\006\006\266\313\377\357\317b\312ed`b`"
 315      40004606 
 315      06B6CBFF 
 315      EFCF62CA 
 315      65646062 
 316 0015 686C6868 		.ascii	"hlhh\250c``\2010\230@B\014L\334\214 u\214\\`\365`\222"
 316      A8636060 
 316      81309840 
 316      420C4CDC 
 316      8C20758C 
 317 002e 01007216 		.ascii	"\001\000r\026\011'"
 317      0927
 318              		.text
 319              		.section	.gnu.lto_.jmpfuncs.b3bfd9d7,"e",%progbits
 320 0000 789C9367 		.ascii	"x\234\223g@\000F fb\232\304\274\204\231\201q\3029 \377"
 320      40004620 
 320      66629AC4 
 320      BC849981 
 320      71C23920 
 321 0015 000B8806 		.ascii	"\000\013\210\006\222`i\000[\336\005\251"
 321      92606900 
 321      5BDE05A9 
 322              		.text
 323              		.section	.gnu.lto_.pureconst.b3bfd9d7,"e",%progbits
 324 0000 789C6361 		.ascii	"x\234ca```d\330\302\002\000\001\230\000\276"
 324      60606064 
 324      D8C20200 
 324      019800BE 
 325              		.text
 326              		.section	.gnu.lto_.lto.b3bfd9d7,"e",%progbits
 327 0000 09000400 		.ascii	"\011\000\004\000\001\000\000\000"
 327      01000000 
 328              		.text
 329              		.section	.gnu.lto_main.402.b3bfd9d7,"e",%progbits
 330 0000 789C554F 		.ascii	"x\234UO=K\304@\020\235\267\263\271\200X\372\003\256"
 330      3D4BC440 
 330      109DB7B3 
ARM GAS  C:\Users\acest\AppData\Local\Temp\ccG96biY.s 			page 9


 330      B98058FA 
 330      03AE
 331 0012 15246863 		.ascii	"\025$hcaur\332\213`\027\220\343L\241\242w$\351]\361"
 331      617572DA 
 331      8B601790 
 331      E34CA1A2 
 331      7724E95D 
 332 0027 0AB1B98F 		.ascii	"\012\261\271\217\010\026J\252\364\"\247h\231B[\013\361"
 332      08164AAA 
 332      F422A768 
 332      99425B0B 
 332      F1
 333 0038 171CD868 		.ascii	"\027\034\330h\241\245\202\240\263I@\\\230\3451\357c"
 333      A1A582A0 
 333      B349405C 
 333      98E531EF 
 333      63
 334 0049 DF7E11D1 		.ascii	"\337~\021\321\242LC\006\016a4<Qd\214i\270\012\311p\252"
 334      A24C4306 
 334      0E61343C 
 334      51648C69 
 334      B80AC970 
 335 005e 408CD30A 		.ascii	"@\214\323\012i$\013\005\000\035(\326\220\213\376N\302"
 335      69240B05 
 335      001D28D6 
 335      908BFE4E 
 335      C2
 336 006f 178C1167 		.ascii	"\027\214\021gL\320\025\002\352\263b\370|9{\276[\313"
 336      4CD01502 
 336      EAB362F8 
 336      7C397BBE 
 336      5BCB
 337 0081 75C68A52 		.ascii	"u\306\212R\241o\200k\224\246\032\331\215}]\346\362\311"
 337      A16F806B 
 337      94A61AD9 
 337      8D7D5DE6 
 337      F2C9
 338 0093 C9CDF74F 		.ascii	"\311\315\367O\337\230\207\011\316\225p}\246\373\367"
 338      DF988709 
 338      CE95707D 
 338      A6FBF7
 339 00a2 63072627 		.ascii	"c\007&'\032\260*\360\241\340W\230\311\233\306-\350\003"
 339      1AB02AF0 
 339      A1E05798 
 339      C99BC62D 
 339      E803
 340 00b4 4775EA41 		.ascii	"Gu\352Ae\314)KH\306\272`\247\3773\252dl\012K#\243m\014"
 340      65CC294B 
 340      48C6BA60 
 340      A7FF33AA 
 340      646C0A4B 
 341 00cc AC70BE90 		.ascii	"\254p\276\220\217gD\337\253\364N\312\322\311~\240\206"
 341      8F6744DF 
 341      ABF44ECA 
 341      D2C97EA0 
 341      86
 342 00dd C1A318DD 		.ascii	"\301\243\030\335Bs\265E\266\221.\375\020\010rm\367\271"
ARM GAS  C:\Users\acest\AppData\Local\Temp\ccG96biY.s 			page 10


 342      4273B545 
 342      B6912EFD 
 342      1008726D 
 342      F7B9
 343 00ef E692BF11 		.ascii	"\346\222\277\021\005a\344\267\332A\024\373+A\264\033"
 343      0561E4B7 
 343      DA4114FB 
 343      2B41B41B 
 344 00ff 77BAFEBA 		.ascii	"w\272\376\272\267\3545\275U?\224\365f7\354\354\004\355"
 344      B7EC35BD 
 344      553F94F5 
 344      6637ECEC 
 344      04ED
 345 0111 98DCBDD6 		.ascii	"\230\334\275\326\366\276\327\246_\216)eK"
 345      F6BED7A6 
 345      5F8E2965 
 345      4B
 346              		.text
 347              		.section	.gnu.lto_.symbol_nodes.b3bfd9d7,"e",%progbits
 348 0000 789C75CD 		.ascii	"x\234u\315\273\015\2000\020\003P\373\014s\260\014{\335"
 348      BB0D8030 
 348      100350FB 
 348      0C73B00C 
 348      7BDD
 349 0012 15149411 		.ascii	"\025\024\224\021\237e\350\220\250\231\202\236\021 \211"
 349      9F65E890 
 349      A899829E 
 349      112089
 350 0021 687165E9 		.ascii	"hqe\351YrB\216Mr\034\367\3302\235\200\003[\354\006\026"
 350      5972428E 
 350      4D721CF7 
 350      D8329D80 
 350      035BEC06 
 351 0036 0257399F 		.ascii	"\002W9\237/]\035\000\021Q\224\213\334\376l\226\353\307"
 351      2F5D1D00 
 351      1151948B 
 351      DCFE6C96 
 351      EBC7
 352 0048 04D5B75E 		.ascii	"\004\325\267^\260Z\006\012\314\030\015/\342\005i\302"
 352      B05A060A 
 352      CC180D2F 
 352      E20569C2 
 353 0058 3437     		.ascii	"47"
 354              		.text
 355              		.section	.gnu.lto_.refs.b3bfd9d7,"e",%progbits
 356 0000 789C6364 		.ascii	"x\234cd\000\002\000\000\012\000\002"
 356      00020000 
 356      0A0002
 357              		.text
 358              		.section	.gnu.lto_.decls.b3bfd9d7,"e",%progbits
 359 0000 789C9553 		.ascii	"x\234\225S]h\\E\024>g\346f\357\335\351\352.\365\206"
 359      5D685C45 
 359      143E67E6 
 359      66EFDDE9 
 359      EA2EF586 
 360 0014 3E0861E9 		.ascii	">\010a\351K\366\241]\263kM\260O+\321\212\024J\261\366"
 360      4BF6A15D 
ARM GAS  C:\Users\acest\AppData\Local\Temp\ccG96biY.s 			page 11


 360      B36B4DB0 
 360      4F2BD18A 
 360      144AB1F6 
 361 0028 255C08EB 		.ascii	"%\\\010\353\316\205]M\262a\357m0o\023\251\2464ZK\372"
 361      CE855D4D 
 361      B261EF6D 
 361      306F13A9 
 361      A6345A4B 
 362 003d 60C42201 		.ascii	"`\304\"\001_\004E\213h\215\306\306\355\306\264k~\012"
 362      5F04458B 
 362      688DC6C6 
 362      EDC6B46B 
 362      7E0A
 363 004f D23EB4D4 		.ascii	"\322>\264\324\037\254(\013\255Th(E\037\352\271?{\267"
 363      1FAC280B 
 363      AD546828 
 363      451FEAB9 
 363      3F7BB7
 364 0062 6A119CE5 		.ascii	"j\021\234\345\2349s\346\373\276sf\346\356\016\015\340"
 364      9C3973E6 
 364      FBBE7366 
 364      E6EE0E0D 
 364      E0
 365 0073 71043802 		.ascii	"q\0048\002\000wi0\232\277%\243\024\364B0\010\002_\222"
 365      00776930 
 365      9ABF25A3 
 365      14F44230 
 365      08025F92 
 366 0087 9D23FB86 		.ascii	"\235#\373\206l\015\376=&\211`\320\274\225\314$\033\""
 366      6C0DFE3D 
 366      268960D0 
 366      BC95CC24 
 366      1B22
 367 0099 5B276B92 		.ascii	"['k\222m\204Z+\377\320[\013\365\316\335G\357m\316\336"
 367      6D845A2B 
 367      FFD05B0B 
 367      F5CEDD47 
 367      EF6DCEDE 
 368 00ad FF79F1FB 		.ascii	"\377y\361\373\304/\010^K\232D\304\313\375\344\004\014"
 368      C42F085E 
 368      4B9A44C4 
 368      CBFDE404 
 368      0C
 369 00be 71301553 		.ascii	"q0\025S,&9\023\\p)\232\330\223\331\344\005\203e\222"
 369      2C263913 
 369      5C70299A 
 369      D893D9E4 
 369      05836592 
 370 00d2 C2786F19 		.ascii	"\302xo\031S\242\313`\254\245K\221\371\003?`\363\261"
 370      53A2CB60 
 370      ACA54B91 
 370      F9033F60 
 370      F3B1
 371 00e4 744169F2 		.ascii	"tAi\362\265\356\226\256\330\361}\346\243\005\362-\275"
 371      B5EE96AE 
 371      D8F17DE6 
 371      A305F22D 
ARM GAS  C:\Users\acest\AppData\Local\Temp\ccG96biY.s 			page 12


 371      BD
 372 00f5 899258FB 		.ascii	"\211\222X\3735#EQK\027\233|\376\365\230\334`Gz\261\211"
 372      35234551 
 372      4B179B7C 
 372      FEF598DC 
 372      60477AB1 
 373 010a 42E64DA5 		.ascii	"B\346M\245T\3010z\222\015\336\340{\350x\306\251\017"
 373      54C1307A 
 373      920DDEE0 
 373      7BE878C6 
 373      A90F
 374 011c BB454B4F 		.ascii	"\273EKO\222DF\246S2\235lb\227\224\302\314\0005!\363"
 374      924446A6 
 374      53329D6C 
 374      629794C2 
 374      CC003521 
 375 0131 F90213A4 		.ascii	"\371\002\023\244\254\031M\314sL\344\325O\327\267\211"
 375      AC194DCC 
 375      734CE4D5 
 375      4FD7B789 
 376 0141 2E11EF49 		.ascii	".\021\357Ig\000$\354a\244\313\357\266\007\352TSv\226"
 376      670024EC 
 376      61A4CBEF 
 376      B607EA54 
 376      537696
 377 0154 8819C1F2 		.ascii	"\210\031\301\362\214\357m\351\000\214\245\001\224f$"
 377      8CEF6DE9 
 377      008CA501 
 377      946624
 378 0163 12A8688A 		.ascii	"\022\250h\212\017\357\225\373\363\002Z:\243-SC\305\260"
 378      0FEF95FB 
 378      F3025A3A 
 378      A32D5343 
 378      C5B0
 379 0175 C3143140 		.ascii	"\303\0241@d\010\301\317s\030:\364\226\030\274l\273\212"
 379      6408C1CF 
 379      73183AF4 
 379      9618BC6C 
 379      BB8A
 380 0187 9FF75E98 		.ascii	"\237\367^\230\205h\017\022d\243)\214=\000\013uX\370"
 380      85680F12 
 380      64A3298C 
 380      3D000B75 
 380      58F8
 381 0199 301870C2 		.ascii	"0\030p\302\"\236\277G<\202`\010i\353\004\234\020\020"
 381      229EBF47 
 381      3C826008 
 381      69EB049C 
 381      1010
 382 01ab 71C3D0AB 		.ascii	"q\303\320\253\341\203\331\275\034\237\367\267\306;\222"
 382      E183D9BD 
 382      1C9FF7B7 
 382      C63B92
 383 01ba 10C9B65B 		.ascii	"\020\311\266[\002l\1776gO\\\235\356\372\225\256M\315"
 383      026C7F36 
 383      674F5C9D 
 383      EEFA95AE 
ARM GAS  C:\Users\acest\AppData\Local\Temp\ccG96biY.s 			page 13


 383      4DCD
 384 01cc 99D87DBC 		.ascii	"\231\330}\274\000\310\037\006\236\206G\224?\256=\004"
 384      00C81F06 
 384      9E864794 
 384      3FAE3D04 
 385 01dc F85900EE 		.ascii	"\370Y\000\356\3332\313q+2\362&\246\210z\343\360\354"
 385      DB32CB71 
 385      2B32F226 
 385      A6887AE3 
 385      F0EC
 386 01ee CDD83602 		.ascii	"\315\3306\002\335P\312\304!\374\002\361s\257\352\"\025"
 386      DD50CAC4 
 386      21FC02F1 
 386      73AFEA22 
 386      15
 387 01ff ACFAE2A7 		.ascii	"\254\372\342\247o5\337\324\267/\314\251;'^\2759\325"
 387      6F35DFD4 
 387      B72FCCA9 
 387      3B275EBD 
 387      39D5
 388 0211 7D52D55F 		.ascii	"}R\325_&\270F\010<\215\270\340\353R\004\370)\342'\330"
 388      26B84608 
 388      3C8DB8E0 
 388      EB5204F8 
 388      29E227D8 
 389 0225 57473E01 		.ascii	"WG>\001$\337\353\277V\322\217\200O!\370\2055\277p\232"
 389      24DFEBBF 
 389      56D28F80 
 389      4F21F885 
 389      35BF709A 
 390 0239 642F34EB 		.ascii	"d/4\353\267\037\024u\245~W\365\303q\300\006\342Y\022"
 390      B71F1475 
 390      A57E57F5 
 390      C371C006 
 390      E25912
 391 024c A923E117 		.ascii	"\251#\341\027\020\277B\\B\202]\374\350\366\025\303\373"
 391      10BF425C 
 391      42825DFC 
 391      E8F615C3 
 391      FB
 392 025d F7E03262 		.ascii	"\367\3402b\225\022?^\335|kK\324p9jx\205\310_\243\337"
 392      95123F5E 
 392      DD7C6B4B 
 392      D470396A 
 392      7885C85F 
 393 0273 F1BB97DE 		.ascii	"\361\273\227\336\270\244m\237S\352\316\322\321\2433"
 393      B8A46D9F 
 393      53EACED2 
 393      D1A333
 394 0282 B193AAC1 		.ascii	"\261\223\252\301h\033\317D\335\236\361'N\024BO/\036"
 394      681BCF44 
 394      DD9EF127 
 394      4E14424F 
 394      2F1E
 395 0294 5B13F711 		.ascii	"[\023\367\021lF7\260\376\312\265[\314\323[X:\366\316"
 395      6C4637B0 
 395      FECAB55B 
ARM GAS  C:\Users\acest\AppData\Local\Temp\ccG96biY.s 			page 14


 395      CCD35B58 
 395      3AF6CE
 396 02a7 8C3E9FA1 		.ascii	"\214>\237\241=<\037\251\235\017\324\246\230\257vqf#"
 396      3D3C1FA9 
 396      9D0FD4A6 
 396      98AF7671 
 396      6623
 397 02b9 C07E3C7B 		.ascii	"\300~<{}:\304\256F\330U\014\237l\365\273S\177\032\011"
 397      7D3AC4AE 
 397      46D8550C 
 397      9F6CF5BB 
 397      537F1A09 
 398 02cd FFF8F30D 		.ascii	"\377\370\363\015\315\003\005\027\000\270\036\034\342"
 398      CD030517 
 398      00B81E1C 
 398      E2
 399 02da C2F20FBF 		.ascii	"\302\362\017\277\361\016`\245\003\330\3604x\256\037"
 399      F10E60A5 
 399      03D8F034 
 399      78AE1F
 400 02e9 E2C5DAE8 		.ascii	"\342\305\332\350\304\200\275s\024D\251Zs\355\227v\216"
 400      C480BD73 
 400      1444A95A 
 400      73ED9776 
 400      8E
 401 02fa EE026DB4 		.ascii	"\356\002m\264X\031\213y.[2\236\336w0=\230\033\200T\260"
 401      58198B79 
 401      2E5B329E 
 401      DE77303D 
 401      981B8054 
 402 030f CEF6E764 		.ascii	"\316\366\347dn`W\256\017v\014\356\266\016:v\315\261"
 402      6E6057AE 
 402      0F760CEE 
 402      B60E3A76 
 402      CDB1
 403 0321 8A25DB71 		.ascii	"\212%\333q\255'm\347E\267:n=\233}\";\230}\312\252Qz"
 403      AD276DE7 
 403      45B73A6E 
 403      3D9B7D22 
 403      3B987DCA 
 404 0338 78BC567D 		.ascii	"x\274V}\301.\271\240\007l\252R~\256,\017\214\330\366"
 404      C12EB9A0 
 404      076CAA52 
 404      7EAE2C0F 
 404      8CD8F6
 405 034b F803CEA4 		.ascii	"\370\003\316\244S\031s\355\332Dqd\330}\254\264\333*"
 405      531973ED 
 405      DA447164 
 405      D87DACB4 
 405      DB2A
 406 035d 952BCF57 		.ascii	"\225+\317W\034\367\220\254T\203\270\352\344s\271\234"
 406      1CF790AC 
 406      5483B8EA 
 406      E473B99C 
 407 036d 5575AC9A 		.ascii	"Uu\254\232kU\306J#\207\244M;n\271f\027\245\223-C\274"
 407      6B55C64A 
 407      2387A44D 
ARM GAS  C:\Users\acest\AppData\Local\Temp\ccG96biY.s 			page 15


 407      3B6EB966 
 407      17A5932D 
 408 0383 543E30E9 		.ascii	"T>0\351<3Vqs\377\203O\205\211\253\227\213#\036\263\357"
 408      3C335671 
 408      73FF834F 
 408      8589AB97 
 408      8B231EB3 
 409 0398 BF99848A 		.ascii	"\277\231\204\212\250\024\023\361/\013i\210\003"
 409      A81413F1 
 409      2F0B6988 
 409      03
 410              		.text
 411              		.section	.gnu.lto_.symtab.b3bfd9d7,"e",%progbits
 412 0000 6D61696E 		.ascii	"main\000"
 412      00
 413 0005 00       		.ascii	"\000"
 414 0006 00       		.ascii	"\000"
 415 0007 00       		.ascii	"\000"
 416 0008 00000000 		.ascii	"\000\000\000\000\000\000\000\000"
 416      00000000 
 417 0010 BC000000 		.ascii	"\274\000\000\000"
 418 0014 63685468 		.ascii	"chThdSleep\000"
 418      64536C65 
 418      657000
 419 001f 00       		.ascii	"\000"
 420 0020 02       		.ascii	"\002"
 421 0021 00       		.ascii	"\000"
 422 0022 00000000 		.ascii	"\000\000\000\000\000\000\000\000"
 422      00000000 
 423 002a C6000000 		.ascii	"\306\000\000\000"
 424 002e 63685379 		.ascii	"chSysInit\000"
 424      73496E69 
 424      7400
 425 0038 00       		.ascii	"\000"
 426 0039 02       		.ascii	"\002"
 427 003a 00       		.ascii	"\000"
 428 003b 00000000 		.ascii	"\000\000\000\000\000\000\000\000"
 428      00000000 
 429 0043 C9000000 		.ascii	"\311\000\000\000"
 430 0047 68616C49 		.ascii	"halInit\000"
 430      6E697400 
 431 004f 00       		.ascii	"\000"
 432 0050 02       		.ascii	"\002"
 433 0051 00       		.ascii	"\000"
 434 0052 00000000 		.ascii	"\000\000\000\000\000\000\000\000"
 434      00000000 
 435 005a CB000000 		.ascii	"\313\000\000\000"
 436              		.text
 437              		.section	.gnu.lto_.ext_symtab.b3bfd9d7,"e",%progbits
 438 0000 01       		.ascii	"\001"
 439 0001 01       		.ascii	"\001"
 440 0002 00       		.ascii	"\000"
 441 0003 01       		.ascii	"\001"
 442 0004 00       		.ascii	"\000"
 443 0005 01       		.ascii	"\001"
 444 0006 00       		.ascii	"\000"
 445 0007 01       		.ascii	"\001"
ARM GAS  C:\Users\acest\AppData\Local\Temp\ccG96biY.s 			page 16


 446 0008 00       		.ascii	"\000"
 447              		.text
 448              		.section	.gnu.lto_.opts,"e",%progbits
 449 0000 272D666E 		.ascii	"'-fno-openmp' '-fno-openacc' '-fno-pie' '-fcf-prote"
 449      6F2D6F70 
 449      656E6D70 
 449      2720272D 
 449      666E6F2D 
 450 0033 6374696F 		.ascii	"ction=none' '-g' '-mcpu=cortex-m4' '-mthumb' '-mflo"
 450      6E3D6E6F 
 450      6E652720 
 450      272D6727 
 450      20272D6D 
 451 0066 61742D61 		.ascii	"at-abi=soft' '-mlibarch=armv7e-m' '-march=armv7e-m'"
 451      62693D73 
 451      6F667427 
 451      20272D6D 
 451      6C696261 
 452 0099 20272D4F 		.ascii	" '-O2' '-fomit-frame-pointer' '-falign-functions=16"
 452      32272027 
 452      2D666F6D 
 452      69742D66 
 452      72616D65 
 453 00cc 2720272D 		.ascii	"' '-ffunction-sections' '-fdata-sections' '-fno-com"
 453      6666756E 
 453      6374696F 
 453      6E2D7365 
 453      6374696F 
 454 00ff 6D6F6E27 		.ascii	"mon' '-flto' '-Xassembler' '-alms=./build/lst/main."
 454      20272D66 
 454      6C746F27 
 454      20272D58 
 454      61737365 
 455 0132 6C737427 		.ascii	"lst'\000"
 455      00
 456              		.text
 457              		.comm	__gnu_lto_slim,1,1
 458              		.ident	"GCC: (GNU Arm Embedded Toolchain 10.3-2021.10) 10.3.1 20210824 (release)"
ARM GAS  C:\Users\acest\AppData\Local\Temp\ccG96biY.s 			page 17


DEFINED SYMBOLS
                            *ABS*:00000000 main.c
C:\Users\acest\AppData\Local\Temp\ccG96biY.s:22     .gnu.debuglto_.debug_info:00000000 main.c.61d17410
                            *COM*:00000001 __gnu_lto_slim

NO UNDEFINED SYMBOLS
