Archive member included to satisfy reference by file (symbol)

c:/chibistudio/tools/gnu tools arm embedded/10.3 2021.10/bin/../lib/gcc/arm-none-eabi/10.3.1/../../../../arm-none-eabi/lib/thumb/v7e-m/nofp\libg.a(lib_a-memset.o)
                              C:\Users\acest\AppData\Local\Temp\race_project.elf.1VeUYw.ltrans0.ltrans.o (memset)

Discarded input sections

 .data          0x00000000        0x0 ./build/obj/crt0_v7m.o
 .bss           0x00000000        0x0 ./build/obj/crt0_v7m.o
 .data          0x00000000        0x0 ./build/obj/vectors.o
 .bss           0x00000000        0x0 ./build/obj/vectors.o
 .data          0x00000000        0x0 ./build/obj/chcoreasm.o
 .bss           0x00000000        0x0 ./build/obj/chcoreasm.o
 .text          0x00000000        0x0 C:\Users\acest\AppData\Local\Temp\race_project.elf.1VeUYw.ltrans0.ltrans.o
 .data          0x00000000        0x0 C:\Users\acest\AppData\Local\Temp\race_project.elf.1VeUYw.ltrans0.ltrans.o
 .bss           0x00000000        0x0 C:\Users\acest\AppData\Local\Temp\race_project.elf.1VeUYw.ltrans0.ltrans.o
 .comment       0x00000000       0x4a C:\Users\acest\AppData\Local\Temp\ccHG5IRp.debug.temp.o
 .comment       0x00000000       0x4a C:\Users\acest\AppData\Local\Temp\ccemKYbV.debug.temp.o
 .comment       0x00000000       0x4a C:\Users\acest\AppData\Local\Temp\ccpUYHiq.debug.temp.o
 .debug_info    0x00000000      0xc56 C:\Users\acest\AppData\Local\Temp\ccQQX2OV.debug.temp.o
 .debug_abbrev  0x00000000      0x1be C:\Users\acest\AppData\Local\Temp\ccQQX2OV.debug.temp.o
 .debug_line    0x00000000      0x34a C:\Users\acest\AppData\Local\Temp\ccQQX2OV.debug.temp.o
 .debug_str     0x00000000      0x7af C:\Users\acest\AppData\Local\Temp\ccQQX2OV.debug.temp.o
 .comment       0x00000000       0x4a C:\Users\acest\AppData\Local\Temp\ccQQX2OV.debug.temp.o
 .debug_info    0x00000000      0x931 C:\Users\acest\AppData\Local\Temp\ccDSN6pr.debug.temp.o
 .debug_abbrev  0x00000000      0x1b3 C:\Users\acest\AppData\Local\Temp\ccDSN6pr.debug.temp.o
 .debug_line    0x00000000      0x313 C:\Users\acest\AppData\Local\Temp\ccDSN6pr.debug.temp.o
 .debug_str     0x00000000      0x59e C:\Users\acest\AppData\Local\Temp\ccDSN6pr.debug.temp.o
 .comment       0x00000000       0x4a C:\Users\acest\AppData\Local\Temp\ccDSN6pr.debug.temp.o
 .debug_info    0x00000000      0x807 C:\Users\acest\AppData\Local\Temp\cc8OF6MW.debug.temp.o
 .debug_abbrev  0x00000000      0x1b5 C:\Users\acest\AppData\Local\Temp\cc8OF6MW.debug.temp.o
 .debug_line    0x00000000      0x311 C:\Users\acest\AppData\Local\Temp\cc8OF6MW.debug.temp.o
 .debug_str     0x00000000      0x48c C:\Users\acest\AppData\Local\Temp\cc8OF6MW.debug.temp.o
 .comment       0x00000000       0x4a C:\Users\acest\AppData\Local\Temp\cc8OF6MW.debug.temp.o
 .debug_info    0x00000000      0x5de C:\Users\acest\AppData\Local\Temp\ccDLx69r.debug.temp.o
 .debug_abbrev  0x00000000      0x13e C:\Users\acest\AppData\Local\Temp\ccDLx69r.debug.temp.o
 .debug_line    0x00000000      0x23a C:\Users\acest\AppData\Local\Temp\ccDLx69r.debug.temp.o
 .debug_str     0x00000000      0x533 C:\Users\acest\AppData\Local\Temp\ccDLx69r.debug.temp.o
 .comment       0x00000000       0x4a C:\Users\acest\AppData\Local\Temp\ccDLx69r.debug.temp.o
 .debug_info    0x00000000       0x79 C:\Users\acest\AppData\Local\Temp\cciTmdUW.debug.temp.o
 .debug_abbrev  0x00000000       0x26 C:\Users\acest\AppData\Local\Temp\cciTmdUW.debug.temp.o
 .debug_line    0x00000000       0x1e C:\Users\acest\AppData\Local\Temp\cciTmdUW.debug.temp.o
 .debug_str     0x00000000      0x1ca C:\Users\acest\AppData\Local\Temp\cciTmdUW.debug.temp.o
 .comment       0x00000000       0x4a C:\Users\acest\AppData\Local\Temp\cciTmdUW.debug.temp.o
 .debug_info    0x00000000      0x601 C:\Users\acest\AppData\Local\Temp\ccLUBJSr.debug.temp.o
 .debug_abbrev  0x00000000      0x1ad C:\Users\acest\AppData\Local\Temp\ccLUBJSr.debug.temp.o
 .debug_line    0x00000000      0x347 C:\Users\acest\AppData\Local\Temp\ccLUBJSr.debug.temp.o
 .debug_str     0x00000000      0x458 C:\Users\acest\AppData\Local\Temp\ccLUBJSr.debug.temp.o
 .comment       0x00000000       0x4a C:\Users\acest\AppData\Local\Temp\ccLUBJSr.debug.temp.o
 .comment       0x00000000       0x4a C:\Users\acest\AppData\Local\Temp\cc44hKHW.debug.temp.o
 .comment       0x00000000       0x4a C:\Users\acest\AppData\Local\Temp\ccjrzauv.debug.temp.o
 .comment       0x00000000       0x4a C:\Users\acest\AppData\Local\Temp\ccyNQAg4.debug.temp.o
 .debug_info    0x00000000       0x79 C:\Users\acest\AppData\Local\Temp\ccJ5QuQC.debug.temp.o
 .debug_abbrev  0x00000000       0x26 C:\Users\acest\AppData\Local\Temp\ccJ5QuQC.debug.temp.o
 .debug_line    0x00000000       0x1e C:\Users\acest\AppData\Local\Temp\ccJ5QuQC.debug.temp.o
 .debug_str     0x00000000      0x1de C:\Users\acest\AppData\Local\Temp\ccJ5QuQC.debug.temp.o
 .comment       0x00000000       0x4a C:\Users\acest\AppData\Local\Temp\ccJ5QuQC.debug.temp.o
[...]
Memory Configuration

Name             Origin             Length             Attributes
flash0           0x08000000         0x00080000         xr
flash1           0x00000000         0x00000000         xr
flash2           0x00000000         0x00000000         xr
flash3           0x00000000         0x00000000         xr
flash4           0x00000000         0x00000000         xr
flash5           0x00000000         0x00000000         xr
flash6           0x00000000         0x00000000         xr
flash7           0x00000000         0x00000000         xr
ram0             0x20000000         0x00020000         xw
ram1             0x20000000         0x00018000         xw
ram2             0x20000000         0x00014000         xw
ram3             0x20014000         0x00004000         xw
ram4             0x20018000         0x00008000         xw
ram5             0x10000000         0x00008000         xw
ram6             0x00000000         0x00000000         xw
ram7             0x00000000         0x00000000         xw
*default*        0x00000000         0xffffffff

Linker script and memory map

LOAD ./build/obj/crt0_v7m.o
LOAD ./build/obj/vectors.o
LOAD ./build/obj/chcoreasm.o
LOAD ./build/obj/crt1.o
LOAD C:\Users\acest\AppData\Local\Temp\race_project.elf.1VeUYw.ltrans0.ltrans.o
LOAD C:\Users\acest\AppData\Local\Temp\ccHG5IRp.debug.temp.o
LOAD C:\Users\acest\AppData\Local\Temp\ccemKYbV.debug.temp.o
LOAD C:\Users\acest\AppData\Local\Temp\ccpUYHiq.debug.temp.o
LOAD C:\Users\acest\AppData\Local\Temp\ccQQX2OV.debug.temp.o
LOAD C:\Users\acest\AppData\Local\Temp\ccDSN6pr.debug.temp.o
LOAD C:\Users\acest\AppData\Local\Temp\cc8OF6MW.debug.temp.o
LOAD C:\Users\acest\AppData\Local\Temp\ccDLx69r.debug.temp.o
LOAD C:\Users\acest\AppData\Local\Temp\cciTmdUW.debug.temp.o
LOAD C:\Users\acest\AppData\Local\Temp\ccLUBJSr.debug.temp.o
LOAD C:\Users\acest\AppData\Local\Temp\cc44hKHW.debug.temp.o
LOAD C:\Users\acest\AppData\Local\Temp\ccjrzauv.debug.temp.o
LOAD C:\Users\acest\AppData\Local\Temp\ccyNQAg4.debug.temp.o
LOAD C:\Users\acest\AppData\Local\Temp\ccJ5QuQC.debug.temp.o
LOAD C:\Users\acest\AppData\Local\Temp\ccUnRoqb.debug.temp.o
LOAD C:\Users\acest\AppData\Local\Temp\cchamyrK.debug.temp.o
LOAD C:\Users\acest\AppData\Local\Temp\ccEWQHsj.debug.temp.o
LOAD C:\Users\acest\AppData\Local\Temp\cc1IlRtS.debug.temp.o
LOAD C:\Users\acest\AppData\Local\Temp\ccs7oDmr.debug.temp.o
LOAD C:\Users\acest\AppData\Local\Temp\ccTvspf0.debug.temp.o
LOAD C:\Users\acest\AppData\Local\Temp\cc0BdUoy.debug.temp.o
LOAD C:\Users\acest\AppData\Local\Temp\ccfMoQF6.debug.temp.o
LOAD C:\Users\acest\AppData\Local\Temp\ccuWzMWE.debug.temp.o
LOAD C:\Users\acest\AppData\Local\Temp\ccHvoM4c.debug.temp.o
LOAD C:\Users\acest\AppData\Local\Temp\ccU4cMcL.debug.temp.o
LOAD C:\Users\acest\AppData\Local\Temp\ccjWdnKj.debug.temp.o
LOAD C:\Users\acest\AppData\Local\Temp\ccQXhIhS.debug.temp.o
LOAD C:\Users\acest\AppData\Local\Temp\ccxCde3p.debug.temp.o
LOAD C:\Users\acest\AppData\Local\Temp\ccGTxQUW.debug.temp.o
LOAD C:\Users\acest\AppData\Local\Temp\ccHMJj5x.debug.temp.o
LOAD C:\Users\acest\AppData\Local\Temp\cck9Kkx9.debug.temp.o
LOAD C:\Users\acest\AppData\Local\Temp\cc17IiTJ.debug.temp.o
LOAD C:\Users\acest\AppData\Local\Temp\cc2OkOGk.debug.temp.o
LOAD C:\Users\acest\AppData\Local\Temp\ccpXi1kV.debug.temp.o
LOAD C:\Users\acest\AppData\Local\Temp\ccwJnJ3v.debug.temp.o
LOAD C:\Users\acest\AppData\Local\Temp\ccnPej35.debug.temp.o
LOAD C:\Users\acest\AppData\Local\Temp\cc0ljpSF.debug.temp.o
LOAD C:\Users\acest\AppData\Local\Temp\ccVtoe4f.debug.temp.o
LOAD C:\Users\acest\AppData\Local\Temp\ccaC0ukQ.debug.temp.o
LOAD C:\Users\acest\AppData\Local\Temp\ccD3YZrq.debug.temp.o
LOAD C:\Users\acest\AppData\Local\Temp\ccOdnqHZ.debug.temp.o
LOAD C:\Users\acest\AppData\Local\Temp\cclp4Aqz.debug.temp.o
LOAD C:\Users\acest\AppData\Local\Temp\ccIJcg08.debug.temp.o
LOAD C:\Users\acest\AppData\Local\Temp\cc3eRwsM.debug.temp.o
LOAD C:\Users\acest\AppData\Local\Temp\ccoiltZp.debug.temp.o
LOAD C:\Users\acest\AppData\Local\Temp\ccPeurh3.debug.temp.o
LOAD C:\Users\acest\AppData\Local\Temp\ccQvOU2G.debug.temp.o
LOAD ./build/obj/hal.o
LOAD ./build/obj/hal_st.o
LOAD ./build/obj/hal_buffered_serial.o
LOAD ./build/obj/hal_buffers.o
LOAD ./build/obj/hal_queues.o
LOAD ./build/obj/hal_flash.o
LOAD ./build/obj/hal_mmcsd.o
LOAD ./build/obj/hal_pal.o
LOAD ./build/obj/nvic.o
LOAD ./build/obj/stm32_isr.o
LOAD ./build/obj/hal_lld.o
LOAD ./build/obj/hal_efl_lld.o
LOAD ./build/obj/stm32_dma.o
LOAD ./build/obj/stm32_exti.o
LOAD ./build/obj/hal_pal_lld.o
LOAD ./build/obj/hal_st_lld.o
LOAD ./build/obj/board.o
LOAD ./build/obj/osal.o
LOAD ./build/obj/chsys.o
LOAD ./build/obj/chrfcu.o
LOAD ./build/obj/chdebug.o
LOAD ./build/obj/chtrace.o
LOAD ./build/obj/chvt.o
LOAD ./build/obj/chschd.o
LOAD ./build/obj/chinstances.o
LOAD ./build/obj/chthreads.o
LOAD ./build/obj/chtm.o
LOAD ./build/obj/chregistry.o
LOAD ./build/obj/chsem.o
LOAD ./build/obj/chmtx.o
LOAD ./build/obj/chcond.o
LOAD ./build/obj/chevents.o
LOAD ./build/obj/chmsg.o
LOAD ./build/obj/chdynamic.o
LOAD ./build/obj/chmboxes.o
LOAD ./build/obj/chmemcore.o
LOAD ./build/obj/chmemheaps.o
LOAD ./build/obj/chmempools.o
LOAD ./build/obj/chpipes.o
LOAD ./build/obj/chobjcaches.o
LOAD ./build/obj/chdelegates.o
LOAD ./build/obj/chfactory.o
LOAD ./build/obj/chcore.o
LOAD ./build/obj/chcoreapi.o
LOAD ./build/obj/main.o

.mstack         0x20000000      0x400
                0x20000000                . = ALIGN (0x8)
                0x20000000                __main_stack_base__ = .
                0x20000400                . = (. + __main_stack_size__)
 *fill*         0x20000000      0x400 
                0x20000400                . = ALIGN (0x8)
                0x20000400                __main_stack_end__ = .

.pstack         0x20000400      0x400
                0x20000400                . = ALIGN (0x8)
                0x20000400                __process_stack_base__ = .
                0x20000400                __main_thread_stack_base__ = .
                0x20000800                . = (. + __process_stack_size__)
 *fill*         0x20000400      0x400 
                0x20000800                . = ALIGN (0x8)
                0x20000800                __process_stack_end__ = .
                0x20000800                __main_thread_stack_end__ = .

.vectors        0x08000000      0x1e0
                0x08000000                __textvectors_base__ = LOADADDR (.vectors)
                0x08000000                __vectors_base__ = .
 *(.vectors)
 .vectors       0x08000000      0x1e0 ./build/obj/vectors.o
                0x08000000                _vectors
                0x080001e0                __vectors_end__ = .

.xtors          0x080001e0        0x0
                0x080001e0                __init_array_base__ = .
 *(SORT_BY_NAME(.init_array.*))
 *(.init_array)
                0x080001e0                __init_array_end__ = .
                0x080001e0                __fini_array_base__ = .
 *(.fini_array)
 *(SORT_BY_NAME(.fini_array.*))
                0x080001e0                __fini_array_end__ = .

.text           0x080001e0     0x1424
                0x080001e0                __text_base__ = .
 *(.text)
 .text          0x080001e0       0xd8 ./build/obj/crt0_v7m.o
                0x080001e0                _crt0_entry
 .text          0x080002b8        0x8 ./build/obj/vectors.o
                0x080002b8                Reset_Handler
                0x080002ba                VectorAC
                0x080002ba                DebugMon_Handler
                0x080002ba                Vector1A0
                0x080002ba                Vector11C
                0x080002ba                HardFault_Handler
                0x080002ba                Vector1B8
                0x080002ba                Vector19C
                0x080002ba                Vector8C
                0x080002ba                SysTick_Handler
                0x080002ba                VectorDC
                0x080002ba                Vector168
                0x080002ba                NMI_Handler
                0x080002ba                Vector110
                0x080002ba                Vector120
                0x080002ba                Vector1D8
                0x080002ba                VectorC8
                0x080002ba                Vector94
                0x080002ba                VectorA8
                0x080002ba                VectorB4
                0x080002ba                Vector74
                0x080002ba                Vector160
                0x080002ba                Vector1B0
                0x080002ba                UsageFault_Handler
                0x080002ba                VectorEC
                0x080002ba                Vector40
                0x080002ba                VectorF8
                0x080002ba                Vector108
                0x080002ba                VectorBC
                0x080002ba                Vector190
                0x080002ba                Vector150
                0x080002ba                Vector124
                0x080002ba                Vector1C4
                0x080002ba                Vector1CC
                0x080002ba                Vector148
                0x080002ba                Vector188
                0x080002ba                Vector198
                0x080002ba                Vector118
                0x080002ba                VectorE8
                0x080002ba                VectorCC
                0x080002ba                Vector54
                0x080002ba                Vector98
                0x080002ba                VectorD8
                0x080002ba                Vector138
                0x080002ba                Vector24
                0x080002ba                Vector1AC
                0x080002ba                Vector178
                0x080002ba                Vector84
                0x080002ba                SecureFault_Handler
                0x080002ba                Vector1A4
                0x080002ba                VectorD0
                0x080002ba                Vector1B4
                0x080002ba                Vector140
                0x080002ba                VectorE4
                0x080002ba                VectorC0
                0x080002ba                Vector158
                0x080002ba                Vector130
                0x080002ba                Vector1C0
                0x080002ba                Vector134
                0x080002ba                Vector1D0
                0x080002ba                VectorF0
                0x080002ba                Vector12C
                0x080002ba                Vector13C
                0x080002ba                Vector100
                0x080002ba                VectorF4
                0x080002ba                MemManage_Handler
                0x080002ba                Vector6C
                0x080002ba                VectorA0
                0x080002ba                VectorC4
                0x080002ba                Vector7C
                0x080002ba                Vector180
                0x080002ba                Vector90
                0x080002ba                Vector114
                0x080002ba                Vector164
                0x080002ba                Vector1BC
                0x080002ba                Vector1D4
                0x080002ba                Vector17C
                0x080002ba                Vector48
                0x080002ba                Vector1A8
                0x080002ba                Vector16C
                0x080002ba                Vector70
                0x080002ba                VectorD4
                0x080002ba                Vector4C
                0x080002ba                Vector144
                0x080002ba                Vector80
                0x080002ba                Vector15C
                0x080002ba                Vector78
                0x080002ba                Vector18C
                0x080002ba                Vector170
                0x080002ba                Vector88
                0x080002ba                Vector104
                0x080002ba                Vector184
                0x080002ba                Vector10C
                0x080002ba                Vector14C
                0x080002ba                BusFault_Handler
                0x080002ba                Vector50
                0x080002ba                Vector1C8
                0x080002ba                Vector194
                0x080002ba                Vector1DC
                0x080002ba                Vector154
                0x080002ba                Vector44
                0x080002ba                Vector28
                0x080002ba                VectorB8
                0x080002ba                VectorFC
                0x080002ba                Vector34
                0x080002ba                Vector128
                0x080002ba                VectorA4
                0x080002ba                Vector20
                0x080002ba                Vector174
                0x080002be                _unhandled_exception
 .text          0x080002c0       0x5e ./build/obj/chcoreasm.o
                0x080002c0                SVC_Handler
                0x080002de                PendSV_Handler
                0x0800030c                __port_thread_start
 *(.text.*)
 *fill*         0x0800031e        0x2 
 .text.__idle_thread
                0x08000320        0x4 C:\Users\acest\AppData\Local\Temp\race_project.elf.1VeUYw.ltrans0.ltrans.o
 *fill*         0x08000324        0xc 
 .text.chTMStartMeasurementX
                0x08000330        0xc C:\Users\acest\AppData\Local\Temp\race_project.elf.1VeUYw.ltrans0.ltrans.o
 *fill*         0x0800033c        0x4 
 .text.chTMStopMeasurementX
                0x08000340       0x44 C:\Users\acest\AppData\Local\Temp\race_project.elf.1VeUYw.ltrans0.ltrans.o
 *fill*         0x08000384        0xc 
 .text.chCoreAllocFromTop
                0x08000390       0x3c C:\Users\acest\AppData\Local\Temp\race_project.elf.1VeUYw.ltrans0.ltrans.o
 *fill*         0x080003cc        0x4 
 .text.chCoreAllocAlignedI
                0x080003d0       0x20 C:\Users\acest\AppData\Local\Temp\race_project.elf.1VeUYw.ltrans0.ltrans.o
 .text.__sch_wakeup
                0x080003f0       0x70 C:\Users\acest\AppData\Local\Temp\race_project.elf.1VeUYw.ltrans0.ltrans.o
 .text.vt_insert_first.constprop.0
                0x08000460       0x60 C:\Users\acest\AppData\Local\Temp\race_project.elf.1VeUYw.ltrans0.ltrans.o
 .text.__cpu_init
                0x080004c0        0x4 C:\Users\acest\AppData\Local\Temp\race_project.elf.1VeUYw.ltrans0.ltrans.o
                0x080004c0                __cpu_init
 *fill*         0x080004c4        0xc 
 .text.__late_init
                0x080004d0        0x4 C:\Users\acest\AppData\Local\Temp\race_project.elf.1VeUYw.ltrans0.ltrans.o
                0x080004d0                __late_init
 *fill*         0x080004d4        0xc 
 .text.__default_exit
                0x080004e0        0x4 C:\Users\acest\AppData\Local\Temp\race_project.elf.1VeUYw.ltrans0.ltrans.o
                0x080004e0                __default_exit
 *fill*         0x080004e4        0xc 
 .text.__init_ram_areas
                0x080004f0       0x6c C:\Users\acest\AppData\Local\Temp\race_project.elf.1VeUYw.ltrans0.ltrans.o
                0x080004f0                __init_ram_areas
 *fill*         0x0800055c        0x4 
 .text.Vector58
                0x08000560       0x74 C:\Users\acest\AppData\Local\Temp\race_project.elf.1VeUYw.ltrans0.ltrans.o
                0x08000560                Vector58
 *fill*         0x080005d4        0xc 
 .text.Vector5C
                0x080005e0       0x70 C:\Users\acest\AppData\Local\Temp\race_project.elf.1VeUYw.ltrans0.ltrans.o
                0x080005e0                Vector5C
 .text.Vector60
                0x08000650       0x70 C:\Users\acest\AppData\Local\Temp\race_project.elf.1VeUYw.ltrans0.ltrans.o
                0x08000650                Vector60
 .text.Vector64
                0x080006c0       0x70 C:\Users\acest\AppData\Local\Temp\race_project.elf.1VeUYw.ltrans0.ltrans.o
                0x080006c0                Vector64
 .text.Vector68
                0x08000730       0x70 C:\Users\acest\AppData\Local\Temp\race_project.elf.1VeUYw.ltrans0.ltrans.o
                0x08000730                Vector68
 .text.Vector9C
                0x080007a0      0x1d4 C:\Users\acest\AppData\Local\Temp\race_project.elf.1VeUYw.ltrans0.ltrans.o
                0x080007a0                Vector9C
 *fill*         0x08000974        0xc 
 .text.VectorE0
                0x08000980      0x248 C:\Users\acest\AppData\Local\Temp\race_project.elf.1VeUYw.ltrans0.ltrans.o
                0x08000980                VectorE0
 *fill*         0x08000bc8        0x8 
 .text.VectorB0
                0x08000bd0      0x134 C:\Users\acest\AppData\Local\Temp\race_project.elf.1VeUYw.ltrans0.ltrans.o
                0x08000bd0                VectorB0
 *fill*         0x08000d04        0xc 
 .text.__early_init
                0x08000d10      0x2e8 C:\Users\acest\AppData\Local\Temp\race_project.elf.1VeUYw.ltrans0.ltrans.o
                0x08000d10                __early_init
 *fill*         0x08000ff8        0x8 
 .text.chThdExit
                0x08001000       0x84 C:\Users\acest\AppData\Local\Temp\race_project.elf.1VeUYw.ltrans0.ltrans.o
                0x08001000                chThdExit
 *fill*         0x08001084        0xc 
 .text.__port_schedule_next
                0x08001090       0x54 C:\Users\acest\AppData\Local\Temp\race_project.elf.1VeUYw.ltrans0.ltrans.o
                0x08001090                __port_schedule_next
 *fill*         0x080010e4        0xc 
 .text.startup.main
                0x080010f0      0x470 C:\Users\acest\AppData\Local\Temp\race_project.elf.1VeUYw.ltrans0.ltrans.o
                0x080010f0                main
 .text.memset   0x08001560       0xa4 c:/chibistudio/tools/gnu tools arm embedded/10.3 2021.10/bin/../lib/gcc/arm-none-eabi/10.3.1/../../../../arm-none-eabi/lib/thumb/v7e-m/nofp\libg.a(lib_a-memset.o)
                0x08001560                memset
 *(.glue_7t)
 .glue_7t       0x08001604        0x0 linker stubs
 *(.glue_7)
 .glue_7        0x08001604        0x0 linker stubs
 *(.gcc*)
                0x08001604                __text_end__ = .

.vfp11_veneer   0x08001604        0x0
 .vfp11_veneer  0x08001604        0x0 linker stubs

.v4_bx          0x08001604        0x0
 .v4_bx         0x08001604        0x0 linker stubs

.iplt           0x08001604        0x0
 .iplt          0x08001604        0x0 ./build/obj/crt0_v7m.o

.rodata         0x08001604       0xcc
                0x08001604                __rodata_base__ = .
 *(.rodata)
 *(.rodata.*)
 .rodata.main.str1.4
                0x08001604        0x5 C:\Users\acest\AppData\Local\Temp\race_project.elf.1VeUYw.ltrans0.ltrans.o
 *fill*         0x08001609        0x3 
 .rodata.str1.4
                0x0800160c        0x3 C:\Users\acest\AppData\Local\Temp\race_project.elf.1VeUYw.ltrans0.ltrans.o
 *fill*         0x0800160f        0x1 
 .rodata.ch_core0_cfg
                0x08001610       0x14 C:\Users\acest\AppData\Local\Temp\race_project.elf.1VeUYw.ltrans0.ltrans.o
 .rodata.ch_debug
                0x08001624       0x2c C:\Users\acest\AppData\Local\Temp\race_project.elf.1VeUYw.ltrans0.ltrans.o
 .rodata.ram_areas
                0x08001650       0x80 C:\Users\acest\AppData\Local\Temp\race_project.elf.1VeUYw.ltrans0.ltrans.o
                0x080016d0                . = ALIGN (0x4)
                0x080016d0                __rodata_end__ = .

.rel.dyn        0x080016d0        0x0
 .rel.iplt      0x080016d0        0x0 ./build/obj/crt0_v7m.o

.ARM.extab
 *(.ARM.extab* .gnu.linkonce.armextab.*)

.ARM.exidx      0x080016d0        0x0
                0x080016d0                __exidx_base__ = .
                0x080016d0                __exidx_start = .
 *(.ARM.exidx* .gnu.linkonce.armexidx.*)
                0x080016d0                __exidx_end__ = .
                0x080016d0                __exidx_end = .

.eh_frame_hdr
 *(.eh_frame_hdr)

.eh_frame
 *(.eh_frame)

.data           0x20000800        0x0 load address 0x080016d0
                [!provide]                PROVIDE (_textdata = LOADADDR (.data))
                [!provide]                PROVIDE (_data = .)
                0x080016d0                __textdata_base__ = LOADADDR (.data)
                0x20000800                __data_base__ = .
 *(.data)
 *(.data.*)
 *(.ramtext)
                0x20000800                . = ALIGN (0x4)
                [!provide]                PROVIDE (_edata = .)
                0x20000800                __data_end__ = .

.igot.plt       0x20000800        0x0 load address 0x080016d0
 .igot.plt      0x20000800        0x0 ./build/obj/crt0_v7m.o

.bss            0x20000800      0x2f8 load address 0x080016d0
                0x20000800                __bss_base__ = .
 *(.bss)
 *(.bss.*)
 .bss._pal_events
                0x20000800      0x100 C:\Users\acest\AppData\Local\Temp\race_project.elf.1VeUYw.ltrans0.ltrans.o
 .bss.ch0       0x20000900       0xb0 C:\Users\acest\AppData\Local\Temp\race_project.elf.1VeUYw.ltrans0.ltrans.o
 .bss.ch_c0_idle_thread_wa
                0x200009b0       0xd0 C:\Users\acest\AppData\Local\Temp\race_project.elf.1VeUYw.ltrans0.ltrans.o
 .bss.ch_factory
                0x20000a80       0x48 C:\Users\acest\AppData\Local\Temp\race_project.elf.1VeUYw.ltrans0.ltrans.o
 .bss.ch_memcore
                0x20000ac8        0x8 C:\Users\acest\AppData\Local\Temp\race_project.elf.1VeUYw.ltrans0.ltrans.o
 .bss.ch_system
                0x20000ad0        0xc C:\Users\acest\AppData\Local\Temp\race_project.elf.1VeUYw.ltrans0.ltrans.o
 .bss.default_heap
                0x20000adc       0x1c C:\Users\acest\AppData\Local\Temp\race_project.elf.1VeUYw.ltrans0.ltrans.o
 *(COMMON)
                0x20000af8                . = ALIGN (0x4)
                0x20000af8                __bss_end__ = .
                [!provide]                PROVIDE (end = .)
                0x20000000                __ram0_base__ = ORIGIN (ram0)
                0x00020000                __ram0_size__ = LENGTH (ram0)
                0x20020000                __ram0_end__ = (__ram0_base__ + __ram0_size__)
                0x20000000                __ram1_base__ = ORIGIN (ram1)
                0x00018000                __ram1_size__ = LENGTH (ram1)
                0x20018000                __ram1_end__ = (__ram1_base__ + __ram1_size__)
                0x20000000                __ram2_base__ = ORIGIN (ram2)
                0x00014000                __ram2_size__ = LENGTH (ram2)
                0x20014000                __ram2_end__ = (__ram2_base__ + __ram2_size__)
                0x20014000                __ram3_base__ = ORIGIN (ram3)
                0x00004000                __ram3_size__ = LENGTH (ram3)
                0x20018000                __ram3_end__ = (__ram3_base__ + __ram3_size__)
                0x20018000                __ram4_base__ = ORIGIN (ram4)
                0x00008000                __ram4_size__ = LENGTH (ram4)
                0x20020000                __ram4_end__ = (__ram4_base__ + __ram4_size__)
                0x10000000                __ram5_base__ = ORIGIN (ram5)
                0x00008000                __ram5_size__ = LENGTH (ram5)
                0x10008000                __ram5_end__ = (__ram5_base__ + __ram5_size__)
                0x00000000                __ram6_base__ = ORIGIN (ram6)
                0x00000000                __ram6_size__ = LENGTH (ram6)
                0x00000000                __ram6_end__ = (__ram6_base__ + __ram6_size__)
                0x00000000                __ram7_base__ = ORIGIN (ram7)
                0x00000000                __ram7_size__ = LENGTH (ram7)
                0x00000000                __ram7_end__ = (__ram7_base__ + __ram7_size__)
                0x08000000                __flash0_base__ = ORIGIN (flash0)
                0x00080000                __flash0_size__ = LENGTH (flash0)
                0x08080000                __flash0_end__ = (__flash0_base__ + __flash0_size__)
                0x00000000                __flash1_base__ = ORIGIN (flash1)
                0x00000000                __flash1_size__ = LENGTH (flash1)
                0x00000000                __flash1_end__ = (__flash1_base__ + __flash1_size__)
                0x00000000                __flash2_base__ = ORIGIN (flash2)
                0x00000000                __flash2_size__ = LENGTH (flash2)
                0x00000000                __flash2_end__ = (__flash2_base__ + __flash2_size__)
                0x00000000                __flash3_base__ = ORIGIN (flash3)
                0x00000000                __flash3_size__ = LENGTH (flash3)
                0x00000000                __flash3_end__ = (__flash3_base__ + __flash3_size__)
                0x00000000                __flash4_base__ = ORIGIN (flash4)
                0x00000000                __flash4_size__ = LENGTH (flash4)
                0x00000000                __flash4_end__ = (__flash4_base__ + __flash4_size__)
                0x00000000                __flash5_base__ = ORIGIN (flash5)
                0x00000000                __flash5_size__ = LENGTH (flash5)
                0x00000000                __flash5_end__ = (__flash5_base__ + __flash5_size__)
                0x00000000                __flash6_base__ = ORIGIN (flash6)
                0x00000000                __flash6_size__ = LENGTH (flash6)
                0x00000000                __flash6_end__ = (__flash6_base__ + __flash6_size__)
                0x00000000                __flash7_base__ = ORIGIN (flash7)
                0x00000000                __flash7_size__ = LENGTH (flash7)
                0x00000000                __flash7_end__ = (__flash7_base__ + __flash7_size__)

.ram0_init      0x20000af8        0x0 load address 0x080016d0
                0x080016d0                __ram0_init_text__ = LOADADDR (.ram0_init)
                0x20000af8                __ram0_init__ = .
 *(.ram0_init)
 *(.ram0_init.*)
                0x20000af8                . = ALIGN (0x4)

.ram0           0x20000af8        0x0 load address 0x080016d0
                0x20000af8                __ram0_clear__ = .
 *(.ram0_clear)
 *(.ram0_clear.*)
                0x20000af8                . = ALIGN (0x4)
                0x20000af8                __ram0_noinit__ = .
 *(.ram0)
 *(.ram0.*)
                0x20000af8                . = ALIGN (0x4)
                0x20000af8                __ram0_free__ = .

.ram1_init      0x20000000        0x0 load address 0x080016d0
                0x080016d0                __ram1_init_text__ = LOADADDR (.ram1_init)
                0x20000000                __ram1_init__ = .
 *(.ram1_init)
 *(.ram1_init.*)
                0x20000000                . = ALIGN (0x4)

.ram1           0x20000000        0x0 load address 0x080016d0
                0x20000000                __ram1_clear__ = .
 *(.ram1_clear)
 *(.ram1_clear.*)
                0x20000000                . = ALIGN (0x4)
                0x20000000                __ram1_noinit__ = .
 *(.ram1)
 *(.ram1.*)
                0x20000000                . = ALIGN (0x4)
                0x20000000                __ram1_free__ = .

.ram2_init      0x20000000        0x0 load address 0x080016d0
                0x080016d0                __ram2_init_text__ = LOADADDR (.ram2_init)
                0x20000000                __ram2_init__ = .
 *(.ram2_init)
 *(.ram2_init.*)
                0x20000000                . = ALIGN (0x4)

.ram2           0x20000000        0x0 load address 0x080016d0
                0x20000000                __ram2_clear__ = .
 *(.ram2_clear)
 *(.ram2_clear.*)
                0x20000000                . = ALIGN (0x4)
                0x20000000                __ram2_noinit__ = .
 *(.ram2)
 *(.ram2.*)
                0x20000000                . = ALIGN (0x4)
                0x20000000                __ram2_free__ = .

.ram3_init      0x20014000        0x0 load address 0x080016d0
                0x080016d0                __ram3_init_text__ = LOADADDR (.ram3_init)
                0x20014000                __ram3_init__ = .
 *(.ram3_init)
 *(.ram3_init.*)
                0x20014000                . = ALIGN (0x4)

.ram3           0x20014000        0x0 load address 0x080016d0
                0x20014000                __ram3_clear__ = .
 *(.ram3_clear)
 *(.ram3_clear.*)
                0x20014000                . = ALIGN (0x4)
                0x20014000                __ram3_noinit__ = .
 *(.ram3)
 *(.ram3.*)
                0x20014000                . = ALIGN (0x4)
                0x20014000                __ram3_free__ = .

.ram4_init      0x20018000        0x0 load address 0x080016d0
                0x080016d0                __ram4_init_text__ = LOADADDR (.ram4_init)
                0x20018000                __ram4_init__ = .
 *(.ram4_init)
 *(.ram4_init.*)
                0x20018000                . = ALIGN (0x4)

.ram4           0x20018000        0x0 load address 0x080016d0
                0x20018000                __ram4_clear__ = .
 *(.ram4_clear)
 *(.ram4_clear.*)
                0x20018000                . = ALIGN (0x4)
                0x20018000                __ram4_noinit__ = .
 *(.ram4)
 *(.ram4.*)
                0x20018000                . = ALIGN (0x4)
                0x20018000                __ram4_free__ = .

.ram5_init      0x10000000        0x0 load address 0x080016d0
                0x080016d0                __ram5_init_text__ = LOADADDR (.ram5_init)
                0x10000000                __ram5_init__ = .
 *(.ram5_init)
 *(.ram5_init.*)
                0x10000000                . = ALIGN (0x4)

.ram5           0x10000000        0x0 load address 0x080016d0
                0x10000000                __ram5_clear__ = .
 *(.ram5_clear)
 *(.ram5_clear.*)
                0x10000000                . = ALIGN (0x4)
                0x10000000                __ram5_noinit__ = .
 *(.ram5)
 *(.ram5.*)
                0x10000000                . = ALIGN (0x4)
                0x10000000                __ram5_free__ = .

.ram6_init      0x00000000        0x0 load address 0x080016d0
                0x080016d0                __ram6_init_text__ = LOADADDR (.ram6_init)
                0x00000000                __ram6_init__ = .
 *(.ram6_init)
 *(.ram6_init.*)
                0x00000000                . = ALIGN (0x4)

.ram6           0x00000000        0x0 load address 0x080016d0
                0x00000000                __ram6_clear__ = .
 *(.ram6_clear)
 *(.ram6_clear.*)
                0x00000000                . = ALIGN (0x4)
                0x00000000                __ram6_noinit__ = .
 *(.ram6)
 *(.ram6.*)
                0x00000000                . = ALIGN (0x4)
                0x00000000                __ram6_free__ = .

.ram7_init      0x00000000        0x0 load address 0x080016d0
                0x080016d0                __ram7_init_text__ = LOADADDR (.ram7_init)
                0x00000000                __ram7_init__ = .
 *(.ram7_init)
 *(.ram7_init.*)
                0x00000000                . = ALIGN (0x4)

.ram7           0x00000000        0x0 load address 0x080016d0
                0x00000000                __ram7_clear__ = .
 *(.ram7_clear)
 *(.ram7_clear.*)
                0x00000000                . = ALIGN (0x4)
                0x00000000                __ram7_noinit__ = .
 *(.ram7)
 *(.ram7.*)
                0x00000000                . = ALIGN (0x4)
                0x00000000                __ram7_free__ = .

.flash0         0x080016d0        0x0
                0x080016d0                __flash0_init__ = .
 *(.flash0_init)
 *(.flash0_init.*)
                0x080016d0                __flash0_free__ = .

.flash1         0x00000000        0x0
                0x00000000                __flash1_init__ = .
 *(.flash1_init)
 *(.flash1_init.*)
                0x00000000                __flash1_free__ = .

.flash2         0x00000000        0x0
                0x00000000                __flash2_init__ = .
 *(.flash2_init)
 *(.flash2_init.*)
                0x00000000                __flash2_free__ = .

.flash3         0x00000000        0x0
                0x00000000                __flash3_init__ = .
 *(.flash3_init)
 *(.flash3_init.*)
                0x00000000                __flash3_free__ = .

.flash4         0x00000000        0x0
                0x00000000                __flash4_init__ = .
 *(.flash4_init)
 *(.flash4_init.*)
                0x00000000                __flash4_free__ = .

.flash5         0x00000000        0x0
                0x00000000                __flash5_init__ = .
 *(.flash5_init)
 *(.flash5_init.*)
                0x00000000                __flash5_free__ = .

.flash6         0x00000000        0x0
                0x00000000                __flash6_init__ = .
 *(.flash6_init)
 *(.flash6_init.*)
                0x00000000                __flash6_free__ = .

.flash7         0x00000000        0x0
                0x00000000                __flash7_init__ = .
 *(.flash7_init)
 *(.flash7_init.*)
                0x00000000                __flash7_free__ = .

.heap           0x20000af8    0x1f508
                0x20000af8                . = ALIGN (0x8)
                0x20000af8                __heap_base__ = .
                0x20020000                . = (ORIGIN (HEAP_RAM) + LENGTH (HEAP_RAM))
 *fill*         0x20000af8    0x1f508 
                0x20020000                __heap_end__ = .
                0x00000400                __process_stack_size__ = 0x400
                0x00000400                __main_stack_size__ = 0x400
START GROUP
LOAD c:/chibistudio/tools/gnu tools arm embedded/10.3 2021.10/bin/../lib/gcc/arm-none-eabi/10.3.1/thumb/v7e-m/nofp\libgcc.a
LOAD c:/chibistudio/tools/gnu tools arm embedded/10.3 2021.10/bin/../lib/gcc/arm-none-eabi/10.3.1/../../../../arm-none-eabi/lib/thumb/v7e-m/nofp\libg.a
LOAD c:/chibistudio/tools/gnu tools arm embedded/10.3 2021.10/bin/../lib/gcc/arm-none-eabi/10.3.1/../../../../arm-none-eabi/lib/thumb/v7e-m/nofp\libc.a
END GROUP
OUTPUT(build/race_project.elf elf32-littlearm)
LOAD linker stubs

.ARM.attributes
                0x00000000       0x2f
 .ARM.attributes
                0x00000000       0x21 ./build/obj/crt0_v7m.o
 .ARM.attributes
                0x00000021       0x21 ./build/obj/vectors.o
 .ARM.attributes
                0x00000042       0x21 ./build/obj/chcoreasm.o
 .ARM.attributes
                0x00000063       0x2c C:\Users\acest\AppData\Local\Temp\race_project.elf.1VeUYw.ltrans0.ltrans.o
 .ARM.attributes
                0x0000008f       0x2e c:/chibistudio/tools/gnu tools arm embedded/10.3 2021.10/bin/../lib/gcc/arm-none-eabi/10.3.1/../../../../arm-none-eabi/lib/thumb/v7e-m/nofp\libg.a(lib_a-memset.o)

.comment        0x00000000       0x49
 .comment       0x00000000       0x49 C:\Users\acest\AppData\Local\Temp\race_project.elf.1VeUYw.ltrans0.ltrans.o
                                 0x4a (size before relaxing)

.debug_line     0x00000000     0x8b63
 .debug_line    0x00000000       0xe5 ./build/obj/crt0_v7m.o
 .debug_line    0x000000e5       0x8d ./build/obj/vectors.o
 .debug_line    0x00000172       0xaf ./build/obj/chcoreasm.o
 .debug_line    0x00000221     0x49fd C:\Users\acest\AppData\Local\Temp\race_project.elf.1VeUYw.ltrans0.ltrans.o
 .debug_line    0x00004c1e      0x141 C:\Users\acest\AppData\Local\Temp\ccHG5IRp.debug.temp.o
 .debug_line    0x00004d5f       0x91 C:\Users\acest\AppData\Local\Temp\ccemKYbV.debug.temp.o
 .debug_line    0x00004df0      0x1ef C:\Users\acest\AppData\Local\Temp\ccpUYHiq.debug.temp.o
 .debug_line    0x00004fdf      0x183 C:\Users\acest\AppData\Local\Temp\cc44hKHW.debug.temp.o
 .debug_line    0x00005162      0x6a1 C:\Users\acest\AppData\Local\Temp\ccjrzauv.debug.temp.o
 .debug_line    0x00005803      0x2c6 C:\Users\acest\AppData\Local\Temp\ccyNQAg4.debug.temp.o
 .debug_line    0x00005ac9      0x2b0 C:\Users\acest\AppData\Local\Temp\ccEWQHsj.debug.temp.o
 .debug_line    0x00005d79      0x2cd C:\Users\acest\AppData\Local\Temp\cc1IlRtS.debug.temp.o
 .debug_line    0x00006046      0x1cc C:\Users\acest\AppData\Local\Temp\ccs7oDmr.debug.temp.o
 .debug_line    0x00006212      0x34b C:\Users\acest\AppData\Local\Temp\cc0BdUoy.debug.temp.o
 .debug_line    0x0000655d      0x244 C:\Users\acest\AppData\Local\Temp\ccfMoQF6.debug.temp.o
 .debug_line    0x000067a1      0x2db C:\Users\acest\AppData\Local\Temp\ccU4cMcL.debug.temp.o
 .debug_line    0x00006a7c      0x29d C:\Users\acest\AppData\Local\Temp\ccjWdnKj.debug.temp.o
 .debug_line    0x00006d19      0x2bc C:\Users\acest\AppData\Local\Temp\ccQXhIhS.debug.temp.o
 .debug_line    0x00006fd5      0x359 C:\Users\acest\AppData\Local\Temp\ccxCde3p.debug.temp.o
 .debug_line    0x0000732e      0x29a C:\Users\acest\AppData\Local\Temp\ccGTxQUW.debug.temp.o
 .debug_line    0x000075c8      0x32a C:\Users\acest\AppData\Local\Temp\ccHMJj5x.debug.temp.o
 .debug_line    0x000078f2      0x2ad C:\Users\acest\AppData\Local\Temp\cc17IiTJ.debug.temp.o
 .debug_line    0x00007b9f      0x297 C:\Users\acest\AppData\Local\Temp\ccVtoe4f.debug.temp.o
 .debug_line    0x00007e36      0x2f5 C:\Users\acest\AppData\Local\Temp\ccaC0ukQ.debug.temp.o
 .debug_line    0x0000812b      0x2d9 C:\Users\acest\AppData\Local\Temp\ccD3YZrq.debug.temp.o
 .debug_line    0x00008404      0x32e C:\Users\acest\AppData\Local\Temp\cc3eRwsM.debug.temp.o
 .debug_line    0x00008732      0x309 C:\Users\acest\AppData\Local\Temp\ccoiltZp.debug.temp.o
 .debug_line    0x00008a3b      0x128 C:\Users\acest\AppData\Local\Temp\ccQvOU2G.debug.temp.o

.debug_info     0x00000000    0x12978
 .debug_info    0x00000000       0x26 ./build/obj/crt0_v7m.o
 .debug_info    0x00000026       0x26 ./build/obj/vectors.o
 .debug_info    0x0000004c       0x26 ./build/obj/chcoreasm.o
 .debug_info    0x00000072     0x4f84 C:\Users\acest\AppData\Local\Temp\race_project.elf.1VeUYw.ltrans0.ltrans.o
 .debug_info    0x00004ff6      0x2c8 C:\Users\acest\AppData\Local\Temp\ccHG5IRp.debug.temp.o
                0x00004ff6                crt1.c.5ce07f45
 .debug_info    0x000052be       0x8a C:\Users\acest\AppData\Local\Temp\ccemKYbV.debug.temp.o
                0x000052be                hal.c.480d80cc
 .debug_info    0x00005348      0x381 C:\Users\acest\AppData\Local\Temp\ccpUYHiq.debug.temp.o
                0x00005348                hal_st.c.0a603dd1
 .debug_info    0x000056c9      0x4bc C:\Users\acest\AppData\Local\Temp\cc44hKHW.debug.temp.o
                0x000056c9                nvic.c.6893dd84
 .debug_info    0x00005b85      0x7f1 C:\Users\acest\AppData\Local\Temp\ccjrzauv.debug.temp.o
                0x00005b85                stm32_isr.c.b9272821
 .debug_info    0x00006376      0xa5b C:\Users\acest\AppData\Local\Temp\ccyNQAg4.debug.temp.o
                0x00006376                hal_lld.c.879924bf
 .debug_info    0x00006dd1      0x69f C:\Users\acest\AppData\Local\Temp\ccEWQHsj.debug.temp.o
                0x00006dd1                hal_pal_lld.c.d3314150
 .debug_info    0x00007470      0x5c4 C:\Users\acest\AppData\Local\Temp\cc1IlRtS.debug.temp.o
                0x00007470                hal_st_lld.c.f989e8f4
 .debug_info    0x00007a34      0x516 C:\Users\acest\AppData\Local\Temp\ccs7oDmr.debug.temp.o
                0x00007a34                board.c.8adf2400
 .debug_info    0x00007f4a      0xe03 C:\Users\acest\AppData\Local\Temp\cc0BdUoy.debug.temp.o
                0x00007f4a                chsys.c.5097c911
 .debug_info    0x00008d4d      0x827 C:\Users\acest\AppData\Local\Temp\ccfMoQF6.debug.temp.o
                0x00008d4d                chrfcu.c.ba574523
 .debug_info    0x00009574      0xe76 C:\Users\acest\AppData\Local\Temp\ccU4cMcL.debug.temp.o
                0x00009574                chvt.c.87298af5
 .debug_info    0x0000a3ea      0xd9b C:\Users\acest\AppData\Local\Temp\ccjWdnKj.debug.temp.o
                0x0000a3ea                chschd.c.b4ab19b6
 .debug_info    0x0000b185      0xc9c C:\Users\acest\AppData\Local\Temp\ccQXhIhS.debug.temp.o
                0x0000b185                chinstances.c.97695084
 .debug_info    0x0000be21     0x10cd C:\Users\acest\AppData\Local\Temp\ccxCde3p.debug.temp.o
                0x0000be21                chthreads.c.3f6f8fa6
 .debug_info    0x0000ceee      0xb44 C:\Users\acest\AppData\Local\Temp\ccGTxQUW.debug.temp.o
                0x0000ceee                chtm.c.2237335c
 .debug_info    0x0000da32      0xc64 C:\Users\acest\AppData\Local\Temp\ccHMJj5x.debug.temp.o
                0x0000da32                chregistry.c.4e644583
 .debug_info    0x0000e696      0xb2d C:\Users\acest\AppData\Local\Temp\cc17IiTJ.debug.temp.o
                0x0000e696                chmtx.c.8dc8b9fd
 .debug_info    0x0000f1c3      0x2f0 C:\Users\acest\AppData\Local\Temp\ccVtoe4f.debug.temp.o
                0x0000f1c3                chmemcore.c.b7deada3
 .debug_info    0x0000f4b3      0xac6 C:\Users\acest\AppData\Local\Temp\ccaC0ukQ.debug.temp.o
                0x0000f4b3                chmemheaps.c.0c949750
 .debug_info    0x0000ff79      0x588 C:\Users\acest\AppData\Local\Temp\ccD3YZrq.debug.temp.o
                0x0000ff79                chmempools.c.dae5b0de
 .debug_info    0x00010501     0x134f C:\Users\acest\AppData\Local\Temp\cc3eRwsM.debug.temp.o
                0x00010501                chfactory.c.ad870acd
 .debug_info    0x00011850     0x105b C:\Users\acest\AppData\Local\Temp\ccoiltZp.debug.temp.o
                0x00011850                chcore.c.6ceee763
 .debug_info    0x000128ab       0xcd C:\Users\acest\AppData\Local\Temp\ccQvOU2G.debug.temp.o
                0x000128ab                main.c.61d17410

.debug_abbrev   0x00000000     0x2c2c
 .debug_abbrev  0x00000000       0x14 ./build/obj/crt0_v7m.o
 .debug_abbrev  0x00000014       0x14 ./build/obj/vectors.o
 .debug_abbrev  0x00000028       0x14 ./build/obj/chcoreasm.o
 .debug_abbrev  0x0000003c      0x2e5 C:\Users\acest\AppData\Local\Temp\race_project.elf.1VeUYw.ltrans0.ltrans.o
 .debug_abbrev  0x00000321       0xe5 C:\Users\acest\AppData\Local\Temp\ccHG5IRp.debug.temp.o
 .debug_abbrev  0x00000406       0x46 C:\Users\acest\AppData\Local\Temp\ccemKYbV.debug.temp.o
 .debug_abbrev  0x0000044c      0x15d C:\Users\acest\AppData\Local\Temp\ccpUYHiq.debug.temp.o
 .debug_abbrev  0x000005a9      0x130 C:\Users\acest\AppData\Local\Temp\cc44hKHW.debug.temp.o
 .debug_abbrev  0x000006d9      0x19e C:\Users\acest\AppData\Local\Temp\ccjrzauv.debug.temp.o
 .debug_abbrev  0x00000877      0x1e3 C:\Users\acest\AppData\Local\Temp\ccyNQAg4.debug.temp.o
 .debug_abbrev  0x00000a5a      0x1c3 C:\Users\acest\AppData\Local\Temp\ccEWQHsj.debug.temp.o
 .debug_abbrev  0x00000c1d      0x138 C:\Users\acest\AppData\Local\Temp\cc1IlRtS.debug.temp.o
 .debug_abbrev  0x00000d55      0x13b C:\Users\acest\AppData\Local\Temp\ccs7oDmr.debug.temp.o
 .debug_abbrev  0x00000e90      0x2db C:\Users\acest\AppData\Local\Temp\cc0BdUoy.debug.temp.o
 .debug_abbrev  0x0000116b      0x14c C:\Users\acest\AppData\Local\Temp\ccfMoQF6.debug.temp.o
 .debug_abbrev  0x000012b7      0x260 C:\Users\acest\AppData\Local\Temp\ccU4cMcL.debug.temp.o
 .debug_abbrev  0x00001517      0x233 C:\Users\acest\AppData\Local\Temp\ccjWdnKj.debug.temp.o
 .debug_abbrev  0x0000174a      0x218 C:\Users\acest\AppData\Local\Temp\ccQXhIhS.debug.temp.o
 .debug_abbrev  0x00001962      0x28a C:\Users\acest\AppData\Local\Temp\ccxCde3p.debug.temp.o
 .debug_abbrev  0x00001bec      0x1a7 C:\Users\acest\AppData\Local\Temp\ccGTxQUW.debug.temp.o
 .debug_abbrev  0x00001d93      0x24e C:\Users\acest\AppData\Local\Temp\ccHMJj5x.debug.temp.o
 .debug_abbrev  0x00001fe1      0x256 C:\Users\acest\AppData\Local\Temp\cc17IiTJ.debug.temp.o
 .debug_abbrev  0x00002237      0x154 C:\Users\acest\AppData\Local\Temp\ccVtoe4f.debug.temp.o
 .debug_abbrev  0x0000238b      0x229 C:\Users\acest\AppData\Local\Temp\ccaC0ukQ.debug.temp.o
 .debug_abbrev  0x000025b4      0x1b6 C:\Users\acest\AppData\Local\Temp\ccD3YZrq.debug.temp.o
 .debug_abbrev  0x0000276a      0x23e C:\Users\acest\AppData\Local\Temp\cc3eRwsM.debug.temp.o
 .debug_abbrev  0x000029a8      0x23c C:\Users\acest\AppData\Local\Temp\ccoiltZp.debug.temp.o
 .debug_abbrev  0x00002be4       0x48 C:\Users\acest\AppData\Local\Temp\ccQvOU2G.debug.temp.o

.debug_aranges  0x00000000      0x128
 .debug_aranges
                0x00000000       0x20 ./build/obj/crt0_v7m.o
 .debug_aranges
                0x00000020       0x20 ./build/obj/vectors.o
 .debug_aranges
                0x00000040       0x20 ./build/obj/chcoreasm.o
 .debug_aranges
                0x00000060       0xc8 C:\Users\acest\AppData\Local\Temp\race_project.elf.1VeUYw.ltrans0.ltrans.o

.debug_str      0x00000000     0x3be4
 .debug_str     0x00000000       0x93 ./build/obj/crt0_v7m.o
 .debug_str     0x00000093       0x58 ./build/obj/vectors.o
                                 0x92 (size before relaxing)
 .debug_str     0x000000eb       0x5d ./build/obj/chcoreasm.o
                                 0x97 (size before relaxing)
 .debug_str     0x00000148      0x138 C:\Users\acest\AppData\Local\Temp\race_project.elf.1VeUYw.ltrans0.ltrans.o
                                0x16b (size before relaxing)
 .debug_str     0x00000280      0x3f0 C:\Users\acest\AppData\Local\Temp\ccHG5IRp.debug.temp.o
                                0x46d (size before relaxing)
 .debug_str     0x00000670       0x5b C:\Users\acest\AppData\Local\Temp\ccemKYbV.debug.temp.o
                                0x1d5 (size before relaxing)
 .debug_str     0x000006cb      0x16b C:\Users\acest\AppData\Local\Temp\ccpUYHiq.debug.temp.o
                                0x30b (size before relaxing)
 .debug_str     0x00000836      0x17f C:\Users\acest\AppData\Local\Temp\cc44hKHW.debug.temp.o
                                0x348 (size before relaxing)
 .debug_str     0x000009b5      0x6a4 C:\Users\acest\AppData\Local\Temp\ccjrzauv.debug.temp.o
                                0x8d1 (size before relaxing)
 .debug_str     0x00001059      0x5a4 C:\Users\acest\AppData\Local\Temp\ccyNQAg4.debug.temp.o
                                0x793 (size before relaxing)
 .debug_str     0x000015fd      0x1fe C:\Users\acest\AppData\Local\Temp\ccEWQHsj.debug.temp.o
                                0x4ba (size before relaxing)
 .debug_str     0x000017fb       0xc0 C:\Users\acest\AppData\Local\Temp\cc1IlRtS.debug.temp.o
                                0x4a2 (size before relaxing)
 .debug_str     0x000018bb       0xda C:\Users\acest\AppData\Local\Temp\ccs7oDmr.debug.temp.o
                                0x45c (size before relaxing)
 .debug_str     0x00001995      0x67a C:\Users\acest\AppData\Local\Temp\cc0BdUoy.debug.temp.o
                                0x9ba (size before relaxing)
 .debug_str     0x0000200f       0x68 C:\Users\acest\AppData\Local\Temp\ccfMoQF6.debug.temp.o
                                0x5e8 (size before relaxing)
 .debug_str     0x00002077      0x266 C:\Users\acest\AppData\Local\Temp\ccU4cMcL.debug.temp.o
                                0x882 (size before relaxing)
 .debug_str     0x000022dd      0x1d5 C:\Users\acest\AppData\Local\Temp\ccjWdnKj.debug.temp.o
                                0x818 (size before relaxing)
 .debug_str     0x000024b2      0x2b9 C:\Users\acest\AppData\Local\Temp\ccQXhIhS.debug.temp.o
                                0x94c (size before relaxing)
 .debug_str     0x0000276b      0x2a9 C:\Users\acest\AppData\Local\Temp\ccxCde3p.debug.temp.o
                                0x93c (size before relaxing)
 .debug_str     0x00002a14       0x9c C:\Users\acest\AppData\Local\Temp\ccGTxQUW.debug.temp.o
                                0x7d3 (size before relaxing)
 .debug_str     0x00002ab0       0xbf C:\Users\acest\AppData\Local\Temp\ccHMJj5x.debug.temp.o
                                0x8f4 (size before relaxing)
 .debug_str     0x00002b6f       0xd8 C:\Users\acest\AppData\Local\Temp\cc17IiTJ.debug.temp.o
                                0x706 (size before relaxing)
 .debug_str     0x00002c47       0xec C:\Users\acest\AppData\Local\Temp\ccVtoe4f.debug.temp.o
                                0x30c (size before relaxing)
 .debug_str     0x00002d33      0x116 C:\Users\acest\AppData\Local\Temp\ccaC0ukQ.debug.temp.o
                                0x6c3 (size before relaxing)
 .debug_str     0x00002e49      0x17f C:\Users\acest\AppData\Local\Temp\ccD3YZrq.debug.temp.o
                                0x420 (size before relaxing)
 .debug_str     0x00002fc8      0x4c6 C:\Users\acest\AppData\Local\Temp\cc3eRwsM.debug.temp.o
                                0xb2e (size before relaxing)
 .debug_str     0x0000348e      0x73e C:\Users\acest\AppData\Local\Temp\ccoiltZp.debug.temp.o
                                0xe75 (size before relaxing)
 .debug_str     0x00003bcc       0x18 C:\Users\acest\AppData\Local\Temp\ccQvOU2G.debug.temp.o
                                0x1da (size before relaxing)

.debug_loc      0x00000000     0x3afa
 .debug_loc     0x00000000     0x3afa C:\Users\acest\AppData\Local\Temp\race_project.elf.1VeUYw.ltrans0.ltrans.o

.debug_ranges   0x00000000     0x3a50
 .debug_ranges  0x00000000     0x3a50 C:\Users\acest\AppData\Local\Temp\race_project.elf.1VeUYw.ltrans0.ltrans.o

.debug_frame    0x00000000      0x2bc
 .debug_frame   0x00000000      0x290 C:\Users\acest\AppData\Local\Temp\race_project.elf.1VeUYw.ltrans0.ltrans.o
 .debug_frame   0x00000290       0x2c c:/chibistudio/tools/gnu tools arm embedded/10.3 2021.10/bin/../lib/gcc/arm-none-eabi/10.3.1/../../../../arm-none-eabi/lib/thumb/v7e-m/nofp\libg.a(lib_a-memset.o)

Cross Reference Table

Symbol                                            File
BusFault_Handler                                  ./build/obj/vectors.o
DebugMon_Handler                                  ./build/obj/vectors.o
HardFault_Handler                                 ./build/obj/vectors.o
MemManage_Handler                                 ./build/obj/vectors.o
NMI_Handler                                       ./build/obj/vectors.o
PendSV_Handler                                    ./build/obj/chcoreasm.o
                                                  ./build/obj/vectors.o
Reset_Handler                                     ./build/obj/vectors.o
SVC_Handler                                       ./build/obj/chcoreasm.o
                                                  ./build/obj/vectors.o
SecureFault_Handler                               ./build/obj/vectors.o
SysTick_Handler                                   ./build/obj/vectors.o
SystemCoreClock                                   ./build/obj/hal_lld.o (symbol from plugin)
UsageFault_Handler                                ./build/obj/vectors.o
Vector100                                         ./build/obj/vectors.o
Vector104                                         ./build/obj/vectors.o
Vector108                                         ./build/obj/vectors.o
Vector10C                                         ./build/obj/vectors.o
Vector110                                         ./build/obj/vectors.o
Vector114                                         ./build/obj/vectors.o
Vector118                                         ./build/obj/vectors.o
Vector11C                                         ./build/obj/vectors.o
Vector120                                         ./build/obj/vectors.o
Vector124                                         ./build/obj/vectors.o
Vector128                                         ./build/obj/vectors.o
Vector12C                                         ./build/obj/vectors.o
Vector130                                         ./build/obj/vectors.o
Vector134                                         ./build/obj/vectors.o
Vector138                                         ./build/obj/vectors.o
Vector13C                                         ./build/obj/vectors.o
Vector140                                         ./build/obj/vectors.o
Vector144                                         ./build/obj/vectors.o
Vector148                                         ./build/obj/vectors.o
Vector14C                                         ./build/obj/vectors.o
Vector150                                         ./build/obj/vectors.o
Vector154                                         ./build/obj/vectors.o
Vector158                                         ./build/obj/vectors.o
Vector15C                                         ./build/obj/vectors.o
Vector160                                         ./build/obj/vectors.o
Vector164                                         ./build/obj/vectors.o
Vector168                                         ./build/obj/vectors.o
Vector16C                                         ./build/obj/vectors.o
Vector170                                         ./build/obj/vectors.o
Vector174                                         ./build/obj/vectors.o
Vector178                                         ./build/obj/vectors.o
Vector17C                                         ./build/obj/vectors.o
Vector180                                         ./build/obj/vectors.o
Vector184                                         ./build/obj/vectors.o
Vector188                                         ./build/obj/vectors.o
Vector18C                                         ./build/obj/vectors.o
Vector190                                         ./build/obj/vectors.o
Vector194                                         ./build/obj/vectors.o
Vector198                                         ./build/obj/vectors.o
Vector19C                                         ./build/obj/vectors.o
Vector1A0                                         ./build/obj/vectors.o
Vector1A4                                         ./build/obj/vectors.o
Vector1A8                                         ./build/obj/vectors.o
Vector1AC                                         ./build/obj/vectors.o
Vector1B0                                         ./build/obj/vectors.o
Vector1B4                                         ./build/obj/vectors.o
Vector1B8                                         ./build/obj/vectors.o
Vector1BC                                         ./build/obj/vectors.o
Vector1C0                                         ./build/obj/vectors.o
Vector1C4                                         ./build/obj/vectors.o
Vector1C8                                         ./build/obj/vectors.o
Vector1CC                                         ./build/obj/vectors.o
Vector1D0                                         ./build/obj/vectors.o
Vector1D4                                         ./build/obj/vectors.o
Vector1D8                                         ./build/obj/vectors.o
Vector1DC                                         ./build/obj/vectors.o
Vector20                                          ./build/obj/vectors.o
Vector24                                          ./build/obj/vectors.o
Vector28                                          ./build/obj/vectors.o
Vector34                                          ./build/obj/vectors.o
Vector40                                          ./build/obj/vectors.o
Vector44                                          ./build/obj/vectors.o
Vector48                                          ./build/obj/vectors.o
Vector4C                                          ./build/obj/vectors.o
Vector50                                          ./build/obj/vectors.o
Vector54                                          ./build/obj/vectors.o
Vector58                                          C:\Users\acest\AppData\Local\Temp\race_project.elf.1VeUYw.ltrans0.ltrans.o
                                                  ./build/obj/stm32_isr.o (symbol from plugin)
                                                  ./build/obj/vectors.o
Vector5C                                          C:\Users\acest\AppData\Local\Temp\race_project.elf.1VeUYw.ltrans0.ltrans.o
                                                  ./build/obj/stm32_isr.o (symbol from plugin)
                                                  ./build/obj/vectors.o
Vector60                                          C:\Users\acest\AppData\Local\Temp\race_project.elf.1VeUYw.ltrans0.ltrans.o
                                                  ./build/obj/stm32_isr.o (symbol from plugin)
                                                  ./build/obj/vectors.o
Vector64                                          C:\Users\acest\AppData\Local\Temp\race_project.elf.1VeUYw.ltrans0.ltrans.o
                                                  ./build/obj/stm32_isr.o (symbol from plugin)
                                                  ./build/obj/vectors.o
Vector68                                          C:\Users\acest\AppData\Local\Temp\race_project.elf.1VeUYw.ltrans0.ltrans.o
                                                  ./build/obj/stm32_isr.o (symbol from plugin)
                                                  ./build/obj/vectors.o
Vector6C                                          ./build/obj/vectors.o
Vector70                                          ./build/obj/vectors.o
Vector74                                          ./build/obj/vectors.o
Vector78                                          ./build/obj/vectors.o
Vector7C                                          ./build/obj/vectors.o
Vector80                                          ./build/obj/vectors.o
Vector84                                          ./build/obj/vectors.o
Vector88                                          ./build/obj/vectors.o
Vector8C                                          ./build/obj/vectors.o
Vector90                                          ./build/obj/vectors.o
Vector94                                          ./build/obj/vectors.o
Vector98                                          ./build/obj/vectors.o
Vector9C                                          C:\Users\acest\AppData\Local\Temp\race_project.elf.1VeUYw.ltrans0.ltrans.o
                                                  ./build/obj/stm32_isr.o (symbol from plugin)
                                                  ./build/obj/vectors.o
VectorA0                                          ./build/obj/vectors.o
VectorA4                                          ./build/obj/vectors.o
VectorA8                                          ./build/obj/vectors.o
VectorAC                                          ./build/obj/vectors.o
VectorB0                                          C:\Users\acest\AppData\Local\Temp\race_project.elf.1VeUYw.ltrans0.ltrans.o
                                                  ./build/obj/stm32_isr.o (symbol from plugin)
                                                  ./build/obj/vectors.o
VectorB4                                          ./build/obj/vectors.o
VectorB8                                          ./build/obj/vectors.o
VectorBC                                          ./build/obj/vectors.o
VectorC0                                          ./build/obj/vectors.o
VectorC4                                          ./build/obj/vectors.o
VectorC8                                          ./build/obj/vectors.o
VectorCC                                          ./build/obj/vectors.o
VectorD0                                          ./build/obj/vectors.o
VectorD4                                          ./build/obj/vectors.o
VectorD8                                          ./build/obj/vectors.o
VectorDC                                          ./build/obj/vectors.o
VectorE0                                          C:\Users\acest\AppData\Local\Temp\race_project.elf.1VeUYw.ltrans0.ltrans.o
                                                  ./build/obj/stm32_isr.o (symbol from plugin)
                                                  ./build/obj/vectors.o
VectorE4                                          ./build/obj/vectors.o
VectorE8                                          ./build/obj/vectors.o
VectorEC                                          ./build/obj/vectors.o
VectorF0                                          ./build/obj/vectors.o
VectorF4                                          ./build/obj/vectors.o
VectorF8                                          ./build/obj/vectors.o
VectorFC                                          ./build/obj/vectors.o
__bss_base__                                      ./build/obj/crt0_v7m.o
__bss_end__                                       ./build/obj/crt0_v7m.o
__ch_delegate_fn0                                 ./build/obj/chdelegates.o (symbol from plugin)
__ch_delegate_fn1                                 ./build/obj/chdelegates.o (symbol from plugin)
__ch_delegate_fn2                                 ./build/obj/chdelegates.o (symbol from plugin)
__ch_delegate_fn3                                 ./build/obj/chdelegates.o (symbol from plugin)
__ch_delegate_fn4                                 ./build/obj/chdelegates.o (symbol from plugin)
__core_init                                       ./build/obj/chmemcore.o (symbol from plugin)
                                                  ./build/obj/chsys.o (symbol from plugin)
__cpu_init                                        C:\Users\acest\AppData\Local\Temp\race_project.elf.1VeUYw.ltrans0.ltrans.o
                                                  ./build/obj/crt1.o (symbol from plugin)
                                                  ./build/obj/crt0_v7m.o
__data_base__                                     ./build/obj/crt0_v7m.o
__data_end__                                      ./build/obj/crt0_v7m.o
__default_exit                                    C:\Users\acest\AppData\Local\Temp\race_project.elf.1VeUYw.ltrans0.ltrans.o
                                                  ./build/obj/crt1.o (symbol from plugin)
                                                  ./build/obj/crt0_v7m.o
__early_init                                      C:\Users\acest\AppData\Local\Temp\race_project.elf.1VeUYw.ltrans0.ltrans.o
                                                  ./build/obj/board.o (symbol from plugin)
                                                  ./build/obj/crt1.o (symbol from plugin)
                                                  ./build/obj/crt0_v7m.o
__factory_init                                    ./build/obj/chfactory.o (symbol from plugin)
                                                  ./build/obj/chsys.o (symbol from plugin)
__fini_array_base__                               ./build/obj/crt0_v7m.o
__fini_array_end__                                ./build/obj/crt0_v7m.o
__heap_base__                                     C:\Users\acest\AppData\Local\Temp\race_project.elf.1VeUYw.ltrans0.ltrans.o
                                                  ./build/obj/chmemcore.o (symbol from plugin)
__heap_end__                                      C:\Users\acest\AppData\Local\Temp\race_project.elf.1VeUYw.ltrans0.ltrans.o
                                                  ./build/obj/chmemcore.o (symbol from plugin)
__heap_init                                       ./build/obj/chmemheaps.o (symbol from plugin)
                                                  ./build/obj/chsys.o (symbol from plugin)
__init_array_base__                               ./build/obj/crt0_v7m.o
__init_array_end__                                ./build/obj/crt0_v7m.o
__init_ram_areas                                  C:\Users\acest\AppData\Local\Temp\race_project.elf.1VeUYw.ltrans0.ltrans.o
                                                  ./build/obj/crt1.o (symbol from plugin)
                                                  ./build/obj/crt0_v7m.o
__late_init                                       C:\Users\acest\AppData\Local\Temp\race_project.elf.1VeUYw.ltrans0.ltrans.o
                                                  ./build/obj/crt1.o (symbol from plugin)
                                                  ./build/obj/crt0_v7m.o
__main_stack_base__                               ./build/obj/crt0_v7m.o
__main_stack_end__                                ./build/obj/vectors.o
                                                  ./build/obj/crt0_v7m.o
__port_schedule_next                              C:\Users\acest\AppData\Local\Temp\race_project.elf.1VeUYw.ltrans0.ltrans.o
                                                  ./build/obj/chcore.o (symbol from plugin)
                                                  ./build/obj/chcoreasm.o
__port_thread_start                               ./build/obj/chcoreasm.o
                                                  C:\Users\acest\AppData\Local\Temp\race_project.elf.1VeUYw.ltrans0.ltrans.o
                                                  ./build/obj/chthreads.o (symbol from plugin)
__process_stack_base__                            ./build/obj/crt0_v7m.o
__process_stack_end__                             ./build/obj/crt0_v7m.o
__ram0_clear__                                    C:\Users\acest\AppData\Local\Temp\race_project.elf.1VeUYw.ltrans0.ltrans.o
                                                  ./build/obj/crt1.o (symbol from plugin)
__ram0_init__                                     C:\Users\acest\AppData\Local\Temp\race_project.elf.1VeUYw.ltrans0.ltrans.o
                                                  ./build/obj/crt1.o (symbol from plugin)
__ram0_init_text__                                C:\Users\acest\AppData\Local\Temp\race_project.elf.1VeUYw.ltrans0.ltrans.o
                                                  ./build/obj/crt1.o (symbol from plugin)
__ram0_noinit__                                   C:\Users\acest\AppData\Local\Temp\race_project.elf.1VeUYw.ltrans0.ltrans.o
                                                  ./build/obj/crt1.o (symbol from plugin)
__ram1_clear__                                    C:\Users\acest\AppData\Local\Temp\race_project.elf.1VeUYw.ltrans0.ltrans.o
                                                  ./build/obj/crt1.o (symbol from plugin)
__ram1_init__                                     C:\Users\acest\AppData\Local\Temp\race_project.elf.1VeUYw.ltrans0.ltrans.o
                                                  ./build/obj/crt1.o (symbol from plugin)
__ram1_init_text__                                C:\Users\acest\AppData\Local\Temp\race_project.elf.1VeUYw.ltrans0.ltrans.o
                                                  ./build/obj/crt1.o (symbol from plugin)
__ram1_noinit__                                   C:\Users\acest\AppData\Local\Temp\race_project.elf.1VeUYw.ltrans0.ltrans.o
                                                  ./build/obj/crt1.o (symbol from plugin)
__ram2_clear__                                    C:\Users\acest\AppData\Local\Temp\race_project.elf.1VeUYw.ltrans0.ltrans.o
                                                  ./build/obj/crt1.o (symbol from plugin)
__ram2_init__                                     C:\Users\acest\AppData\Local\Temp\race_project.elf.1VeUYw.ltrans0.ltrans.o
                                                  ./build/obj/crt1.o (symbol from plugin)
__ram2_init_text__                                C:\Users\acest\AppData\Local\Temp\race_project.elf.1VeUYw.ltrans0.ltrans.o
                                                  ./build/obj/crt1.o (symbol from plugin)
__ram2_noinit__                                   C:\Users\acest\AppData\Local\Temp\race_project.elf.1VeUYw.ltrans0.ltrans.o
                                                  ./build/obj/crt1.o (symbol from plugin)
__ram3_clear__                                    C:\Users\acest\AppData\Local\Temp\race_project.elf.1VeUYw.ltrans0.ltrans.o
                                                  ./build/obj/crt1.o (symbol from plugin)
__ram3_init__                                     C:\Users\acest\AppData\Local\Temp\race_project.elf.1VeUYw.ltrans0.ltrans.o
                                                  ./build/obj/crt1.o (symbol from plugin)
__ram3_init_text__                                C:\Users\acest\AppData\Local\Temp\race_project.elf.1VeUYw.ltrans0.ltrans.o
                                                  ./build/obj/crt1.o (symbol from plugin)
__ram3_noinit__                                   C:\Users\acest\AppData\Local\Temp\race_project.elf.1VeUYw.ltrans0.ltrans.o
                                                  ./build/obj/crt1.o (symbol from plugin)
__ram4_clear__                                    C:\Users\acest\AppData\Local\Temp\race_project.elf.1VeUYw.ltrans0.ltrans.o
                                                  ./build/obj/crt1.o (symbol from plugin)
__ram4_init__                                     C:\Users\acest\AppData\Local\Temp\race_project.elf.1VeUYw.ltrans0.ltrans.o
                                                  ./build/obj/crt1.o (symbol from plugin)
__ram4_init_text__                                C:\Users\acest\AppData\Local\Temp\race_project.elf.1VeUYw.ltrans0.ltrans.o
                                                  ./build/obj/crt1.o (symbol from plugin)
__ram4_noinit__                                   C:\Users\acest\AppData\Local\Temp\race_project.elf.1VeUYw.ltrans0.ltrans.o
                                                  ./build/obj/crt1.o (symbol from plugin)
__ram5_clear__                                    C:\Users\acest\AppData\Local\Temp\race_project.elf.1VeUYw.ltrans0.ltrans.o
                                                  ./build/obj/crt1.o (symbol from plugin)
__ram5_init__                                     C:\Users\acest\AppData\Local\Temp\race_project.elf.1VeUYw.ltrans0.ltrans.o
                                                  ./build/obj/crt1.o (symbol from plugin)
__ram5_init_text__                                C:\Users\acest\AppData\Local\Temp\race_project.elf.1VeUYw.ltrans0.ltrans.o
                                                  ./build/obj/crt1.o (symbol from plugin)
__ram5_noinit__                                   C:\Users\acest\AppData\Local\Temp\race_project.elf.1VeUYw.ltrans0.ltrans.o
                                                  ./build/obj/crt1.o (symbol from plugin)
__ram6_clear__                                    C:\Users\acest\AppData\Local\Temp\race_project.elf.1VeUYw.ltrans0.ltrans.o
                                                  ./build/obj/crt1.o (symbol from plugin)
__ram6_init__                                     C:\Users\acest\AppData\Local\Temp\race_project.elf.1VeUYw.ltrans0.ltrans.o
                                                  ./build/obj/crt1.o (symbol from plugin)
__ram6_init_text__                                C:\Users\acest\AppData\Local\Temp\race_project.elf.1VeUYw.ltrans0.ltrans.o
                                                  ./build/obj/crt1.o (symbol from plugin)
__ram6_noinit__                                   C:\Users\acest\AppData\Local\Temp\race_project.elf.1VeUYw.ltrans0.ltrans.o
                                                  ./build/obj/crt1.o (symbol from plugin)
__ram7_clear__                                    C:\Users\acest\AppData\Local\Temp\race_project.elf.1VeUYw.ltrans0.ltrans.o
                                                  ./build/obj/crt1.o (symbol from plugin)
__ram7_init__                                     C:\Users\acest\AppData\Local\Temp\race_project.elf.1VeUYw.ltrans0.ltrans.o
                                                  ./build/obj/crt1.o (symbol from plugin)
__ram7_init_text__                                C:\Users\acest\AppData\Local\Temp\race_project.elf.1VeUYw.ltrans0.ltrans.o
                                                  ./build/obj/crt1.o (symbol from plugin)
__ram7_noinit__                                   C:\Users\acest\AppData\Local\Temp\race_project.elf.1VeUYw.ltrans0.ltrans.o
                                                  ./build/obj/crt1.o (symbol from plugin)
__textdata_base__                                 ./build/obj/crt0_v7m.o
__thd_object_init                                 ./build/obj/chthreads.o (symbol from plugin)
                                                  ./build/obj/chinstances.o (symbol from plugin)
_crt0_entry                                       ./build/obj/crt0_v7m.o
                                                  ./build/obj/vectors.o
_pal_events                                       ./build/obj/hal_pal_lld.o (symbol from plugin)
                                                  ./build/obj/stm32_isr.o (symbol from plugin)
                                                  ./build/obj/hal_pal.o (symbol from plugin)
_pal_lld_disablepadevent                          ./build/obj/hal_pal_lld.o (symbol from plugin)
_pal_lld_enablepadevent                           ./build/obj/hal_pal_lld.o (symbol from plugin)
_pal_lld_init                                     ./build/obj/hal_pal_lld.o (symbol from plugin)
                                                  ./build/obj/hal.o (symbol from plugin)
_pal_lld_setgroupmode                             ./build/obj/hal_pal_lld.o (symbol from plugin)
                                                  ./build/obj/hal_pal.o (symbol from plugin)
_unhandled_exception                              ./build/obj/vectors.o
_vectors                                          ./build/obj/vectors.o
                                                  ./build/obj/crt0_v7m.o
board.c.8adf2400                                  C:\Users\acest\AppData\Local\Temp\ccs7oDmr.debug.temp.o
                                                  C:\Users\acest\AppData\Local\Temp\race_project.elf.1VeUYw.ltrans0.ltrans.o
boardInit                                         ./build/obj/board.o (symbol from plugin)
                                                  ./build/obj/hal.o (symbol from plugin)
bsIncomingDataI                                   ./build/obj/hal_buffered_serial.o (symbol from plugin)
bsRequestDataI                                    ./build/obj/hal_buffered_serial.o (symbol from plugin)
ch0                                               ./build/obj/chsys.o (symbol from plugin)
                                                  ./build/obj/chcore.o (symbol from plugin)
                                                  ./build/obj/chmsg.o (symbol from plugin)
                                                  ./build/obj/chevents.o (symbol from plugin)
                                                  ./build/obj/chcond.o (symbol from plugin)
                                                  ./build/obj/chmtx.o (symbol from plugin)
                                                  ./build/obj/chsem.o (symbol from plugin)
                                                  ./build/obj/chregistry.o (symbol from plugin)
                                                  ./build/obj/chthreads.o (symbol from plugin)
                                                  ./build/obj/chschd.o (symbol from plugin)
                                                  ./build/obj/chvt.o (symbol from plugin)
                                                  ./build/obj/chrfcu.o (symbol from plugin)
chCacheGetObject                                  ./build/obj/chobjcaches.o (symbol from plugin)
chCacheObjectInit                                 ./build/obj/chobjcaches.o (symbol from plugin)
chCacheReadObject                                 ./build/obj/chobjcaches.o (symbol from plugin)
chCacheReleaseObjectI                             ./build/obj/chobjcaches.o (symbol from plugin)
chCacheWriteObject                                ./build/obj/chobjcaches.o (symbol from plugin)
chCondBroadcast                                   ./build/obj/chcond.o (symbol from plugin)
chCondBroadcastI                                  ./build/obj/chcond.o (symbol from plugin)
chCondObjectInit                                  ./build/obj/chcond.o (symbol from plugin)
chCondSignal                                      ./build/obj/chcond.o (symbol from plugin)
chCondSignalI                                     ./build/obj/chcond.o (symbol from plugin)
chCondWait                                        ./build/obj/chcond.o (symbol from plugin)
chCondWaitS                                       ./build/obj/chcond.o (symbol from plugin)
chCondWaitTimeout                                 ./build/obj/chcond.o (symbol from plugin)
chCondWaitTimeoutS                                ./build/obj/chcond.o (symbol from plugin)
chCoreAllocFromBase                               ./build/obj/chmemcore.o (symbol from plugin)
chCoreAllocFromBaseI                              ./build/obj/chmemcore.o (symbol from plugin)
chCoreAllocFromTop                                ./build/obj/chmemcore.o (symbol from plugin)
                                                  ./build/obj/chmemheaps.o (symbol from plugin)
chCoreAllocFromTopI                               ./build/obj/chmemcore.o (symbol from plugin)
                                                  ./build/obj/chfactory.o (symbol from plugin)
chCoreGetStatusX                                  ./build/obj/chmemcore.o (symbol from plugin)
chDelegateCallVeneer                              ./build/obj/chdelegates.o (symbol from plugin)
chDelegateDispatch                                ./build/obj/chdelegates.o (symbol from plugin)
chDelegateDispatchTimeout                         ./build/obj/chdelegates.o (symbol from plugin)
chEvtAddEvents                                    ./build/obj/chevents.o (symbol from plugin)
chEvtBroadcastFlags                               ./build/obj/chevents.o (symbol from plugin)
chEvtBroadcastFlagsI                              ./build/obj/chevents.o (symbol from plugin)
                                                  ./build/obj/hal_buffered_serial.o (symbol from plugin)
chEvtDispatch                                     ./build/obj/chevents.o (symbol from plugin)
chEvtGetAndClearEvents                            ./build/obj/chevents.o (symbol from plugin)
chEvtGetAndClearEventsI                           ./build/obj/chevents.o (symbol from plugin)
chEvtGetAndClearFlags                             ./build/obj/chevents.o (symbol from plugin)
chEvtGetAndClearFlagsI                            ./build/obj/chevents.o (symbol from plugin)
chEvtRegisterMaskWithFlags                        ./build/obj/chevents.o (symbol from plugin)
chEvtRegisterMaskWithFlagsI                       ./build/obj/chevents.o (symbol from plugin)
chEvtSignal                                       ./build/obj/chevents.o (symbol from plugin)
chEvtSignalI                                      ./build/obj/chevents.o (symbol from plugin)
chEvtUnregister                                   ./build/obj/chevents.o (symbol from plugin)
chEvtWaitAll                                      ./build/obj/chevents.o (symbol from plugin)
chEvtWaitAllTimeout                               ./build/obj/chevents.o (symbol from plugin)
chEvtWaitAny                                      ./build/obj/chevents.o (symbol from plugin)
chEvtWaitAnyTimeout                               ./build/obj/chevents.o (symbol from plugin)
chEvtWaitOne                                      ./build/obj/chevents.o (symbol from plugin)
chEvtWaitOneTimeout                               ./build/obj/chevents.o (symbol from plugin)
chFactoryCreateBuffer                             ./build/obj/chfactory.o (symbol from plugin)
chFactoryCreateMailbox                            ./build/obj/chfactory.o (symbol from plugin)
chFactoryCreateObjectsFIFO                        ./build/obj/chfactory.o (symbol from plugin)
chFactoryCreatePipe                               ./build/obj/chfactory.o (symbol from plugin)
chFactoryCreateSemaphore                          ./build/obj/chfactory.o (symbol from plugin)
chFactoryFindBuffer                               ./build/obj/chfactory.o (symbol from plugin)
chFactoryFindMailbox                              ./build/obj/chfactory.o (symbol from plugin)
chFactoryFindObject                               ./build/obj/chfactory.o (symbol from plugin)
chFactoryFindObjectByPointer                      ./build/obj/chfactory.o (symbol from plugin)
chFactoryFindObjectsFIFO                          ./build/obj/chfactory.o (symbol from plugin)
chFactoryFindPipe                                 ./build/obj/chfactory.o (symbol from plugin)
chFactoryFindSemaphore                            ./build/obj/chfactory.o (symbol from plugin)
chFactoryRegisterObject                           ./build/obj/chfactory.o (symbol from plugin)
chFactoryReleaseBuffer                            ./build/obj/chfactory.o (symbol from plugin)
chFactoryReleaseMailbox                           ./build/obj/chfactory.o (symbol from plugin)
chFactoryReleaseObject                            ./build/obj/chfactory.o (symbol from plugin)
chFactoryReleaseObjectsFIFO                       ./build/obj/chfactory.o (symbol from plugin)
chFactoryReleasePipe                              ./build/obj/chfactory.o (symbol from plugin)
chFactoryReleaseSemaphore                         ./build/obj/chfactory.o (symbol from plugin)
chGuardedPoolAllocTimeout                         ./build/obj/chmempools.o (symbol from plugin)
chGuardedPoolAllocTimeoutS                        ./build/obj/chmempools.o (symbol from plugin)
chGuardedPoolFree                                 ./build/obj/chmempools.o (symbol from plugin)
chGuardedPoolLoadArray                            ./build/obj/chmempools.o (symbol from plugin)
                                                  ./build/obj/chfactory.o (symbol from plugin)
chGuardedPoolObjectInitAligned                    ./build/obj/chmempools.o (symbol from plugin)
                                                  ./build/obj/chfactory.o (symbol from plugin)
chHeapAllocAligned                                ./build/obj/chmemheaps.o (symbol from plugin)
                                                  ./build/obj/chfactory.o (symbol from plugin)
                                                  ./build/obj/chdynamic.o (symbol from plugin)
chHeapFree                                        ./build/obj/chmemheaps.o (symbol from plugin)
                                                  ./build/obj/chfactory.o (symbol from plugin)
                                                  ./build/obj/chthreads.o (symbol from plugin)
chHeapObjectInit                                  ./build/obj/chmemheaps.o (symbol from plugin)
chHeapStatus                                      ./build/obj/chmemheaps.o (symbol from plugin)
chInstanceObjectInit                              ./build/obj/chinstances.o (symbol from plugin)
                                                  ./build/obj/chsys.o (symbol from plugin)
chMBFetchI                                        ./build/obj/chmboxes.o (symbol from plugin)
chMBFetchTimeout                                  ./build/obj/chmboxes.o (symbol from plugin)
chMBFetchTimeoutS                                 ./build/obj/chmboxes.o (symbol from plugin)
chMBObjectInit                                    ./build/obj/chmboxes.o (symbol from plugin)
                                                  ./build/obj/chfactory.o (symbol from plugin)
chMBPostAheadI                                    ./build/obj/chmboxes.o (symbol from plugin)
chMBPostAheadTimeout                              ./build/obj/chmboxes.o (symbol from plugin)
chMBPostAheadTimeoutS                             ./build/obj/chmboxes.o (symbol from plugin)
chMBPostI                                         ./build/obj/chmboxes.o (symbol from plugin)
chMBPostTimeout                                   ./build/obj/chmboxes.o (symbol from plugin)
chMBPostTimeoutS                                  ./build/obj/chmboxes.o (symbol from plugin)
chMBReset                                         ./build/obj/chmboxes.o (symbol from plugin)
chMBResetI                                        ./build/obj/chmboxes.o (symbol from plugin)
chMsgPollS                                        ./build/obj/chmsg.o (symbol from plugin)
chMsgRelease                                      ./build/obj/chmsg.o (symbol from plugin)
                                                  ./build/obj/chdelegates.o (symbol from plugin)
chMsgSend                                         ./build/obj/chmsg.o (symbol from plugin)
                                                  ./build/obj/chdelegates.o (symbol from plugin)
chMsgWaitS                                        ./build/obj/chmsg.o (symbol from plugin)
                                                  ./build/obj/chdelegates.o (symbol from plugin)
chMsgWaitTimeoutS                                 ./build/obj/chmsg.o (symbol from plugin)
                                                  ./build/obj/chdelegates.o (symbol from plugin)
chMtxLock                                         ./build/obj/chmtx.o (symbol from plugin)
                                                  ./build/obj/chfactory.o (symbol from plugin)
                                                  ./build/obj/chpipes.o (symbol from plugin)
                                                  ./build/obj/chmemheaps.o (symbol from plugin)
chMtxLockS                                        ./build/obj/chmtx.o (symbol from plugin)
                                                  ./build/obj/chcond.o (symbol from plugin)
chMtxObjectInit                                   ./build/obj/chmtx.o (symbol from plugin)
                                                  ./build/obj/chfactory.o (symbol from plugin)
                                                  ./build/obj/chpipes.o (symbol from plugin)
                                                  ./build/obj/chmemheaps.o (symbol from plugin)
chMtxTryLock                                      ./build/obj/chmtx.o (symbol from plugin)
chMtxTryLockS                                     ./build/obj/chmtx.o (symbol from plugin)
chMtxUnlock                                       ./build/obj/chmtx.o (symbol from plugin)
                                                  ./build/obj/chfactory.o (symbol from plugin)
                                                  ./build/obj/chpipes.o (symbol from plugin)
                                                  ./build/obj/chmemheaps.o (symbol from plugin)
chMtxUnlockAll                                    ./build/obj/chmtx.o (symbol from plugin)
chMtxUnlockAllS                                   ./build/obj/chmtx.o (symbol from plugin)
chMtxUnlockS                                      ./build/obj/chmtx.o (symbol from plugin)
                                                  ./build/obj/chcond.o (symbol from plugin)
chPipeObjectInit                                  ./build/obj/chpipes.o (symbol from plugin)
                                                  ./build/obj/chfactory.o (symbol from plugin)
chPipeReadTimeout                                 ./build/obj/chpipes.o (symbol from plugin)
chPipeReset                                       ./build/obj/chpipes.o (symbol from plugin)
chPipeWriteTimeout                                ./build/obj/chpipes.o (symbol from plugin)
chPoolAlloc                                       ./build/obj/chmempools.o (symbol from plugin)
                                                  ./build/obj/chfactory.o (symbol from plugin)
                                                  ./build/obj/chdynamic.o (symbol from plugin)
chPoolAllocI                                      ./build/obj/chmempools.o (symbol from plugin)
chPoolFree                                        ./build/obj/chmempools.o (symbol from plugin)
                                                  ./build/obj/chfactory.o (symbol from plugin)
                                                  ./build/obj/chthreads.o (symbol from plugin)
chPoolFreeI                                       ./build/obj/chmempools.o (symbol from plugin)
chPoolLoadArray                                   ./build/obj/chmempools.o (symbol from plugin)
chPoolObjectInitAligned                           ./build/obj/chmempools.o (symbol from plugin)
                                                  ./build/obj/chfactory.o (symbol from plugin)
chRFCUCollectFaultsI                              ./build/obj/chrfcu.o (symbol from plugin)
                                                  ./build/obj/chvt.o (symbol from plugin)
chRFCUGetAndClearFaultsI                          ./build/obj/chrfcu.o (symbol from plugin)
chRegFindThreadByName                             ./build/obj/chregistry.o (symbol from plugin)
chRegFindThreadByPointer                          ./build/obj/chregistry.o (symbol from plugin)
chRegFindThreadByWorkingArea                      ./build/obj/chregistry.o (symbol from plugin)
chRegFirstThread                                  ./build/obj/chregistry.o (symbol from plugin)
chRegNextThread                                   ./build/obj/chregistry.o (symbol from plugin)
chSchDoPreemption                                 ./build/obj/chschd.o (symbol from plugin)
chSchDoYieldS                                     ./build/obj/chschd.o (symbol from plugin)
                                                  ./build/obj/chthreads.o (symbol from plugin)
chSchGoSleepS                                     ./build/obj/chschd.o (symbol from plugin)
                                                  ./build/obj/chmsg.o (symbol from plugin)
                                                  ./build/obj/chevents.o (symbol from plugin)
                                                  ./build/obj/chcond.o (symbol from plugin)
                                                  ./build/obj/chmtx.o (symbol from plugin)
                                                  ./build/obj/chsem.o (symbol from plugin)
                                                  ./build/obj/chthreads.o (symbol from plugin)
chSchGoSleepTimeoutS                              ./build/obj/chschd.o (symbol from plugin)
                                                  ./build/obj/chmsg.o (symbol from plugin)
                                                  ./build/obj/chevents.o (symbol from plugin)
                                                  ./build/obj/chcond.o (symbol from plugin)
                                                  ./build/obj/chsem.o (symbol from plugin)
                                                  ./build/obj/chthreads.o (symbol from plugin)
chSchIsPreemptionRequired                         ./build/obj/chschd.o (symbol from plugin)
                                                  ./build/obj/chcore.o (symbol from plugin)
chSchPreemption                                   ./build/obj/chschd.o (symbol from plugin)
chSchReadyI                                       ./build/obj/chschd.o (symbol from plugin)
                                                  ./build/obj/chmsg.o (symbol from plugin)
                                                  ./build/obj/chevents.o (symbol from plugin)
                                                  ./build/obj/chcond.o (symbol from plugin)
                                                  ./build/obj/chmtx.o (symbol from plugin)
                                                  ./build/obj/chsem.o (symbol from plugin)
                                                  ./build/obj/chthreads.o (symbol from plugin)
chSchRescheduleS                                  ./build/obj/chschd.o (symbol from plugin)
                                                  ./build/obj/chpipes.o (symbol from plugin)
                                                  ./build/obj/chmempools.o (symbol from plugin)
                                                  ./build/obj/chmboxes.o (symbol from plugin)
                                                  ./build/obj/chevents.o (symbol from plugin)
                                                  ./build/obj/chcond.o (symbol from plugin)
                                                  ./build/obj/chmtx.o (symbol from plugin)
                                                  ./build/obj/chsem.o (symbol from plugin)
                                                  ./build/obj/chthreads.o (symbol from plugin)
                                                  ./build/obj/chsys.o (symbol from plugin)
chSchSelectFirst                                  ./build/obj/chschd.o (symbol from plugin)
                                                  ./build/obj/chcore.o (symbol from plugin)
chSchWakeupS                                      ./build/obj/chschd.o (symbol from plugin)
                                                  ./build/obj/chdynamic.o (symbol from plugin)
                                                  ./build/obj/chmsg.o (symbol from plugin)
                                                  ./build/obj/chcond.o (symbol from plugin)
                                                  ./build/obj/chsem.o (symbol from plugin)
                                                  ./build/obj/chthreads.o (symbol from plugin)
chSemAddCounterI                                  ./build/obj/chsem.o (symbol from plugin)
chSemObjectInit                                   ./build/obj/chsem.o (symbol from plugin)
                                                  ./build/obj/chfactory.o (symbol from plugin)
                                                  ./build/obj/chobjcaches.o (symbol from plugin)
                                                  ./build/obj/chmempools.o (symbol from plugin)
chSemResetWithMessage                             ./build/obj/chsem.o (symbol from plugin)
chSemResetWithMessageI                            ./build/obj/chsem.o (symbol from plugin)
chSemSignal                                       ./build/obj/chsem.o (symbol from plugin)
chSemSignalI                                      ./build/obj/chsem.o (symbol from plugin)
                                                  ./build/obj/chobjcaches.o (symbol from plugin)
                                                  ./build/obj/chmempools.o (symbol from plugin)
chSemSignalWait                                   ./build/obj/chsem.o (symbol from plugin)
chSemWait                                         ./build/obj/chsem.o (symbol from plugin)
chSemWaitS                                        ./build/obj/chsem.o (symbol from plugin)
                                                  ./build/obj/chobjcaches.o (symbol from plugin)
chSemWaitTimeout                                  ./build/obj/chsem.o (symbol from plugin)
chSemWaitTimeoutS                                 ./build/obj/chsem.o (symbol from plugin)
                                                  ./build/obj/chmempools.o (symbol from plugin)
chSysGetIdleThreadX                               ./build/obj/chsys.o (symbol from plugin)
chSysGetStatusAndLockX                            ./build/obj/chsys.o (symbol from plugin)
chSysHalt                                         ./build/obj/chsys.o (symbol from plugin)
                                                  ./build/obj/hal_lld.o (symbol from plugin)
chSysInit                                         ./build/obj/chsys.o (symbol from plugin)
                                                  ./build/obj/main.o (symbol from plugin)